Name:        ml-object-detection
Environment: pytorch
Status:      succeeded
Build Logs:
Looking in indexes: https://pypi.org/simple, https://download.pytorch.org/whl/cpu
Collecting torch (from -r /packages/ml-object-detection-hvmvjp/requirements-torch.txt (line 3))
  Using cached https://download.pytorch.org/whl/cpu/torch-2.9.1%2Bcpu-cp311-cp311-manylinux_2_28_x86_64.whl.metadata (29 kB)
Collecting torchvision (from -r /packages/ml-object-detection-hvmvjp/requirements-torch.txt (line 4))
  Using cached https://download.pytorch.org/whl/cpu/torchvision-0.24.1%2Bcpu-cp311-cp311-manylinux_2_28_x86_64.whl.metadata (5.9 kB)
Collecting torchaudio (from -r /packages/ml-object-detection-hvmvjp/requirements-torch.txt (line 5))
  Using cached https://download.pytorch.org/whl/cpu/torchaudio-2.9.1%2Bcpu-cp311-cp311-manylinux_2_28_x86_64.whl.metadata (6.9 kB)
Collecting filelock (from torch->-r /packages/ml-object-detection-hvmvjp/requirements-torch.txt (line 3))
  Using cached filelock-3.20.1-py3-none-any.whl.metadata (2.1 kB)
Collecting typing-extensions>=4.10.0 (from torch->-r /packages/ml-object-detection-hvmvjp/requirements-torch.txt (line 3))
  Using cached https://download.pytorch.org/whl/typing_extensions-4.15.0-py3-none-any.whl.metadata (3.3 kB)
Collecting sympy>=1.13.3 (from torch->-r /packages/ml-object-detection-hvmvjp/requirements-torch.txt (line 3))
  Using cached sympy-1.14.0-py3-none-any.whl.metadata (12 kB)
Collecting networkx>=2.5.1 (from torch->-r /packages/ml-object-detection-hvmvjp/requirements-torch.txt (line 3))
  Using cached networkx-3.6.1-py3-none-any.whl.metadata (6.8 kB)
Collecting jinja2 (from torch->-r /packages/ml-object-detection-hvmvjp/requirements-torch.txt (line 3))
  Using cached https://download.pytorch.org/whl/jinja2-3.1.6-py3-none-any.whl.metadata (2.9 kB)
Collecting fsspec>=0.8.5 (from torch->-r /packages/ml-object-detection-hvmvjp/requirements-torch.txt (line 3))
  Using cached fsspec-2025.12.0-py3-none-any.whl.metadata (10 kB)
Collecting numpy (from torchvision->-r /packages/ml-object-detection-hvmvjp/requirements-torch.txt (line 4))
  Using cached numpy-2.3.5-cp311-cp311-manylinux_2_27_x86_64.manylinux_2_28_x86_64.whl.metadata (62 kB)
Collecting pillow!=8.3.*,>=5.3.0 (from torchvision->-r /packages/ml-object-detection-hvmvjp/requirements-torch.txt (line 4))
  Using cached pillow-12.0.0-cp311-cp311-manylinux_2_27_x86_64.manylinux_2_28_x86_64.whl.metadata (8.8 kB)
Collecting mpmath<1.4,>=1.1.0 (from sympy>=1.13.3->torch->-r /packages/ml-object-detection-hvmvjp/requirements-torch.txt (line 3))
  Using cached mpmath-1.3.0-py3-none-any.whl.metadata (8.6 kB)
Collecting MarkupSafe>=2.0 (from jinja2->torch->-r /packages/ml-object-detection-hvmvjp/requirements-torch.txt (line 3))
  Using cached markupsafe-3.0.3-cp311-cp311-manylinux2014_x86_64.manylinux_2_17_x86_64.manylinux_2_28_x86_64.whl.metadata (2.7 kB)
Using cached https://download.pytorch.org/whl/cpu/torch-2.9.1%2Bcpu-cp311-cp311-manylinux_2_28_x86_64.whl (184.5 MB)
Using cached https://download.pytorch.org/whl/cpu/torchvision-0.24.1%2Bcpu-cp311-cp311-manylinux_2_28_x86_64.whl (1.9 MB)
Using cached https://download.pytorch.org/whl/cpu/torchaudio-2.9.1%2Bcpu-cp311-cp311-manylinux_2_28_x86_64.whl (494 kB)
Using cached fsspec-2025.12.0-py3-none-any.whl (201 kB)
Using cached networkx-3.6.1-py3-none-any.whl (2.1 MB)
Using cached pillow-12.0.0-cp311-cp311-manylinux_2_27_x86_64.manylinux_2_28_x86_64.whl (7.0 MB)
Using cached sympy-1.14.0-py3-none-any.whl (6.3 MB)
Using cached https://download.pytorch.org/whl/typing_extensions-4.15.0-py3-none-any.whl (44 kB)
Using cached filelock-3.20.1-py3-none-any.whl (16 kB)
Using cached https://download.pytorch.org/whl/jinja2-3.1.6-py3-none-any.whl (134 kB)
Using cached numpy-2.3.5-cp311-cp311-manylinux_2_27_x86_64.manylinux_2_28_x86_64.whl (16.9 MB)
Using cached markupsafe-3.0.3-cp311-cp311-manylinux2014_x86_64.manylinux_2_17_x86_64.manylinux_2_28_x86_64.whl (22 kB)
Using cached mpmath-1.3.0-py3-none-any.whl (536 kB)
Installing collected packages: mpmath, typing-extensions, sympy, pillow, numpy, networkx, MarkupSafe, fsspec, filelock, jinja2, torch, torchvision, torchaudio
Successfully installed MarkupSafe-3.0.3 filelock-3.20.1 fsspec-2025.12.0 jinja2-3.1.6 mpmath-1.3.0 networkx-3.6.1 numpy-2.3.5 pillow-12.0.0 sympy-1.14.0 torch-2.9.1+cpu torchaudio-2.9.1+cpu torchvision-0.24.1+cpu typing-extensions-4.15.0
Collecting gevent (from -r /packages/ml-object-detection-hvmvjp/requirements-base.txt (line 2))
  Using cached gevent-25.9.1-cp311-cp311-manylinux2014_x86_64.manylinux_2_17_x86_64.whl.metadata (14 kB)
Collecting flask (from -r /packages/ml-object-detection-hvmvjp/requirements-base.txt (line 3))
  Using cached flask-3.1.2-py3-none-any.whl.metadata (3.2 kB)
Collecting scikit-learn (from -r /packages/ml-object-detection-hvmvjp/requirements-base.txt (line 4))
  Using cached scikit_learn-1.8.0-cp311-cp311-manylinux_2_27_x86_64.manylinux_2_28_x86_64.whl.metadata (11 kB)
Collecting scipy (from -r /packages/ml-object-detection-hvmvjp/requirements-base.txt (line 5))
  Using cached scipy-1.16.3-cp311-cp311-manylinux2014_x86_64.manylinux_2_17_x86_64.whl.metadata (62 kB)
Collecting Pillow (from -r /packages/ml-object-detection-hvmvjp/requirements-base.txt (line 6))
  Using cached pillow-12.0.0-cp311-cp311-manylinux_2_27_x86_64.manylinux_2_28_x86_64.whl.metadata (8.8 kB)
Collecting cloudant (from -r /packages/ml-object-detection-hvmvjp/requirements-base.txt (line 7))
  Using cached cloudant-2.15.0-py3-none-any.whl.metadata (5.8 kB)
Collecting minio (from -r /packages/ml-object-detection-hvmvjp/requirements-base.txt (line 8))
  Using cached minio-7.2.20-py3-none-any.whl.metadata (6.5 kB)
Collecting gunicorn (from -r /packages/ml-object-detection-hvmvjp/requirements-base.txt (line 9))
  Using cached gunicorn-23.0.0-py3-none-any.whl.metadata (4.4 kB)
Collecting numpy (from -r /packages/ml-object-detection-hvmvjp/requirements-base.txt (line 12))
  Using cached numpy-2.3.5-cp311-cp311-manylinux_2_27_x86_64.manylinux_2_28_x86_64.whl.metadata (62 kB)
Collecting opencv-python-headless (from -r /packages/ml-object-detection-hvmvjp/requirements-base.txt (line 13))
  Using cached opencv_python_headless-4.12.0.88-cp37-abi3-manylinux2014_x86_64.manylinux_2_17_x86_64.whl.metadata (19 kB)
Collecting PyYAML (from -r /packages/ml-object-detection-hvmvjp/requirements-base.txt (line 14))
  Using cached pyyaml-6.0.3-cp311-cp311-manylinux2014_x86_64.manylinux_2_17_x86_64.manylinux_2_28_x86_64.whl.metadata (2.4 kB)
Collecting requests (from -r /packages/ml-object-detection-hvmvjp/requirements-base.txt (line 15))
  Using cached requests-2.32.5-py3-none-any.whl.metadata (4.9 kB)
Collecting matplotlib (from -r /packages/ml-object-detection-hvmvjp/requirements-base.txt (line 16))
  Using cached matplotlib-3.10.8-cp311-cp311-manylinux2014_x86_64.manylinux_2_17_x86_64.whl.metadata (52 kB)
Collecting pandas (from -r /packages/ml-object-detection-hvmvjp/requirements-base.txt (line 17))
  Using cached pandas-2.3.3-cp311-cp311-manylinux_2_24_x86_64.manylinux_2_28_x86_64.whl.metadata (91 kB)
Collecting tqdm (from -r /packages/ml-object-detection-hvmvjp/requirements-base.txt (line 18))
  Using cached tqdm-4.67.1-py3-none-any.whl.metadata (57 kB)
Collecting psutil (from -r /packages/ml-object-detection-hvmvjp/requirements-base.txt (line 19))
  Using cached psutil-7.1.3-cp36-abi3-manylinux2010_x86_64.manylinux_2_12_x86_64.manylinux_2_28_x86_64.whl.metadata (23 kB)
Collecting greenlet>=3.2.2 (from gevent->-r /packages/ml-object-detection-hvmvjp/requirements-base.txt (line 2))
  Using cached greenlet-3.3.0-cp311-cp311-manylinux_2_24_x86_64.manylinux_2_28_x86_64.whl.metadata (4.1 kB)
Collecting zope.event (from gevent->-r /packages/ml-object-detection-hvmvjp/requirements-base.txt (line 2))
  Using cached zope_event-6.1-py3-none-any.whl.metadata (5.1 kB)
Collecting zope.interface (from gevent->-r /packages/ml-object-detection-hvmvjp/requirements-base.txt (line 2))
  Using cached zope_interface-8.1.1-cp311-cp311-manylinux1_x86_64.manylinux2014_x86_64.manylinux_2_17_x86_64.manylinux_2_5_x86_64.whl.metadata (45 kB)
Collecting blinker>=1.9.0 (from flask->-r /packages/ml-object-detection-hvmvjp/requirements-base.txt (line 3))
  Using cached blinker-1.9.0-py3-none-any.whl.metadata (1.6 kB)
Collecting click>=8.1.3 (from flask->-r /packages/ml-object-detection-hvmvjp/requirements-base.txt (line 3))
  Using cached click-8.3.1-py3-none-any.whl.metadata (2.6 kB)
Collecting itsdangerous>=2.2.0 (from flask->-r /packages/ml-object-detection-hvmvjp/requirements-base.txt (line 3))
  Using cached itsdangerous-2.2.0-py3-none-any.whl.metadata (1.9 kB)
Collecting jinja2>=3.1.2 (from flask->-r /packages/ml-object-detection-hvmvjp/requirements-base.txt (line 3))
  Using cached jinja2-3.1.6-py3-none-any.whl.metadata (2.9 kB)
Collecting markupsafe>=2.1.1 (from flask->-r /packages/ml-object-detection-hvmvjp/requirements-base.txt (line 3))
  Using cached markupsafe-3.0.3-cp311-cp311-manylinux2014_x86_64.manylinux_2_17_x86_64.manylinux_2_28_x86_64.whl.metadata (2.7 kB)
Collecting werkzeug>=3.1.0 (from flask->-r /packages/ml-object-detection-hvmvjp/requirements-base.txt (line 3))
  Using cached werkzeug-3.1.4-py3-none-any.whl.metadata (4.0 kB)
Collecting joblib>=1.3.0 (from scikit-learn->-r /packages/ml-object-detection-hvmvjp/requirements-base.txt (line 4))
  Using cached joblib-1.5.3-py3-none-any.whl.metadata (5.5 kB)
Collecting threadpoolctl>=3.2.0 (from scikit-learn->-r /packages/ml-object-detection-hvmvjp/requirements-base.txt (line 4))
  Using cached threadpoolctl-3.6.0-py3-none-any.whl.metadata (13 kB)
Collecting argon2-cffi (from minio->-r /packages/ml-object-detection-hvmvjp/requirements-base.txt (line 8))
  Using cached argon2_cffi-25.1.0-py3-none-any.whl.metadata (4.1 kB)
Collecting certifi (from minio->-r /packages/ml-object-detection-hvmvjp/requirements-base.txt (line 8))
  Using cached certifi-2025.11.12-py3-none-any.whl.metadata (2.5 kB)
Collecting pycryptodome (from minio->-r /packages/ml-object-detection-hvmvjp/requirements-base.txt (line 8))
  Using cached pycryptodome-3.23.0-cp37-abi3-manylinux_2_17_x86_64.manylinux2014_x86_64.whl.metadata (3.4 kB)
Collecting typing-extensions (from minio->-r /packages/ml-object-detection-hvmvjp/requirements-base.txt (line 8))
  Using cached typing_extensions-4.15.0-py3-none-any.whl.metadata (3.3 kB)
Collecting urllib3 (from minio->-r /packages/ml-object-detection-hvmvjp/requirements-base.txt (line 8))
  Using cached urllib3-2.6.2-py3-none-any.whl.metadata (6.6 kB)
Collecting packaging (from gunicorn->-r /packages/ml-object-detection-hvmvjp/requirements-base.txt (line 9))
  Using cached packaging-25.0-py3-none-any.whl.metadata (3.3 kB)
Collecting numpy (from -r /packages/ml-object-detection-hvmvjp/requirements-base.txt (line 12))
  Using cached numpy-2.2.6-cp311-cp311-manylinux_2_17_x86_64.manylinux2014_x86_64.whl.metadata (62 kB)
Collecting charset_normalizer<4,>=2 (from requests->-r /packages/ml-object-detection-hvmvjp/requirements-base.txt (line 15))
  Using cached charset_normalizer-3.4.4-cp311-cp311-manylinux2014_x86_64.manylinux_2_17_x86_64.manylinux_2_28_x86_64.whl.metadata (37 kB)
Collecting idna<4,>=2.5 (from requests->-r /packages/ml-object-detection-hvmvjp/requirements-base.txt (line 15))
  Using cached idna-3.11-py3-none-any.whl.metadata (8.4 kB)
Collecting contourpy>=1.0.1 (from matplotlib->-r /packages/ml-object-detection-hvmvjp/requirements-base.txt (line 16))
  Using cached contourpy-1.3.3-cp311-cp311-manylinux_2_27_x86_64.manylinux_2_28_x86_64.whl.metadata (5.5 kB)
Collecting cycler>=0.10 (from matplotlib->-r /packages/ml-object-detection-hvmvjp/requirements-base.txt (line 16))
  Using cached cycler-0.12.1-py3-none-any.whl.metadata (3.8 kB)
Collecting fonttools>=4.22.0 (from matplotlib->-r /packages/ml-object-detection-hvmvjp/requirements-base.txt (line 16))
  Using cached fonttools-4.61.1-cp311-cp311-manylinux2014_x86_64.manylinux_2_17_x86_64.whl.metadata (114 kB)
Collecting kiwisolver>=1.3.1 (from matplotlib->-r /packages/ml-object-detection-hvmvjp/requirements-base.txt (line 16))
  Using cached kiwisolver-1.4.9-cp311-cp311-manylinux2014_x86_64.manylinux_2_17_x86_64.whl.metadata (6.3 kB)
Collecting pyparsing>=3 (from matplotlib->-r /packages/ml-object-detection-hvmvjp/requirements-base.txt (line 16))
  Using cached pyparsing-3.2.5-py3-none-any.whl.metadata (5.0 kB)
Collecting python-dateutil>=2.7 (from matplotlib->-r /packages/ml-object-detection-hvmvjp/requirements-base.txt (line 16))
  Using cached python_dateutil-2.9.0.post0-py2.py3-none-any.whl.metadata (8.4 kB)
Collecting pytz>=2020.1 (from pandas->-r /packages/ml-object-detection-hvmvjp/requirements-base.txt (line 17))
  Using cached pytz-2025.2-py2.py3-none-any.whl.metadata (22 kB)
Collecting tzdata>=2022.7 (from pandas->-r /packages/ml-object-detection-hvmvjp/requirements-base.txt (line 17))
  Using cached tzdata-2025.3-py2.py3-none-any.whl.metadata (1.4 kB)
Collecting six>=1.5 (from python-dateutil>=2.7->matplotlib->-r /packages/ml-object-detection-hvmvjp/requirements-base.txt (line 16))
  Using cached six-1.17.0-py2.py3-none-any.whl.metadata (1.7 kB)
Collecting argon2-cffi-bindings (from argon2-cffi->minio->-r /packages/ml-object-detection-hvmvjp/requirements-base.txt (line 8))
  Using cached argon2_cffi_bindings-25.1.0-cp39-abi3-manylinux_2_26_x86_64.manylinux_2_28_x86_64.whl.metadata (7.4 kB)
Collecting cffi>=1.0.1 (from argon2-cffi-bindings->argon2-cffi->minio->-r /packages/ml-object-detection-hvmvjp/requirements-base.txt (line 8))
  Using cached cffi-2.0.0-cp311-cp311-manylinux2014_x86_64.manylinux_2_17_x86_64.whl.metadata (2.6 kB)
Collecting pycparser (from cffi>=1.0.1->argon2-cffi-bindings->argon2-cffi->minio->-r /packages/ml-object-detection-hvmvjp/requirements-base.txt (line 8))
  Using cached pycparser-2.23-py3-none-any.whl.metadata (993 bytes)
Using cached gevent-25.9.1-cp311-cp311-manylinux2014_x86_64.manylinux_2_17_x86_64.whl (2.1 MB)
Using cached flask-3.1.2-py3-none-any.whl (103 kB)
Using cached scikit_learn-1.8.0-cp311-cp311-manylinux_2_27_x86_64.manylinux_2_28_x86_64.whl (9.1 MB)
Using cached scipy-1.16.3-cp311-cp311-manylinux2014_x86_64.manylinux_2_17_x86_64.whl (35.9 MB)
Using cached pillow-12.0.0-cp311-cp311-manylinux_2_27_x86_64.manylinux_2_28_x86_64.whl (7.0 MB)
Using cached cloudant-2.15.0-py3-none-any.whl (80 kB)
Using cached minio-7.2.20-py3-none-any.whl (93 kB)
Using cached gunicorn-23.0.0-py3-none-any.whl (85 kB)
Using cached opencv_python_headless-4.12.0.88-cp37-abi3-manylinux2014_x86_64.manylinux_2_17_x86_64.whl (54.0 MB)
Using cached numpy-2.2.6-cp311-cp311-manylinux_2_17_x86_64.manylinux2014_x86_64.whl (16.8 MB)
Using cached pyyaml-6.0.3-cp311-cp311-manylinux2014_x86_64.manylinux_2_17_x86_64.manylinux_2_28_x86_64.whl (806 kB)
Using cached requests-2.32.5-py3-none-any.whl (64 kB)
Using cached matplotlib-3.10.8-cp311-cp311-manylinux2014_x86_64.manylinux_2_17_x86_64.whl (8.7 MB)
Using cached pandas-2.3.3-cp311-cp311-manylinux_2_24_x86_64.manylinux_2_28_x86_64.whl (12.8 MB)
Using cached tqdm-4.67.1-py3-none-any.whl (78 kB)
Using cached psutil-7.1.3-cp36-abi3-manylinux2010_x86_64.manylinux_2_12_x86_64.manylinux_2_28_x86_64.whl (263 kB)
Using cached blinker-1.9.0-py3-none-any.whl (8.5 kB)
Using cached certifi-2025.11.12-py3-none-any.whl (159 kB)
Using cached charset_normalizer-3.4.4-cp311-cp311-manylinux2014_x86_64.manylinux_2_17_x86_64.manylinux_2_28_x86_64.whl (151 kB)
Using cached click-8.3.1-py3-none-any.whl (108 kB)
Using cached contourpy-1.3.3-cp311-cp311-manylinux_2_27_x86_64.manylinux_2_28_x86_64.whl (355 kB)
Using cached cycler-0.12.1-py3-none-any.whl (8.3 kB)
Using cached fonttools-4.61.1-cp311-cp311-manylinux2014_x86_64.manylinux_2_17_x86_64.whl (5.0 MB)
Using cached greenlet-3.3.0-cp311-cp311-manylinux_2_24_x86_64.manylinux_2_28_x86_64.whl (590 kB)
Using cached idna-3.11-py3-none-any.whl (71 kB)
Using cached itsdangerous-2.2.0-py3-none-any.whl (16 kB)
Using cached jinja2-3.1.6-py3-none-any.whl (134 kB)
Using cached joblib-1.5.3-py3-none-any.whl (309 kB)
Using cached kiwisolver-1.4.9-cp311-cp311-manylinux2014_x86_64.manylinux_2_17_x86_64.whl (1.4 MB)
Using cached markupsafe-3.0.3-cp311-cp311-manylinux2014_x86_64.manylinux_2_17_x86_64.manylinux_2_28_x86_64.whl (22 kB)
Using cached packaging-25.0-py3-none-any.whl (66 kB)
Using cached pyparsing-3.2.5-py3-none-any.whl (113 kB)
Using cached python_dateutil-2.9.0.post0-py2.py3-none-any.whl (229 kB)
Using cached pytz-2025.2-py2.py3-none-any.whl (509 kB)
Using cached threadpoolctl-3.6.0-py3-none-any.whl (18 kB)
Using cached tzdata-2025.3-py2.py3-none-any.whl (348 kB)
Using cached urllib3-2.6.2-py3-none-any.whl (131 kB)
Using cached werkzeug-3.1.4-py3-none-any.whl (224 kB)
Using cached argon2_cffi-25.1.0-py3-none-any.whl (14 kB)
Using cached pycryptodome-3.23.0-cp37-abi3-manylinux_2_17_x86_64.manylinux2014_x86_64.whl (2.3 MB)
Using cached typing_extensions-4.15.0-py3-none-any.whl (44 kB)
Using cached zope_event-6.1-py3-none-any.whl (6.4 kB)
Using cached zope_interface-8.1.1-cp311-cp311-manylinux1_x86_64.manylinux2014_x86_64.manylinux_2_17_x86_64.manylinux_2_5_x86_64.whl (259 kB)
Using cached six-1.17.0-py2.py3-none-any.whl (11 kB)
Using cached argon2_cffi_bindings-25.1.0-cp39-abi3-manylinux_2_26_x86_64.manylinux_2_28_x86_64.whl (87 kB)
Using cached cffi-2.0.0-cp311-cp311-manylinux2014_x86_64.manylinux_2_17_x86_64.whl (215 kB)
Using cached pycparser-2.23-py3-none-any.whl (118 kB)
Installing collected packages: pytz, zope.interface, zope.event, urllib3, tzdata, typing-extensions, tqdm, threadpoolctl, six, PyYAML, pyparsing, pycryptodome, pycparser, psutil, Pillow, packaging, numpy, markupsafe, kiwisolver, joblib, itsdangerous, idna, greenlet, fonttools, cycler, click, charset_normalizer, certifi, blinker, werkzeug, scipy, requests, python-dateutil, opencv-python-headless, jinja2, gunicorn, gevent, contourpy, cffi, scikit-learn, pandas, matplotlib, flask, cloudant, argon2-cffi-bindings, argon2-cffi, minio
Successfully installed Pillow-12.0.0 PyYAML-6.0.3 argon2-cffi-25.1.0 argon2-cffi-bindings-25.1.0 blinker-1.9.0 certifi-2025.11.12 cffi-2.0.0 charset_normalizer-3.4.4 click-8.3.1 cloudant-2.15.0 contourpy-1.3.3 cycler-0.12.1 flask-3.1.2 fonttools-4.61.1 gevent-25.9.1 greenlet-3.3.0 gunicorn-23.0.0 idna-3.11 itsdangerous-2.2.0 jinja2-3.1.6 joblib-1.5.3 kiwisolver-1.4.9 markupsafe-3.0.3 matplotlib-3.10.8 minio-7.2.20 numpy-2.2.6 opencv-python-headless-4.12.0.88 packaging-25.0 pandas-2.3.3 psutil-7.1.3 pycparser-2.23 pycryptodome-3.23.0 pyparsing-3.2.5 python-dateutil-2.9.0.post0 pytz-2025.2 requests-2.32.5 scikit-learn-1.8.0 scipy-1.16.3 six-1.17.0 threadpoolctl-3.6.0 tqdm-4.67.1 typing-extensions-4.15.0 tzdata-2025.3 urllib3-2.6.2 werkzeug-3.1.4 zope.event-6.1 zope.interface-8.1.1
Collecting ultralytics
  Using cached ultralytics-8.3.239-py3-none-any.whl.metadata (37 kB)
Using cached ultralytics-8.3.239-py3-none-any.whl (1.1 MB)
Installing collected packages: ultralytics
Successfully installed ultralytics-8.3.239
WARNING: Running pip as the 'root' user can result in broken permissions and conflicting behaviour with the system package manager. It is recommended to use a virtual environment instead: https://pip.pypa.io/warnings/venv

[notice] A new release of pip is available: 24.0 -> 25.3
[notice] To update, run: pip install --upgrade pip
WARNING: Target directory /packages/ml-object-detection-hvmvjp/typing_extensions-4.15.0.dist-info already exists. Specify --upgrade to force replacement.
WARNING: Target directory /packages/ml-object-detection-hvmvjp/jinja2-3.1.6.dist-info already exists. Specify --upgrade to force replacement.
WARNING: Target directory /packages/ml-object-detection-hvmvjp/numpy.libs already exists. Specify --upgrade to force replacement.
WARNING: Target directory /packages/ml-object-detection-hvmvjp/__pycache__ already exists. Specify --upgrade to force replacement.
WARNING: Target directory /packages/ml-object-detection-hvmvjp/numpy already exists. Specify --upgrade to force replacement.
WARNING: Target directory /packages/ml-object-detection-hvmvjp/pillow-12.0.0.dist-info already exists. Specify --upgrade to force replacement.
WARNING: Target directory /packages/ml-object-detection-hvmvjp/markupsafe-3.0.3.dist-info already exists. Specify --upgrade to force replacement.
WARNING: Target directory /packages/ml-object-detection-hvmvjp/pillow.libs already exists. Specify --upgrade to force replacement.
WARNING: Target directory /packages/ml-object-detection-hvmvjp/jinja2 already exists. Specify --upgrade to force replacement.
WARNING: Target directory /packages/ml-object-detection-hvmvjp/markupsafe already exists. Specify --upgrade to force replacement.
WARNING: Target directory /packages/ml-object-detection-hvmvjp/typing_extensions.py already exists. Specify --upgrade to force replacement.
WARNING: Target directory /packages/ml-object-detection-hvmvjp/PIL already exists. Specify --upgrade to force replacement.
WARNING: Target directory /packages/ml-object-detection-hvmvjp/bin already exists. Specify --upgrade to force replacement.
WARNING: Target directory /packages/ml-object-detection-hvmvjp/share already exists. Specify --upgrade to force replacement.
WARNING: Running pip as the 'root' user can result in broken permissions and conflicting behaviour with the system package manager. It is recommended to use a virtual environment instead: https://pip.pypa.io/warnings/venv

[notice] A new release of pip is available: 24.0 -> 25.3
[notice] To update, run: pip install --upgrade pip
WARNING: Target directory /packages/ml-object-detection-hvmvjp/bin already exists. Specify --upgrade to force replacement.
WARNING: Running pip as the 'root' user can result in broken permissions and conflicting behaviour with the system package manager. It is recommended to use a virtual environment instead: https://pip.pypa.io/warnings/venv

[notice] A new release of pip is available: 24.0 -> 25.3
[notice] To update, run: pip install --upgrade pip
