Run 4
========================================
Default
drwxrwxr-x 2 cc cc   4096 Jan  8 03:14 __pycache__
-rw-rw-r-- 1 cc cc  21743 Jan  8 00:11 bayesian_optimization.py
drwxrwxr-x 2 cc cc   4096 Jan  5 15:43 bo_outputs_copy
-rw-rw-r-- 1 cc cc  22474 Jan  8 02:32 bo_utils.py
-rw-rw-r-- 1 cc cc  12286 Jan  5 01:06 check_result.py
-rw-rw-r-- 1 cc cc   7349 Jan  5 15:31 compute_stat.py
-rw-rw-r-- 1 cc cc   6640 Jan  5 15:43 compute_trade_off.py
-rw-rw-r-- 1 cc cc   1438 Jan  5 14:32 config.py
-rw-rw-r-- 1 cc cc   4370 Jan  8 00:11 manager.py
-rw-rw-r-- 1 cc cc   9045 Dec 16 05:41 original-bayesian_optimization.py
-rw-rw-r-- 1 cc cc  11668 Jan  5 15:23 original_bo_results_price_20260105_051239 copy.json
-rw-rw-r-- 1 cc cc   2423 Jan  3 19:23 pods_mapping.py
-rw-rw-r-- 1 cc cc  21769 Jan  7 06:31 power_service.py
-rw-rw-r-- 1 cc cc   1736 Jan  7 00:16 temp.py

IS_ENERGY: False
[info] batch_size: 3, initial_points: 10, n_batch: 10
No checkpoint found, starting fresh BO run.
Updating function ml-image-processing to cpu: 624m, memory: 67Mi
Updating Deployment resource configuration...

Updating function ml-object-detection to cpu: 4306m, memory: 417Mi
Updating Deployment resource configuration...

[info] Original replicas=24, selector='environmentName=ml-image-processing,environmentNamespace=default,environmentUid=2449fff4-7632-422c-aa00-519fcb194e26,executorType=newdeploy,functionName=ml-image-processing,functionNamespace=default,functionUid=58487e4a-0036-4ccd-8b22-c7f0f2d6d72b'
[info] Original replicas=73, selector='environmentName=yolo,environmentNamespace=default,environmentUid=ced8af41-455b-4081-99aa-1700c0092126,executorType=newdeploy,functionName=ml-object-detection,functionNamespace=default,functionUid=182005a6-ad76-40e9-9ecd-2fb10570ca05'
[ok] Patched Deployment resources
[ok] Patched Deployment resources
[ok] Verified Deployment template resources: requests={'cpu': '300m', 'memory': '50Mi'} limits={'cpu': '624m', 'memory': '67Mi'}
[info] Scaling deployment to 0 replicas to force full pod replacement
[ok] Verified Deployment template resources: requests={'cpu': '1500m', 'memory': '400Mi'} limits={'cpu': '4306m', 'memory': '417Mi'}
[info] Scaling deployment to 0 replicas to force full pod replacement
[ok] All pods terminated (replicas=0)
[info] Scaling deployment back to 24 replicas
[ok] All pods terminated (replicas=0)
[info] Scaling deployment back to 73 replicas
[ok] Deleted HPA newdeploy-ml-object-detection-default-9ecd-2fb10570ca05
[ok] Rollout completed after scale-to-zero
[verify] newest RS=newdeploy-ml-image-processing-default-8b22-c7f0f2d6d72b-c696b647d pods=24 ready=24
[ok] Verified newest ReplicaSet template resources match expected
[ok] Rollout completed after scale-to-zero
[verify] newest RS=newdeploy-ml-object-detection-default-9ecd-2fb10570ca05-599948fdd pods=73 ready=73
[ok] Verified newest ReplicaSet template resources match expected
[info] Started Locust with PID 918306
[info] attempt=1: start sleep for 20s
[info] attempt=1: sleep done
\Start sampling in parallel...
Workflow e2e p99 latency (62 completed in 19.0s, parallel, 8 workers): 9.000s
Average stage latencies:
  - ml-image-processing: 0.129s
  - ml-object-detection: 0.253s
[info] total_requests: 1410
[info] e2e_latency (p99): 3.700 s
[info] energy_j: 8937.273579 J
[info] served_rps: 67.20 req/s
[info]: start_time: 1767854337.231, end_time: 1767854356.231, duration_s: 19.00 s
[info] energy_cost: 6.338492 J/request
[info] average power: 470.382820 W
[info] Locust stopped
================================================================================
objective      : price
resource_config: [{'cpu_m': 624, 'memory_mi': 67}, {'cpu_m': 4306, 'memory_mi': 417}], latencies: {'ml-image-processing': 0.12919390608824916, 'ml-object-detection': 0.2528883090511091}, price_cost: 203.736410, energy_cost: 6.338492, latency_p99 : 3.700000, feasible: False, total_requests: 1410, served_rps: 67.20, total_energy_j: 8937.273579 J, profiling_duration_s: 19.000000s, average_power: 470.382820 W
wall_time_s    : 97.945
================================================================================

Updating function ml-image-processing to cpu: 503m, memory: 63Mi
Updating Deployment resource configuration...

Updating function ml-object-detection to cpu: 5577m, memory: 481Mi
Updating Deployment resource configuration...

[info] Original replicas=24, selector='environmentName=ml-image-processing,environmentNamespace=default,environmentUid=2449fff4-7632-422c-aa00-519fcb194e26,executorType=newdeploy,functionName=ml-image-processing,functionNamespace=default,functionUid=58487e4a-0036-4ccd-8b22-c7f0f2d6d72b'
[info] Original replicas=73, selector='environmentName=yolo,environmentNamespace=default,environmentUid=ced8af41-455b-4081-99aa-1700c0092126,executorType=newdeploy,functionName=ml-object-detection,functionNamespace=default,functionUid=182005a6-ad76-40e9-9ecd-2fb10570ca05'
[ok] Patched Deployment resources
[ok] Patched Deployment resources
[ok] Verified Deployment template resources: requests={'cpu': '1500m', 'memory': '400Mi'} limits={'cpu': '5577m', 'memory': '481Mi'}
[info] Scaling deployment to 0 replicas to force full pod replacement
[ok] Verified Deployment template resources: requests={'cpu': '300m', 'memory': '50Mi'} limits={'cpu': '503m', 'memory': '63Mi'}
[info] Scaling deployment to 0 replicas to force full pod replacement
[ok] All pods terminated (replicas=0)
[info] Scaling deployment back to 24 replicas
[ok] All pods terminated (replicas=0)
[info] Scaling deployment back to 73 replicas
[ok] Rollout completed after scale-to-zero
[verify] newest RS=newdeploy-ml-image-processing-default-8b22-c7f0f2d6d72b-6779fcbfc6 pods=24 ready=24
[ok] Verified newest ReplicaSet template resources match expected
[ok] Rollout completed after scale-to-zero
[verify] newest RS=newdeploy-ml-object-detection-default-9ecd-2fb10570ca05-776667c94 pods=73 ready=73
[ok] Verified newest ReplicaSet template resources match expected
[info] Started Locust with PID 928395
[info] attempt=1: start sleep for 20s
[info] attempt=1: sleep done
\Start sampling in parallel...
Workflow e2e p99 latency (68 completed in 17.6s, parallel, 8 workers): 1.705s
Average stage latencies:
  - ml-image-processing: 0.174s
  - ml-object-detection: 0.202s
[info] poll_locust_row: failed to load, try again
[info] total_requests: 1275
[info] e2e_latency (p99): 1.700 s
[info] energy_j: 8632.852894 J
[info] served_rps: 70.60 req/s
[info]: start_time: 1767854440.931, end_time: 1767854458.431, duration_s: 17.50 s
[info] energy_cost: 6.770865 J/request
[info] average power: 493.305880 W
[info] Locust stopped
================================================================================
objective      : price
resource_config: [{'cpu_m': 503, 'memory_mi': 63}, {'cpu_m': 5577, 'memory_mi': 481}], latencies: {'ml-image-processing': 0.17352810569847113, 'ml-object-detection': 0.2018273957347607}, price_cost: 211.156090, energy_cost: 6.770865, latency_p99 : 1.700000, feasible: True, total_requests: 1275, served_rps: 70.60, total_energy_j: 8632.852894 J, profiling_duration_s: 17.500000s, average_power: 493.305880 W
wall_time_s    : 102.782
================================================================================

Updating function ml-image-processing to cpu: 750m, memory: 51Mi
Updating Deployment resource configuration...

Updating function ml-object-detection to cpu: 1551m, memory: 408Mi
Updating Deployment resource configuration...

[info] Original replicas=73, selector='environmentName=yolo,environmentNamespace=default,environmentUid=ced8af41-455b-4081-99aa-1700c0092126,executorType=newdeploy,functionName=ml-object-detection,functionNamespace=default,functionUid=182005a6-ad76-40e9-9ecd-2fb10570ca05'
[info] Original replicas=24, selector='environmentName=ml-image-processing,environmentNamespace=default,environmentUid=2449fff4-7632-422c-aa00-519fcb194e26,executorType=newdeploy,functionName=ml-image-processing,functionNamespace=default,functionUid=58487e4a-0036-4ccd-8b22-c7f0f2d6d72b'
[ok] Patched Deployment resources
[ok] Patched Deployment resources
[ok] Verified Deployment template resources: requests={'cpu': '1500m', 'memory': '400Mi'} limits={'cpu': '1551m', 'memory': '408Mi'}
[info] Scaling deployment to 0 replicas to force full pod replacement
[ok] Verified Deployment template resources: requests={'cpu': '300m', 'memory': '50Mi'} limits={'cpu': '750m', 'memory': '51Mi'}
[info] Scaling deployment to 0 replicas to force full pod replacement
[ok] All pods terminated (replicas=0)
[info] Scaling deployment back to 24 replicas
[ok] All pods terminated (replicas=0)
[info] Scaling deployment back to 73 replicas
[ok] Rollout completed after scale-to-zero
[verify] newest RS=newdeploy-ml-image-processing-default-8b22-c7f0f2d6d72b-7b59dfb4d7 pods=24 ready=24
[ok] Verified newest ReplicaSet template resources match expected
[ok] Rollout completed after scale-to-zero
[verify] newest RS=newdeploy-ml-object-detection-default-9ecd-2fb10570ca05-b9ffc9c54 pods=73 ready=73
[ok] Verified newest ReplicaSet template resources match expected
[info] Started Locust with PID 938426
[info] attempt=1: start sleep for 20s
[info] attempt=1: sleep done
\Start sampling in parallel...
Workflow e2e p99 latency (36 completed in 21.5s, parallel, 8 workers): 9.000s
Average stage latencies:
  - ml-image-processing: 0.086s
  - ml-object-detection: 0.848s
[info] poll_locust_row: failed to load, try again
[info] poll_locust_row: failed to load, try again
[info] poll_locust_row: failed to load, try again
[info] total_requests: 810
[info] e2e_latency (p99): 3.800 s
[info] energy_j: 6885.741080 J
[info] served_rps: 37.00 req/s
[info]: start_time: 1767854541.031, end_time: 1767854562.531, duration_s: 21.50 s
[info] energy_cost: 8.500915 J/request
[info] average power: 320.267027 W
[info] Locust stopped
================================================================================
objective      : price
resource_config: [{'cpu_m': 750, 'memory_mi': 51}, {'cpu_m': 1551, 'memory_mi': 408}], latencies: {'ml-image-processing': 0.08553815211938776, 'ml-object-detection': 0.8477680095187996}, price_cost: 242.882328, energy_cost: 8.500915, latency_p99 : 3.800000, feasible: False, total_requests: 810, served_rps: 37.00, total_energy_j: 6885.741080 J, profiling_duration_s: 21.500000s, average_power: 320.267027 W
wall_time_s    : 105.012
================================================================================

Updating function ml-image-processing to cpu: 517m, memory: 57Mi
Updating Deployment resource configuration...

Updating function ml-object-detection to cpu: 4797m, memory: 494Mi
Updating Deployment resource configuration...

[info] Original replicas=73, selector='environmentName=yolo,environmentNamespace=default,environmentUid=ced8af41-455b-4081-99aa-1700c0092126,executorType=newdeploy,functionName=ml-object-detection,functionNamespace=default,functionUid=182005a6-ad76-40e9-9ecd-2fb10570ca05'
[info] Original replicas=24, selector='environmentName=ml-image-processing,environmentNamespace=default,environmentUid=2449fff4-7632-422c-aa00-519fcb194e26,executorType=newdeploy,functionName=ml-image-processing,functionNamespace=default,functionUid=58487e4a-0036-4ccd-8b22-c7f0f2d6d72b'
[ok] Patched Deployment resources
[ok] Patched Deployment resources
[ok] Verified Deployment template resources: requests={'cpu': '1500m', 'memory': '400Mi'} limits={'cpu': '4797m', 'memory': '494Mi'}
[info] Scaling deployment to 0 replicas to force full pod replacement
[ok] Verified Deployment template resources: requests={'cpu': '300m', 'memory': '50Mi'} limits={'cpu': '517m', 'memory': '57Mi'}
[info] Scaling deployment to 0 replicas to force full pod replacement
[ok] All pods terminated (replicas=0)
[info] Scaling deployment back to 24 replicas
[ok] All pods terminated (replicas=0)
[info] Scaling deployment back to 73 replicas
[ok] Deleted HPA newdeploy-ml-object-detection-default-9ecd-2fb10570ca05
[ok] Rollout completed after scale-to-zero
[verify] newest RS=newdeploy-ml-image-processing-default-8b22-c7f0f2d6d72b-864d68d47f pods=24 ready=24
[ok] Verified newest ReplicaSet template resources match expected
[ok] Rollout completed after scale-to-zero
[verify] newest RS=newdeploy-ml-object-detection-default-9ecd-2fb10570ca05-686b48dcc6 pods=73 ready=73
[ok] Verified newest ReplicaSet template resources match expected
[info] Started Locust with PID 948775
[info] attempt=1: start sleep for 20s
[info] attempt=1: sleep done
\Start sampling in parallel...
Workflow e2e p99 latency (61 completed in 16.5s, parallel, 8 workers): 9.000s
Average stage latencies:
  - ml-image-processing: 0.170s
  - ml-object-detection: 0.235s
[info] poll_locust_row: failed to load, try again
[info] poll_locust_row: failed to load, try again
[info] poll_locust_row: failed to load, try again
[info] total_requests: 1213
[info] e2e_latency (p99): 1.900 s
[info] energy_j: 7998.223831 J
[info] served_rps: 68.90 req/s
[info]: start_time: 1767854648.631, end_time: 1767854665.131, duration_s: 16.50 s
[info] energy_cost: 6.593754 J/request
[info] average power: 484.740838 W
[info] Locust stopped
================================================================================
objective      : price
resource_config: [{'cpu_m': 517, 'memory_mi': 57}, {'cpu_m': 4797, 'memory_mi': 494}], latencies: {'ml-image-processing': 0.17029147536183398, 'ml-object-detection': 0.23496057513014723}, price_cost: 211.767416, energy_cost: 6.593754, latency_p99 : 1.900000, feasible: True, total_requests: 1213, served_rps: 68.90, total_energy_j: 7998.223831 J, profiling_duration_s: 16.500000s, average_power: 484.740838 W
wall_time_s    : 102.593
================================================================================

Updating function ml-image-processing to cpu: 369m, memory: 58Mi
Updating Deployment resource configuration...

Updating function ml-object-detection to cpu: 4696m, memory: 505Mi
Updating Deployment resource configuration...

[info] Original replicas=24, selector='environmentName=ml-image-processing,environmentNamespace=default,environmentUid=2449fff4-7632-422c-aa00-519fcb194e26,executorType=newdeploy,functionName=ml-image-processing,functionNamespace=default,functionUid=58487e4a-0036-4ccd-8b22-c7f0f2d6d72b'
[info] Original replicas=73, selector='environmentName=yolo,environmentNamespace=default,environmentUid=ced8af41-455b-4081-99aa-1700c0092126,executorType=newdeploy,functionName=ml-object-detection,functionNamespace=default,functionUid=182005a6-ad76-40e9-9ecd-2fb10570ca05'
[ok] Patched Deployment resources
[ok] Patched Deployment resources
[ok] Verified Deployment template resources: requests={'cpu': '300m', 'memory': '50Mi'} limits={'cpu': '369m', 'memory': '58Mi'}
[info] Scaling deployment to 0 replicas to force full pod replacement
[ok] Verified Deployment template resources: requests={'cpu': '1500m', 'memory': '400Mi'} limits={'cpu': '4696m', 'memory': '505Mi'}
[info] Scaling deployment to 0 replicas to force full pod replacement
[ok] All pods terminated (replicas=0)
[info] Scaling deployment back to 24 replicas
[ok] All pods terminated (replicas=0)
[info] Scaling deployment back to 73 replicas
[ok] Rollout completed after scale-to-zero
[verify] newest RS=newdeploy-ml-image-processing-default-8b22-c7f0f2d6d72b-8449498796 pods=24 ready=24
[ok] Verified newest ReplicaSet template resources match expected
[ok] Rollout completed after scale-to-zero
[verify] newest RS=newdeploy-ml-object-detection-default-9ecd-2fb10570ca05-dcb7d7cc9 pods=73 ready=73
[ok] Verified newest ReplicaSet template resources match expected
[info] Started Locust with PID 958440
[info] attempt=1: start sleep for 20s
[info] attempt=1: sleep done
\Start sampling in parallel...
Workflow e2e p99 latency (60 completed in 17.6s, parallel, 8 workers): 2.975s
Average stage latencies:
  - ml-image-processing: 0.255s
  - ml-object-detection: 0.210s
[info] total_requests: 1119
[info] e2e_latency (p99): 2.700 s
[info] energy_j: 8184.456596 J
[info] served_rps: 62.10 req/s
[info]: start_time: 1767854752.831, end_time: 1767854770.431, duration_s: 17.60 s
[info] energy_cost: 7.314081 J/request
[info] average power: 465.025945 W
[info] Locust stopped
================================================================================
objective      : price
resource_config: [{'cpu_m': 369, 'memory_mi': 58}, {'cpu_m': 4696, 'memory_mi': 505}], latencies: {'ml-image-processing': 0.25528992999655503, 'ml-object-detection': 0.21010714437191685}, price_cost: 188.476873, energy_cost: 7.314081, latency_p99 : 2.700000, feasible: True, total_requests: 1119, served_rps: 62.10, total_energy_j: 8184.456596 J, profiling_duration_s: 17.600000s, average_power: 465.025945 W
wall_time_s    : 103.793
================================================================================

Updating function ml-image-processing to cpu: 708m, memory: 52Mi
Updating Deployment resource configuration...

Updating function ml-object-detection to cpu: 5595m, memory: 407Mi
Updating Deployment resource configuration...

[info] Original replicas=24, selector='environmentName=ml-image-processing,environmentNamespace=default,environmentUid=2449fff4-7632-422c-aa00-519fcb194e26,executorType=newdeploy,functionName=ml-image-processing,functionNamespace=default,functionUid=58487e4a-0036-4ccd-8b22-c7f0f2d6d72b'
[info] Original replicas=73, selector='environmentName=yolo,environmentNamespace=default,environmentUid=ced8af41-455b-4081-99aa-1700c0092126,executorType=newdeploy,functionName=ml-object-detection,functionNamespace=default,functionUid=182005a6-ad76-40e9-9ecd-2fb10570ca05'
[ok] Patched Deployment resources
[ok] Patched Deployment resources
[ok] Verified Deployment template resources: requests={'cpu': '1500m', 'memory': '400Mi'} limits={'cpu': '5595m', 'memory': '407Mi'}
[info] Scaling deployment to 0 replicas to force full pod replacement
[ok] Verified Deployment template resources: requests={'cpu': '300m', 'memory': '50Mi'} limits={'cpu': '708m', 'memory': '52Mi'}
[info] Scaling deployment to 0 replicas to force full pod replacement
[ok] All pods terminated (replicas=0)
[info] Scaling deployment back to 24 replicas
[ok] All pods terminated (replicas=0)
[info] Scaling deployment back to 73 replicas
[ok] Rollout completed after scale-to-zero
[verify] newest RS=newdeploy-ml-image-processing-default-8b22-c7f0f2d6d72b-56846cfcdc pods=24 ready=24
[ok] Verified newest ReplicaSet template resources match expected
