================================================================================
Processing region: GB
len(mc_obj) = 691
len (mc_obj) = 691
len gt_hourly_energy = 691
Point-estimation prediction rate SMAPE: 87.70%
Wrote 2-D pickles:
  energy_samples_2d_uncorrected.pkl (shape (691, 300))
  energy_samples_2d_corrected.pkl (shape (691, 300))
Save to energy_summary.csv
Corrected energy SMAPE: 34.96%
Uncorrected energy SMAPE: 33.13%
Original point-estimation energy rate SMAPE: 34.96%
Refined point-estimation energy rate SMAPE: 35.01%
[ci] loaded ci data length: 720
[ci] ground truth original predicted smape: 14.43%
[ci] ground truth refined predicted smape: 11.49%
[ci] ci original predicted smape: 11.68%
[ci] ci refined predicted smape: 9.00%
[final] point-estimation carbon SMAPE: 34.78%
[final] refined point-estimation carbon SMAPE: 34.95%
[final] mc smape: 34.73%
================================================================================
Processing region: LT
len(mc_obj) = 691
len (mc_obj) = 691
len gt_hourly_energy = 691
Point-estimation prediction rate SMAPE: 87.70%
Wrote 2-D pickles:
  energy_samples_2d_uncorrected.pkl (shape (691, 300))
  energy_samples_2d_corrected.pkl (shape (691, 300))
Save to energy_summary.csv
Corrected energy SMAPE: 34.96%
Uncorrected energy SMAPE: 33.13%
Original point-estimation energy rate SMAPE: 34.96%
Refined point-estimation energy rate SMAPE: 35.01%
[ci] loaded ci data length: 720
[ci] ground truth original predicted smape: 8.23%
[ci] ground truth refined predicted smape: 7.72%
[ci] ci original predicted smape: 7.18%
[ci] ci refined predicted smape: 6.91%
[final] point-estimation carbon SMAPE: 34.94%
[final] refined point-estimation carbon SMAPE: 35.26%
[final] mc smape: 35.08%
[t=0] hour=749.0 decision=LT baseline=LT optimal=LT actual(algo)=2.10688e+07 actual(base)=2.10688e+07 increase=0.000%
[t=1] hour=750.0 decision=LT baseline=LT optimal=LT actual(algo)=2.08041e+07 actual(base)=2.08041e+07 increase=0.000%
[t=2] hour=751.0 decision=LT baseline=LT optimal=LT actual(algo)=2.54333e+07 actual(base)=2.54333e+07 increase=0.000%
[t=3] hour=752.0 decision=LT baseline=LT optimal=LT actual(algo)=3.48996e+07 actual(base)=3.48996e+07 increase=0.000%
[t=4] hour=753.0 decision=LT baseline=LT optimal=LT actual(algo)=4.00163e+07 actual(base)=4.00163e+07 increase=0.000%
[t=5] hour=754.0 decision=LT baseline=LT optimal=LT actual(algo)=4.0772e+07 actual(base)=4.0772e+07 increase=0.000%
[t=6] hour=755.0 decision=LT baseline=LT optimal=LT actual(algo)=3.84807e+07 actual(base)=3.84807e+07 increase=0.000%
[t=7] hour=756.0 decision=LT baseline=LT optimal=LT actual(algo)=4.53481e+07 actual(base)=4.53481e+07 increase=0.000%
[t=8] hour=757.0 decision=LT baseline=LT optimal=LT actual(algo)=4.97914e+07 actual(base)=4.97914e+07 increase=0.000%
[t=9] hour=758.0 decision=LT baseline=LT optimal=LT actual(algo)=5.9504e+07 actual(base)=5.9504e+07 increase=0.000%
[t=10] hour=759.0 decision=LT baseline=LT optimal=LT actual(algo)=6.6588e+07 actual(base)=6.6588e+07 increase=0.000%
[t=11] hour=760.0 decision=LT baseline=LT optimal=LT actual(algo)=7.40403e+07 actual(base)=7.40403e+07 increase=0.000%
[t=12] hour=761.0 decision=LT baseline=LT optimal=LT actual(algo)=7.47085e+07 actual(base)=7.47085e+07 increase=0.000%
[t=13] hour=762.0 decision=LT baseline=LT optimal=LT actual(algo)=7.09777e+07 actual(base)=7.09777e+07 increase=0.000%
[t=14] hour=763.0 decision=LT baseline=LT optimal=LT actual(algo)=6.91704e+07 actual(base)=6.91704e+07 increase=0.000%
[t=15] hour=764.0 decision=LT baseline=LT optimal=LT actual(algo)=6.99927e+07 actual(base)=6.99927e+07 increase=0.000%
[t=16] hour=765.0 decision=LT baseline=LT optimal=LT actual(algo)=6.96652e+07 actual(base)=6.96652e+07 increase=0.000%
[t=17] hour=766.0 decision=LT baseline=LT optimal=GB actual(algo)=6.90641e+07 actual(base)=6.90641e+07 increase=0.000%
[t=18] hour=767.0 decision=LT baseline=LT optimal=GB actual(algo)=5.98609e+07 actual(base)=5.98609e+07 increase=0.000%
[t=19] hour=768.0 decision=GB baseline=GB optimal=GB actual(algo)=4.90238e+07 actual(base)=4.90238e+07 increase=0.000%
[t=20] hour=769.0 decision=GB baseline=GB optimal=LT actual(algo)=3.83589e+07 actual(base)=3.83589e+07 increase=0.000%
[t=21] hour=770.0 decision=LT baseline=GB optimal=LT actual(algo)=2.53125e+07 actual(base)=3.02552e+07 decrease=-16.337%
[t=22] hour=771.0 decision=LT baseline=LT optimal=LT actual(algo)=1.95641e+07 actual(base)=1.95641e+07 increase=0.000%
[t=23] hour=772.0 decision=LT baseline=LT optimal=LT actual(algo)=1.57236e+07 actual(base)=1.57236e+07 increase=0.000%
[t=24] hour=773.0 decision=LT baseline=LT optimal=LT actual(algo)=1.24608e+07 actual(base)=1.24608e+07 increase=0.000%
[t=25] hour=774.0 decision=LT baseline=LT optimal=LT actual(algo)=1.38803e+07 actual(base)=1.38803e+07 increase=0.000%
[t=26] hour=775.0 decision=LT baseline=LT optimal=LT actual(algo)=1.62816e+07 actual(base)=1.62816e+07 increase=0.000%
[t=27] hour=776.0 decision=LT baseline=LT optimal=LT actual(algo)=2.32496e+07 actual(base)=2.32496e+07 increase=0.000%
[t=28] hour=777.0 decision=LT baseline=LT optimal=LT actual(algo)=2.96626e+07 actual(base)=2.96626e+07 increase=0.000%
[t=29] hour=778.0 decision=LT baseline=LT optimal=LT actual(algo)=3.50405e+07 actual(base)=3.50405e+07 increase=0.000%
[t=30] hour=779.0 decision=LT baseline=LT optimal=LT actual(algo)=3.44911e+07 actual(base)=3.44911e+07 increase=0.000%
[t=31] hour=780.0 decision=LT baseline=LT optimal=LT actual(algo)=3.50322e+07 actual(base)=3.50322e+07 increase=0.000%
[t=32] hour=781.0 decision=LT baseline=LT optimal=LT actual(algo)=3.91101e+07 actual(base)=3.91101e+07 increase=0.000%
[t=33] hour=782.0 decision=LT baseline=LT optimal=LT actual(algo)=4.07492e+07 actual(base)=4.07492e+07 increase=0.000%
[t=34] hour=783.0 decision=LT baseline=LT optimal=LT actual(algo)=4.85519e+07 actual(base)=4.85519e+07 increase=0.000%
[t=35] hour=784.0 decision=LT baseline=LT optimal=LT actual(algo)=4.64658e+07 actual(base)=4.64658e+07 increase=0.000%
[t=36] hour=785.0 decision=LT baseline=LT optimal=LT actual(algo)=5.07532e+07 actual(base)=5.07532e+07 increase=0.000%
[t=37] hour=786.0 decision=LT baseline=LT optimal=LT actual(algo)=4.95777e+07 actual(base)=4.95777e+07 increase=0.000%
[t=38] hour=787.0 decision=LT baseline=LT optimal=LT actual(algo)=4.56932e+07 actual(base)=4.56932e+07 increase=0.000%
[t=39] hour=788.0 decision=LT baseline=LT optimal=LT actual(algo)=4.44009e+07 actual(base)=4.44009e+07 increase=0.000%
[t=40] hour=789.0 decision=LT baseline=LT optimal=LT actual(algo)=4.51828e+07 actual(base)=4.51828e+07 increase=0.000%
[t=41] hour=790.0 decision=LT baseline=LT optimal=LT actual(algo)=4.23891e+07 actual(base)=4.23891e+07 increase=0.000%
[t=42] hour=791.0 decision=LT baseline=LT optimal=LT actual(algo)=4.00595e+07 actual(base)=4.00595e+07 increase=0.000%
[t=43] hour=792.0 decision=LT baseline=LT optimal=LT actual(algo)=3.03072e+07 actual(base)=3.03072e+07 increase=0.000%
[t=44] hour=793.0 decision=LT baseline=LT optimal=LT actual(algo)=2.34207e+07 actual(base)=2.34207e+07 increase=0.000%
[t=45] hour=794.0 decision=LT baseline=LT optimal=LT actual(algo)=1.63695e+07 actual(base)=1.63695e+07 increase=0.000%
[t=46] hour=795.0 decision=LT baseline=LT optimal=LT actual(algo)=1.31525e+07 actual(base)=1.31525e+07 increase=0.000%
[t=47] hour=796.0 decision=LT baseline=LT optimal=LT actual(algo)=1.01719e+07 actual(base)=1.01719e+07 increase=0.000%
[t=48] hour=797.0 decision=LT baseline=LT optimal=LT actual(algo)=8.73402e+06 actual(base)=8.73402e+06 increase=0.000%
[t=49] hour=798.0 decision=LT baseline=LT optimal=LT actual(algo)=9.5921e+06 actual(base)=9.5921e+06 increase=0.000%
[t=50] hour=799.0 decision=LT baseline=LT optimal=LT actual(algo)=1.11496e+07 actual(base)=1.11496e+07 increase=0.000%
[t=51] hour=800.0 decision=LT baseline=LT optimal=LT actual(algo)=1.57155e+07 actual(base)=1.57155e+07 increase=0.000%
[t=52] hour=801.0 decision=LT baseline=LT optimal=LT actual(algo)=2.25903e+07 actual(base)=2.25903e+07 increase=0.000%
[t=53] hour=802.0 decision=LT baseline=LT optimal=LT actual(algo)=2.59276e+07 actual(base)=2.59276e+07 increase=0.000%
[t=54] hour=803.0 decision=LT baseline=LT optimal=LT actual(algo)=2.91452e+07 actual(base)=2.91452e+07 increase=0.000%
[t=55] hour=804.0 decision=LT baseline=LT optimal=LT actual(algo)=3.33511e+07 actual(base)=3.33511e+07 increase=0.000%
[t=56] hour=805.0 decision=LT baseline=LT optimal=LT actual(algo)=3.70032e+07 actual(base)=3.70032e+07 increase=0.000%
[t=57] hour=806.0 decision=LT baseline=LT optimal=LT actual(algo)=4.34438e+07 actual(base)=4.34438e+07 increase=0.000%
[t=58] hour=807.0 decision=LT baseline=LT optimal=LT actual(algo)=5.42354e+07 actual(base)=5.42354e+07 increase=0.000%
[t=59] hour=808.0 decision=GB baseline=LT optimal=GB actual(algo)=5.20608e+07 actual(base)=6.30462e+07 decrease=-17.424%
[t=60] hour=809.0 decision=GB baseline=GB optimal=GB actual(algo)=4.84995e+07 actual(base)=4.84995e+07 increase=0.000%
[t=61] hour=810.0 decision=GB baseline=GB optimal=GB actual(algo)=4.36806e+07 actual(base)=4.36806e+07 increase=0.000%
[t=62] hour=811.0 decision=GB baseline=GB optimal=GB actual(algo)=5.68021e+07 actual(base)=5.68021e+07 increase=0.000%
[t=63] hour=812.0 decision=GB baseline=GB optimal=GB actual(algo)=5.23126e+07 actual(base)=5.23126e+07 increase=0.000%
[t=64] hour=813.0 decision=GB baseline=GB optimal=GB actual(algo)=5.3582e+07 actual(base)=5.3582e+07 increase=0.000%
[t=65] hour=814.0 decision=GB baseline=GB optimal=GB actual(algo)=5.10294e+07 actual(base)=5.10294e+07 increase=0.000%
[t=66] hour=815.0 decision=GB baseline=GB optimal=GB actual(algo)=4.9759e+07 actual(base)=4.9759e+07 increase=0.000%
[t=67] hour=816.0 decision=GB baseline=GB optimal=GB actual(algo)=4.30328e+07 actual(base)=4.30328e+07 increase=0.000%
[t=68] hour=817.0 decision=GB baseline=GB optimal=GB actual(algo)=3.89012e+07 actual(base)=3.89012e+07 increase=0.000%
[t=69] hour=818.0 decision=GB baseline=GB optimal=GB actual(algo)=3.00825e+07 actual(base)=3.00825e+07 increase=0.000%
[t=70] hour=819.0 decision=GB baseline=GB optimal=GB actual(algo)=2.27262e+07 actual(base)=2.27262e+07 increase=0.000%
[t=71] hour=820.0 decision=GB baseline=GB optimal=GB actual(algo)=1.95668e+07 actual(base)=1.95668e+07 increase=0.000%
[t=72] hour=821.0 decision=GB baseline=GB optimal=GB actual(algo)=2.0287e+07 actual(base)=2.0287e+07 increase=0.000%
[t=73] hour=822.0 decision=GB baseline=GB optimal=GB actual(algo)=2.10693e+07 actual(base)=2.10693e+07 increase=0.000%
[t=74] hour=823.0 decision=GB baseline=LT optimal=GB actual(algo)=2.89204e+07 actual(base)=2.94214e+07 decrease=-1.703%
[t=75] hour=824.0 decision=GB baseline=LT optimal=GB actual(algo)=4.27112e+07 actual(base)=4.33478e+07 decrease=-1.469%
[t=76] hour=825.0 decision=GB baseline=LT optimal=LT actual(algo)=5.89891e+07 actual(base)=5.08466e+07 increase=16.014%
[t=77] hour=826.0 decision=LT baseline=LT optimal=LT actual(algo)=5.19158e+07 actual(base)=5.19158e+07 increase=0.000%
[t=78] hour=827.0 decision=LT baseline=LT optimal=LT actual(algo)=4.41359e+07 actual(base)=4.41359e+07 increase=0.000%
[t=79] hour=828.0 decision=LT baseline=LT optimal=LT actual(algo)=3.9214e+07 actual(base)=3.9214e+07 increase=0.000%
[t=80] hour=829.0 decision=LT baseline=LT optimal=LT actual(algo)=3.49876e+07 actual(base)=3.49876e+07 increase=0.000%
[t=81] hour=830.0 decision=LT baseline=LT optimal=LT actual(algo)=3.57219e+07 actual(base)=3.57219e+07 increase=0.000%
[t=82] hour=831.0 decision=LT baseline=LT optimal=LT actual(algo)=3.82221e+07 actual(base)=3.82221e+07 increase=0.000%
[t=83] hour=832.0 decision=LT baseline=LT optimal=LT actual(algo)=4.42649e+07 actual(base)=4.42649e+07 increase=0.000%
[t=84] hour=833.0 decision=LT baseline=LT optimal=LT actual(algo)=4.74395e+07 actual(base)=4.74395e+07 increase=0.000%
[t=85] hour=834.0 decision=LT baseline=LT optimal=LT actual(algo)=5.23833e+07 actual(base)=5.23833e+07 increase=0.000%
[t=86] hour=835.0 decision=LT baseline=LT optimal=LT actual(algo)=5.3889e+07 actual(base)=5.3889e+07 increase=0.000%
[t=87] hour=836.0 decision=LT baseline=LT optimal=LT actual(algo)=5.69038e+07 actual(base)=5.69038e+07 increase=0.000%
[t=88] hour=837.0 decision=LT baseline=LT optimal=LT actual(algo)=5.25496e+07 actual(base)=5.25496e+07 increase=0.000%
[t=89] hour=838.0 decision=LT baseline=LT optimal=LT actual(algo)=4.87692e+07 actual(base)=4.87692e+07 increase=0.000%
[t=90] hour=839.0 decision=LT baseline=LT optimal=LT actual(algo)=4.10624e+07 actual(base)=4.10624e+07 increase=0.000%
[t=91] hour=840.0 decision=LT baseline=LT optimal=LT actual(algo)=3.74946e+07 actual(base)=3.74946e+07 increase=0.000%
[t=92] hour=841.0 decision=LT baseline=LT optimal=LT actual(algo)=3.22614e+07 actual(base)=3.22614e+07 increase=0.000%
[t=93] hour=842.0 decision=LT baseline=LT optimal=LT actual(algo)=2.10905e+07 actual(base)=2.10905e+07 increase=0.000%
[t=94] hour=843.0 decision=LT baseline=LT optimal=LT actual(algo)=1.53282e+07 actual(base)=1.53282e+07 increase=0.000%
[t=95] hour=844.0 decision=LT baseline=LT optimal=LT actual(algo)=1.21556e+07 actual(base)=1.21556e+07 increase=0.000%
[t=96] hour=845.0 decision=LT baseline=LT optimal=LT actual(algo)=1.01533e+07 actual(base)=1.01533e+07 increase=0.000%
[t=97] hour=846.0 decision=LT baseline=LT optimal=LT actual(algo)=9.34782e+06 actual(base)=9.34782e+06 increase=0.000%
[t=98] hour=847.0 decision=LT baseline=LT optimal=LT actual(algo)=1.19669e+07 actual(base)=1.19669e+07 increase=0.000%
[t=99] hour=848.0 decision=LT baseline=LT optimal=LT actual(algo)=1.93313e+07 actual(base)=1.93313e+07 increase=0.000%
[t=100] hour=849.0 decision=LT baseline=LT optimal=LT actual(algo)=2.65748e+07 actual(base)=2.65748e+07 increase=0.000%
[t=101] hour=850.0 decision=LT baseline=LT optimal=LT actual(algo)=3.13349e+07 actual(base)=3.13349e+07 increase=0.000%
[t=102] hour=851.0 decision=LT baseline=LT optimal=LT actual(algo)=3.46258e+07 actual(base)=3.46258e+07 increase=0.000%
[t=103] hour=852.0 decision=LT baseline=LT optimal=LT actual(algo)=4.1163e+07 actual(base)=4.1163e+07 increase=0.000%
[t=104] hour=853.0 decision=LT baseline=LT optimal=LT actual(algo)=4.89134e+07 actual(base)=4.89134e+07 increase=0.000%
[t=105] hour=854.0 decision=LT baseline=LT optimal=LT actual(algo)=5.79529e+07 actual(base)=5.79529e+07 increase=0.000%
[t=106] hour=855.0 decision=LT baseline=LT optimal=LT actual(algo)=5.72274e+07 actual(base)=5.72274e+07 increase=0.000%
[t=107] hour=856.0 decision=LT baseline=LT optimal=LT actual(algo)=5.91136e+07 actual(base)=5.91136e+07 increase=0.000%
[t=108] hour=857.0 decision=LT baseline=LT optimal=LT actual(algo)=5.92496e+07 actual(base)=5.92496e+07 increase=0.000%
[t=109] hour=858.0 decision=LT baseline=LT optimal=LT actual(algo)=5.90625e+07 actual(base)=5.90625e+07 increase=0.000%
[t=110] hour=859.0 decision=LT baseline=LT optimal=LT actual(algo)=5.46895e+07 actual(base)=5.46895e+07 increase=0.000%
[t=111] hour=860.0 decision=LT baseline=LT optimal=LT actual(algo)=5.58999e+07 actual(base)=5.58999e+07 increase=0.000%
[t=112] hour=861.0 decision=LT baseline=LT optimal=LT actual(algo)=6.59422e+07 actual(base)=6.59422e+07 increase=0.000%
[t=113] hour=862.0 decision=LT baseline=LT optimal=LT actual(algo)=6.3537e+07 actual(base)=6.3537e+07 increase=0.000%
[t=114] hour=863.0 decision=LT baseline=LT optimal=LT actual(algo)=5.77554e+07 actual(base)=5.77554e+07 increase=0.000%
[t=115] hour=864.0 decision=LT baseline=LT optimal=LT actual(algo)=4.57903e+07 actual(base)=4.57903e+07 increase=0.000%
[t=116] hour=865.0 decision=LT baseline=LT optimal=LT actual(algo)=3.41596e+07 actual(base)=3.41596e+07 increase=0.000%
[t=117] hour=866.0 decision=LT baseline=LT optimal=LT actual(algo)=2.40839e+07 actual(base)=2.40839e+07 increase=0.000%
[t=118] hour=867.0 decision=LT baseline=LT optimal=LT actual(algo)=1.94448e+07 actual(base)=1.94448e+07 increase=0.000%
[t=119] hour=868.0 decision=LT baseline=LT optimal=LT actual(algo)=1.65799e+07 actual(base)=1.65799e+07 increase=0.000%
[t=120] hour=869.0 decision=LT baseline=LT optimal=LT actual(algo)=1.75413e+07 actual(base)=1.75413e+07 increase=0.000%
[t=121] hour=870.0 decision=LT baseline=LT optimal=LT actual(algo)=1.66563e+07 actual(base)=1.66563e+07 increase=0.000%
[t=122] hour=871.0 decision=LT baseline=LT optimal=LT actual(algo)=1.56511e+07 actual(base)=1.56511e+07 increase=0.000%
[t=123] hour=872.0 decision=LT baseline=LT optimal=LT actual(algo)=2.39584e+07 actual(base)=2.39584e+07 increase=0.000%
[t=124] hour=873.0 decision=LT baseline=LT optimal=LT actual(algo)=3.20764e+07 actual(base)=3.20764e+07 increase=0.000%
[t=125] hour=874.0 decision=LT baseline=LT optimal=LT actual(algo)=3.57124e+07 actual(base)=3.57124e+07 increase=0.000%
[t=126] hour=875.0 decision=LT baseline=LT optimal=LT actual(algo)=4.11453e+07 actual(base)=4.11453e+07 increase=0.000%
[t=127] hour=876.0 decision=LT baseline=LT optimal=LT actual(algo)=4.48325e+07 actual(base)=4.48325e+07 increase=0.000%
[t=128] hour=877.0 decision=LT baseline=LT optimal=LT actual(algo)=4.0671e+07 actual(base)=4.0671e+07 increase=0.000%
[t=129] hour=878.0 decision=LT baseline=LT optimal=LT actual(algo)=3.63676e+07 actual(base)=3.63676e+07 increase=0.000%
[t=130] hour=879.0 decision=LT baseline=LT optimal=LT actual(algo)=3.35708e+07 actual(base)=3.35708e+07 increase=0.000%
[t=131] hour=880.0 decision=LT baseline=LT optimal=LT actual(algo)=3.61606e+07 actual(base)=3.61606e+07 increase=0.000%
[t=132] hour=881.0 decision=LT baseline=LT optimal=LT actual(algo)=4.16112e+07 actual(base)=4.16112e+07 increase=0.000%
[t=133] hour=882.0 decision=LT baseline=LT optimal=LT actual(algo)=4.29699e+07 actual(base)=4.29699e+07 increase=0.000%
[t=134] hour=883.0 decision=LT baseline=LT optimal=LT actual(algo)=4.46422e+07 actual(base)=4.46422e+07 increase=0.000%
[t=135] hour=884.0 decision=LT baseline=LT optimal=LT actual(algo)=4.9398e+07 actual(base)=4.9398e+07 increase=0.000%
[t=136] hour=885.0 decision=LT baseline=LT optimal=LT actual(algo)=5.14136e+07 actual(base)=5.14136e+07 increase=0.000%
[t=137] hour=886.0 decision=LT baseline=LT optimal=LT actual(algo)=5.16547e+07 actual(base)=5.16547e+07 increase=0.000%
[t=138] hour=887.0 decision=LT baseline=LT optimal=LT actual(algo)=4.75455e+07 actual(base)=4.75455e+07 increase=0.000%
[t=139] hour=888.0 decision=LT baseline=LT optimal=LT actual(algo)=4.24761e+07 actual(base)=4.24761e+07 increase=0.000%
[t=140] hour=889.0 decision=LT baseline=LT optimal=LT actual(algo)=3.12361e+07 actual(base)=3.12361e+07 increase=0.000%
[t=141] hour=890.0 decision=LT baseline=LT optimal=LT actual(algo)=2.11848e+07 actual(base)=2.11848e+07 increase=0.000%
[t=142] hour=891.0 decision=LT baseline=LT optimal=LT actual(algo)=1.77577e+07 actual(base)=1.77577e+07 increase=0.000%
[t=143] hour=892.0 decision=LT baseline=LT optimal=LT actual(algo)=1.48472e+07 actual(base)=1.48472e+07 increase=0.000%
[t=144] hour=893.0 decision=LT baseline=LT optimal=LT actual(algo)=9.41588e+06 actual(base)=9.41588e+06 increase=0.000%
[t=145] hour=894.0 decision=LT baseline=LT optimal=LT actual(algo)=8.30489e+06 actual(base)=8.30489e+06 increase=0.000%
[t=146] hour=895.0 decision=LT baseline=LT optimal=LT actual(algo)=1.18045e+07 actual(base)=1.18045e+07 increase=0.000%
[t=147] hour=896.0 decision=LT baseline=LT optimal=LT actual(algo)=1.69482e+07 actual(base)=1.69482e+07 increase=0.000%
[t=148] hour=897.0 decision=LT baseline=LT optimal=LT actual(algo)=2.14865e+07 actual(base)=2.14865e+07 increase=0.000%
[t=149] hour=898.0 decision=LT baseline=LT optimal=LT actual(algo)=2.01702e+07 actual(base)=2.01702e+07 increase=0.000%
[t=150] hour=899.0 decision=LT baseline=LT optimal=LT actual(algo)=2.14438e+07 actual(base)=2.14438e+07 increase=0.000%
[t=151] hour=900.0 decision=LT baseline=LT optimal=LT actual(algo)=2.12691e+07 actual(base)=2.12691e+07 increase=0.000%
[t=152] hour=901.0 decision=LT baseline=LT optimal=LT actual(algo)=2.61539e+07 actual(base)=2.61539e+07 increase=0.000%
[t=153] hour=902.0 decision=LT baseline=LT optimal=LT actual(algo)=2.77996e+07 actual(base)=2.77996e+07 increase=0.000%
[t=154] hour=903.0 decision=LT baseline=LT optimal=LT actual(algo)=3.48383e+07 actual(base)=3.48383e+07 increase=0.000%
[t=155] hour=904.0 decision=LT baseline=LT optimal=LT actual(algo)=4.40377e+07 actual(base)=4.40377e+07 increase=0.000%
[t=156] hour=905.0 decision=LT baseline=LT optimal=LT actual(algo)=5.14564e+07 actual(base)=5.14564e+07 increase=0.000%
[t=157] hour=906.0 decision=LT baseline=LT optimal=LT actual(algo)=4.89184e+07 actual(base)=4.89184e+07 increase=0.000%
[t=158] hour=907.0 decision=LT baseline=LT optimal=LT actual(algo)=4.95897e+07 actual(base)=4.95897e+07 increase=0.000%
[t=159] hour=908.0 decision=LT baseline=LT optimal=LT actual(algo)=5.19767e+07 actual(base)=5.19767e+07 increase=0.000%
[t=160] hour=909.0 decision=LT baseline=LT optimal=LT actual(algo)=5.27473e+07 actual(base)=5.27473e+07 increase=0.000%
[t=161] hour=910.0 decision=LT baseline=LT optimal=LT actual(algo)=4.83246e+07 actual(base)=4.83246e+07 increase=0.000%
[t=162] hour=911.0 decision=LT baseline=LT optimal=LT actual(algo)=4.51931e+07 actual(base)=4.51931e+07 increase=0.000%
[t=163] hour=912.0 decision=LT baseline=LT optimal=LT actual(algo)=4.14667e+07 actual(base)=4.14667e+07 increase=0.000%
[t=164] hour=913.0 decision=LT baseline=LT optimal=LT actual(algo)=3.15741e+07 actual(base)=3.15741e+07 increase=0.000%
[t=165] hour=914.0 decision=LT baseline=LT optimal=LT actual(algo)=2.2452e+07 actual(base)=2.2452e+07 increase=0.000%
[t=166] hour=915.0 decision=LT baseline=LT optimal=LT actual(algo)=1.99626e+07 actual(base)=1.99626e+07 increase=0.000%
[t=167] hour=916.0 decision=LT baseline=LT optimal=LT actual(algo)=1.41321e+07 actual(base)=1.41321e+07 increase=0.000%
[t=168] hour=917.0 decision=LT baseline=LT optimal=LT actual(algo)=1.16948e+07 actual(base)=1.16948e+07 increase=0.000%
[t=169] hour=918.0 decision=LT baseline=LT optimal=LT actual(algo)=1.18504e+07 actual(base)=1.18504e+07 increase=0.000%
[t=170] hour=919.0 decision=LT baseline=LT optimal=LT actual(algo)=1.51418e+07 actual(base)=1.51418e+07 increase=0.000%
[t=171] hour=920.0 decision=LT baseline=LT optimal=LT actual(algo)=2.54706e+07 actual(base)=2.54706e+07 increase=0.000%
[t=172] hour=921.0 decision=LT baseline=LT optimal=LT actual(algo)=3.62092e+07 actual(base)=3.62092e+07 increase=0.000%
[t=173] hour=922.0 decision=LT baseline=LT optimal=LT actual(algo)=3.94623e+07 actual(base)=3.94623e+07 increase=0.000%
[t=174] hour=923.0 decision=LT baseline=LT optimal=LT actual(algo)=4.01031e+07 actual(base)=4.01031e+07 increase=0.000%
[t=175] hour=924.0 decision=LT baseline=LT optimal=LT actual(algo)=3.91655e+07 actual(base)=3.91655e+07 increase=0.000%
[t=176] hour=925.0 decision=LT baseline=LT optimal=LT actual(algo)=4.40888e+07 actual(base)=4.40888e+07 increase=0.000%
[t=177] hour=926.0 decision=LT baseline=LT optimal=LT actual(algo)=4.64184e+07 actual(base)=4.64184e+07 increase=0.000%
[t=178] hour=927.0 decision=LT baseline=LT optimal=LT actual(algo)=5.09306e+07 actual(base)=5.09306e+07 increase=0.000%
[t=179] hour=928.0 decision=LT baseline=LT optimal=LT actual(algo)=5.77017e+07 actual(base)=5.77017e+07 increase=0.000%
[t=180] hour=929.0 decision=LT baseline=LT optimal=LT actual(algo)=5.86922e+07 actual(base)=5.86922e+07 increase=0.000%
[t=181] hour=930.0 decision=LT baseline=LT optimal=LT actual(algo)=6.9695e+07 actual(base)=6.9695e+07 increase=0.000%
[t=182] hour=931.0 decision=LT baseline=LT optimal=LT actual(algo)=6.86837e+07 actual(base)=6.86837e+07 increase=0.000%
[t=183] hour=932.0 decision=LT baseline=LT optimal=LT actual(algo)=6.62119e+07 actual(base)=6.62119e+07 increase=0.000%
[t=184] hour=933.0 decision=LT baseline=LT optimal=LT actual(algo)=6.38582e+07 actual(base)=6.38582e+07 increase=0.000%
[t=185] hour=934.0 decision=LT baseline=LT optimal=LT actual(algo)=6.83697e+07 actual(base)=6.83697e+07 increase=0.000%
[t=186] hour=935.0 decision=LT baseline=LT optimal=LT actual(algo)=6.65081e+07 actual(base)=6.65081e+07 increase=0.000%
[t=187] hour=936.0 decision=LT baseline=LT optimal=LT actual(algo)=5.58757e+07 actual(base)=5.58757e+07 increase=0.000%
[t=188] hour=937.0 decision=LT baseline=LT optimal=LT actual(algo)=4.62985e+07 actual(base)=4.62985e+07 increase=0.000%
[t=189] hour=938.0 decision=LT baseline=LT optimal=LT actual(algo)=3.1097e+07 actual(base)=3.1097e+07 increase=0.000%
[t=190] hour=939.0 decision=LT baseline=LT optimal=LT actual(algo)=2.00815e+07 actual(base)=2.00815e+07 increase=0.000%
[t=191] hour=940.0 decision=LT baseline=LT optimal=LT actual(algo)=1.68278e+07 actual(base)=1.68278e+07 increase=0.000%
[t=192] hour=941.0 decision=LT baseline=LT optimal=LT actual(algo)=1.10383e+07 actual(base)=1.10383e+07 increase=0.000%
[t=193] hour=942.0 decision=LT baseline=LT optimal=LT actual(algo)=1.07017e+07 actual(base)=1.07017e+07 increase=0.000%
[t=194] hour=943.0 decision=LT baseline=LT optimal=LT actual(algo)=1.57482e+07 actual(base)=1.57482e+07 increase=0.000%
[t=195] hour=944.0 decision=LT baseline=LT optimal=LT actual(algo)=2.33852e+07 actual(base)=2.33852e+07 increase=0.000%
[t=196] hour=945.0 decision=LT baseline=LT optimal=LT actual(algo)=3.17193e+07 actual(base)=3.17193e+07 increase=0.000%
[t=197] hour=946.0 decision=LT baseline=LT optimal=LT actual(algo)=3.71258e+07 actual(base)=3.71258e+07 increase=0.000%
[t=198] hour=947.0 decision=LT baseline=LT optimal=LT actual(algo)=3.73843e+07 actual(base)=3.73843e+07 increase=0.000%
[t=199] hour=948.0 decision=LT baseline=LT optimal=LT actual(algo)=3.98243e+07 actual(base)=3.98243e+07 increase=0.000%
[t=200] hour=949.0 decision=LT baseline=LT optimal=LT actual(algo)=4.37978e+07 actual(base)=4.37978e+07 increase=0.000%
[t=201] hour=950.0 decision=LT baseline=LT optimal=LT actual(algo)=3.96926e+07 actual(base)=3.96926e+07 increase=0.000%
[t=202] hour=951.0 decision=LT baseline=LT optimal=LT actual(algo)=4.38259e+07 actual(base)=4.38259e+07 increase=0.000%
[t=203] hour=952.0 decision=LT baseline=LT optimal=LT actual(algo)=4.28502e+07 actual(base)=4.28502e+07 increase=0.000%
[t=204] hour=953.0 decision=LT baseline=LT optimal=LT actual(algo)=4.21471e+07 actual(base)=4.21471e+07 increase=0.000%
[t=205] hour=954.0 decision=LT baseline=LT optimal=LT actual(algo)=1.84677e+07 actual(base)=1.84677e+07 increase=0.000%
[t=206] hour=955.0 decision=LT baseline=LT optimal=LT actual(algo)=2.32966e+07 actual(base)=2.32966e+07 increase=0.000%
[t=207] hour=956.0 decision=LT baseline=LT optimal=LT actual(algo)=2.34218e+07 actual(base)=2.34218e+07 increase=0.000%
[t=208] hour=957.0 decision=LT baseline=LT optimal=LT actual(algo)=2.72261e+07 actual(base)=2.72261e+07 increase=0.000%
[t=209] hour=958.0 decision=LT baseline=LT optimal=LT actual(algo)=3.13825e+07 actual(base)=3.13825e+07 increase=0.000%
[t=210] hour=959.0 decision=LT baseline=LT optimal=LT actual(algo)=2.94211e+07 actual(base)=2.94211e+07 increase=0.000%
[t=211] hour=960.0 decision=LT baseline=LT optimal=LT actual(algo)=2.30582e+07 actual(base)=2.30582e+07 increase=0.000%
[t=212] hour=961.0 decision=LT baseline=LT optimal=LT actual(algo)=1.82379e+07 actual(base)=1.82379e+07 increase=0.000%
[t=213] hour=962.0 decision=LT baseline=LT optimal=LT actual(algo)=1.23198e+07 actual(base)=1.23198e+07 increase=0.000%
[t=214] hour=963.0 decision=LT baseline=LT optimal=LT actual(algo)=9.57398e+06 actual(base)=9.57398e+06 increase=0.000%
[t=215] hour=964.0 decision=LT baseline=LT optimal=LT actual(algo)=7.81258e+06 actual(base)=7.81258e+06 increase=0.000%
[t=216] hour=965.0 decision=LT baseline=LT optimal=LT actual(algo)=7.03707e+06 actual(base)=7.03707e+06 increase=0.000%
[t=217] hour=966.0 decision=LT baseline=LT optimal=LT actual(algo)=7.09417e+06 actual(base)=7.09417e+06 increase=0.000%
[t=218] hour=967.0 decision=LT baseline=LT optimal=LT actual(algo)=9.7199e+06 actual(base)=9.7199e+06 increase=0.000%
[t=219] hour=968.0 decision=LT baseline=LT optimal=LT actual(algo)=1.61886e+07 actual(base)=1.61886e+07 increase=0.000%
[t=220] hour=969.0 decision=LT baseline=LT optimal=LT actual(algo)=1.95172e+07 actual(base)=1.95172e+07 increase=0.000%
[t=221] hour=970.0 decision=LT baseline=LT optimal=LT actual(algo)=1.95461e+07 actual(base)=1.95461e+07 increase=0.000%
[t=222] hour=971.0 decision=LT baseline=LT optimal=LT actual(algo)=1.98482e+07 actual(base)=1.98482e+07 increase=0.000%
[t=223] hour=972.0 decision=LT baseline=LT optimal=LT actual(algo)=2.0272e+07 actual(base)=2.0272e+07 increase=0.000%
[t=224] hour=973.0 decision=LT baseline=LT optimal=LT actual(algo)=1.97396e+07 actual(base)=1.97396e+07 increase=0.000%
[t=225] hour=974.0 decision=LT baseline=LT optimal=LT actual(algo)=1.9038e+07 actual(base)=1.9038e+07 increase=0.000%
[t=226] hour=975.0 decision=LT baseline=LT optimal=LT actual(algo)=1.8832e+07 actual(base)=1.8832e+07 increase=0.000%
[t=227] hour=976.0 decision=LT baseline=LT optimal=LT actual(algo)=1.91323e+07 actual(base)=1.91323e+07 increase=0.000%
[t=228] hour=977.0 decision=LT baseline=LT optimal=LT actual(algo)=1.88634e+07 actual(base)=1.88634e+07 increase=0.000%
[t=229] hour=978.0 decision=LT baseline=LT optimal=LT actual(algo)=1.88487e+07 actual(base)=1.88487e+07 increase=0.000%
[t=230] hour=979.0 decision=LT baseline=LT optimal=LT actual(algo)=1.98737e+07 actual(base)=1.98737e+07 increase=0.000%
[t=231] hour=980.0 decision=LT baseline=LT optimal=LT actual(algo)=2.12369e+07 actual(base)=2.12369e+07 increase=0.000%
[t=232] hour=981.0 decision=LT baseline=LT optimal=LT actual(algo)=2.16482e+07 actual(base)=2.16482e+07 increase=0.000%
[t=233] hour=982.0 decision=LT baseline=LT optimal=LT actual(algo)=2.25343e+07 actual(base)=2.25343e+07 increase=0.000%
[t=234] hour=983.0 decision=LT baseline=LT optimal=LT actual(algo)=2.02614e+07 actual(base)=2.02614e+07 increase=0.000%
[t=235] hour=984.0 decision=LT baseline=LT optimal=LT actual(algo)=1.80171e+07 actual(base)=1.80171e+07 increase=0.000%
[t=236] hour=985.0 decision=LT baseline=LT optimal=LT actual(algo)=7.42922e+06 actual(base)=7.42922e+06 increase=0.000%
[t=237] hour=986.0 decision=LT baseline=LT optimal=LT actual(algo)=7.75178e+06 actual(base)=7.75178e+06 increase=0.000%
[t=238] hour=987.0 decision=LT baseline=LT optimal=LT actual(algo)=7.40083e+06 actual(base)=7.40083e+06 increase=0.000%
[t=239] hour=988.0 decision=LT baseline=LT optimal=LT actual(algo)=7.61088e+06 actual(base)=7.61088e+06 increase=0.000%
[t=240] hour=989.0 decision=LT baseline=LT optimal=LT actual(algo)=7.14384e+06 actual(base)=7.14384e+06 increase=0.000%
[t=241] hour=990.0 decision=LT baseline=LT optimal=LT actual(algo)=8.05717e+06 actual(base)=8.05717e+06 increase=0.000%
[t=242] hour=991.0 decision=LT baseline=LT optimal=LT actual(algo)=1.0756e+07 actual(base)=1.0756e+07 increase=0.000%
[t=243] hour=992.0 decision=LT baseline=LT optimal=LT actual(algo)=2.04894e+07 actual(base)=2.04894e+07 increase=0.000%
[t=244] hour=993.0 decision=LT baseline=LT optimal=LT actual(algo)=3.0449e+07 actual(base)=3.0449e+07 increase=0.000%
[t=245] hour=994.0 decision=LT baseline=LT optimal=LT actual(algo)=3.47245e+07 actual(base)=3.47245e+07 increase=0.000%
[t=246] hour=995.0 decision=LT baseline=LT optimal=LT actual(algo)=3.54262e+07 actual(base)=3.54262e+07 increase=0.000%
[t=247] hour=996.0 decision=LT baseline=LT optimal=LT actual(algo)=3.08866e+07 actual(base)=3.08866e+07 increase=0.000%
[t=248] hour=997.0 decision=LT baseline=LT optimal=LT actual(algo)=3.24972e+07 actual(base)=3.24972e+07 increase=0.000%
[t=249] hour=998.0 decision=LT baseline=LT optimal=LT actual(algo)=3.51645e+07 actual(base)=3.51645e+07 increase=0.000%
[t=250] hour=999.0 decision=LT baseline=LT optimal=LT actual(algo)=3.63887e+07 actual(base)=3.63887e+07 increase=0.000%
[t=251] hour=1000.0 decision=LT baseline=LT optimal=LT actual(algo)=3.73159e+07 actual(base)=3.73159e+07 increase=0.000%
[t=252] hour=1001.0 decision=LT baseline=LT optimal=LT actual(algo)=4.02413e+07 actual(base)=4.02413e+07 increase=0.000%
[t=253] hour=1002.0 decision=LT baseline=LT optimal=LT actual(algo)=4.45458e+07 actual(base)=4.45458e+07 increase=0.000%
[t=254] hour=1003.0 decision=LT baseline=LT optimal=LT actual(algo)=4.62077e+07 actual(base)=4.62077e+07 increase=0.000%
[t=255] hour=1004.0 decision=LT baseline=LT optimal=LT actual(algo)=5.33254e+07 actual(base)=5.33254e+07 increase=0.000%
[t=256] hour=1005.0 decision=LT baseline=LT optimal=LT actual(algo)=4.52188e+07 actual(base)=4.52188e+07 increase=0.000%
[t=257] hour=1006.0 decision=LT baseline=LT optimal=LT actual(algo)=3.80333e+07 actual(base)=3.80333e+07 increase=0.000%
[t=258] hour=1007.0 decision=LT baseline=LT optimal=LT actual(algo)=2.99535e+07 actual(base)=2.99535e+07 increase=0.000%
[t=259] hour=1008.0 decision=LT baseline=LT optimal=LT actual(algo)=2.52056e+07 actual(base)=2.52056e+07 increase=0.000%
[t=260] hour=1009.0 decision=LT baseline=LT optimal=LT actual(algo)=2.08218e+07 actual(base)=2.08218e+07 increase=0.000%
[t=261] hour=1010.0 decision=LT baseline=LT optimal=LT actual(algo)=1.57202e+07 actual(base)=1.57202e+07 increase=0.000%
[t=262] hour=1011.0 decision=LT baseline=LT optimal=LT actual(algo)=1.14349e+07 actual(base)=1.14349e+07 increase=0.000%
[t=263] hour=1012.0 decision=LT baseline=LT optimal=LT actual(algo)=8.58747e+06 actual(base)=8.58747e+06 increase=0.000%
[t=264] hour=1013.0 decision=LT baseline=LT optimal=LT actual(algo)=7.0271e+06 actual(base)=7.0271e+06 increase=0.000%
[t=265] hour=1014.0 decision=LT baseline=LT optimal=LT actual(algo)=6.77478e+06 actual(base)=6.77478e+06 increase=0.000%
[t=266] hour=1015.0 decision=LT baseline=LT optimal=LT actual(algo)=7.33368e+06 actual(base)=7.33368e+06 increase=0.000%
[t=267] hour=1016.0 decision=LT baseline=LT optimal=LT actual(algo)=1.12312e+07 actual(base)=1.12312e+07 increase=0.000%
[t=268] hour=1017.0 decision=LT baseline=LT optimal=LT actual(algo)=1.48154e+07 actual(base)=1.48154e+07 increase=0.000%
[t=269] hour=1018.0 decision=LT baseline=LT optimal=LT actual(algo)=1.63727e+07 actual(base)=1.63727e+07 increase=0.000%
[t=270] hour=1019.0 decision=LT baseline=LT optimal=LT actual(algo)=1.76504e+07 actual(base)=1.76504e+07 increase=0.000%
[t=271] hour=1020.0 decision=LT baseline=LT optimal=LT actual(algo)=1.84899e+07 actual(base)=1.84899e+07 increase=0.000%
[t=272] hour=1021.0 decision=LT baseline=LT optimal=LT actual(algo)=2.0686e+07 actual(base)=2.0686e+07 increase=0.000%
[t=273] hour=1022.0 decision=LT baseline=LT optimal=LT actual(algo)=2.2658e+07 actual(base)=2.2658e+07 increase=0.000%
[t=274] hour=1023.0 decision=LT baseline=LT optimal=LT actual(algo)=2.32094e+07 actual(base)=2.32094e+07 increase=0.000%
[t=275] hour=1024.0 decision=LT baseline=LT optimal=LT actual(algo)=2.78203e+07 actual(base)=2.78203e+07 increase=0.000%
[t=276] hour=1025.0 decision=LT baseline=LT optimal=LT actual(algo)=2.88643e+07 actual(base)=2.88643e+07 increase=0.000%
[t=277] hour=1026.0 decision=LT baseline=LT optimal=LT actual(algo)=2.72459e+07 actual(base)=2.72459e+07 increase=0.000%
[t=278] hour=1027.0 decision=LT baseline=LT optimal=LT actual(algo)=2.78911e+07 actual(base)=2.78911e+07 increase=0.000%
[t=279] hour=1028.0 decision=LT baseline=LT optimal=LT actual(algo)=3.09662e+07 actual(base)=3.09662e+07 increase=0.000%
[t=280] hour=1029.0 decision=LT baseline=LT optimal=LT actual(algo)=3.20514e+07 actual(base)=3.20514e+07 increase=0.000%
[t=281] hour=1030.0 decision=LT baseline=LT optimal=LT actual(algo)=3.33256e+07 actual(base)=3.33256e+07 increase=0.000%
[t=282] hour=1031.0 decision=LT baseline=LT optimal=LT actual(algo)=3.21615e+07 actual(base)=3.21615e+07 increase=0.000%
[t=283] hour=1032.0 decision=LT baseline=LT optimal=LT actual(algo)=2.58945e+07 actual(base)=2.58945e+07 increase=0.000%
[t=284] hour=1033.0 decision=LT baseline=LT optimal=LT actual(algo)=2.1715e+07 actual(base)=2.1715e+07 increase=0.000%
[t=285] hour=1034.0 decision=LT baseline=LT optimal=LT actual(algo)=1.71029e+07 actual(base)=1.71029e+07 increase=0.000%
[t=286] hour=1035.0 decision=LT baseline=LT optimal=LT actual(algo)=1.18369e+07 actual(base)=1.18369e+07 increase=0.000%
[t=287] hour=1036.0 decision=LT baseline=LT optimal=LT actual(algo)=9.57909e+06 actual(base)=9.57909e+06 increase=0.000%
[t=288] hour=1037.0 decision=LT baseline=LT optimal=LT actual(algo)=7.28508e+06 actual(base)=7.28508e+06 increase=0.000%
[t=289] hour=1038.0 decision=LT baseline=LT optimal=LT actual(algo)=8.02139e+06 actual(base)=8.02139e+06 increase=0.000%
[t=290] hour=1039.0 decision=LT baseline=LT optimal=LT actual(algo)=7.989e+06 actual(base)=7.989e+06 increase=0.000%
[t=291] hour=1040.0 decision=LT baseline=LT optimal=LT actual(algo)=9.47565e+06 actual(base)=9.47565e+06 increase=0.000%
[t=292] hour=1041.0 decision=LT baseline=LT optimal=LT actual(algo)=1.36493e+07 actual(base)=1.36493e+07 increase=0.000%
[t=293] hour=1042.0 decision=LT baseline=LT optimal=LT actual(algo)=1.70053e+07 actual(base)=1.70053e+07 increase=0.000%
[t=294] hour=1043.0 decision=LT baseline=LT optimal=LT actual(algo)=1.86362e+07 actual(base)=1.86362e+07 increase=0.000%
[t=295] hour=1044.0 decision=LT baseline=LT optimal=LT actual(algo)=2.15402e+07 actual(base)=2.15402e+07 increase=0.000%
[t=296] hour=1045.0 decision=LT baseline=LT optimal=LT actual(algo)=2.3739e+07 actual(base)=2.3739e+07 increase=0.000%
[t=297] hour=1046.0 decision=LT baseline=LT optimal=LT actual(algo)=2.72407e+07 actual(base)=2.72407e+07 increase=0.000%
[t=298] hour=1047.0 decision=LT baseline=LT optimal=LT actual(algo)=3.25346e+07 actual(base)=3.25346e+07 increase=0.000%
[t=299] hour=1048.0 decision=LT baseline=LT optimal=LT actual(algo)=3.45952e+07 actual(base)=3.45952e+07 increase=0.000%
[t=300] hour=1049.0 decision=LT baseline=LT optimal=LT actual(algo)=3.93262e+07 actual(base)=3.93262e+07 increase=0.000%
[t=301] hour=1050.0 decision=LT baseline=LT optimal=LT actual(algo)=3.83079e+07 actual(base)=3.83079e+07 increase=0.000%
[t=302] hour=1051.0 decision=LT baseline=LT optimal=LT actual(algo)=3.34264e+07 actual(base)=3.34264e+07 increase=0.000%
[t=303] hour=1052.0 decision=LT baseline=LT optimal=LT actual(algo)=4.43943e+07 actual(base)=4.43943e+07 increase=0.000%
[t=304] hour=1053.0 decision=LT baseline=LT optimal=LT actual(algo)=4.62845e+07 actual(base)=4.62845e+07 increase=0.000%
[t=305] hour=1054.0 decision=LT baseline=LT optimal=LT actual(algo)=4.2982e+07 actual(base)=4.2982e+07 increase=0.000%
[t=306] hour=1055.0 decision=LT baseline=LT optimal=LT actual(algo)=3.68689e+07 actual(base)=3.68689e+07 increase=0.000%
[t=307] hour=1056.0 decision=LT baseline=LT optimal=LT actual(algo)=3.12357e+07 actual(base)=3.12357e+07 increase=0.000%
[t=308] hour=1057.0 decision=LT baseline=LT optimal=LT actual(algo)=2.57454e+07 actual(base)=2.57454e+07 increase=0.000%
[t=309] hour=1058.0 decision=LT baseline=LT optimal=LT actual(algo)=1.67227e+07 actual(base)=1.67227e+07 increase=0.000%
[t=310] hour=1059.0 decision=LT baseline=LT optimal=LT actual(algo)=1.16227e+07 actual(base)=1.16227e+07 increase=0.000%
[t=311] hour=1060.0 decision=LT baseline=LT optimal=LT actual(algo)=1.00362e+07 actual(base)=1.00362e+07 increase=0.000%
[t=312] hour=1061.0 decision=LT baseline=LT optimal=LT actual(algo)=8.28499e+06 actual(base)=8.28499e+06 increase=0.000%
[t=313] hour=1062.0 decision=LT baseline=LT optimal=LT actual(algo)=8.79106e+06 actual(base)=8.79106e+06 increase=0.000%
[t=314] hour=1063.0 decision=LT baseline=LT optimal=LT actual(algo)=1.05437e+07 actual(base)=1.05437e+07 increase=0.000%
[t=315] hour=1064.0 decision=LT baseline=LT optimal=LT actual(algo)=1.62769e+07 actual(base)=1.62769e+07 increase=0.000%
[t=316] hour=1065.0 decision=LT baseline=LT optimal=LT actual(algo)=2.25727e+07 actual(base)=2.25727e+07 increase=0.000%
[t=317] hour=1066.0 decision=LT baseline=LT optimal=LT actual(algo)=2.99929e+07 actual(base)=2.99929e+07 increase=0.000%
[t=318] hour=1067.0 decision=LT baseline=LT optimal=LT actual(algo)=3.10636e+07 actual(base)=3.10636e+07 increase=0.000%
[t=319] hour=1068.0 decision=LT baseline=LT optimal=LT actual(algo)=2.92927e+07 actual(base)=2.92927e+07 increase=0.000%
[t=320] hour=1069.0 decision=LT baseline=LT optimal=LT actual(algo)=3.79799e+07 actual(base)=3.79799e+07 increase=0.000%
[t=321] hour=1070.0 decision=LT baseline=LT optimal=LT actual(algo)=4.43078e+07 actual(base)=4.43078e+07 increase=0.000%
[t=322] hour=1071.0 decision=LT baseline=LT optimal=LT actual(algo)=4.91153e+07 actual(base)=4.91153e+07 increase=0.000%
[t=323] hour=1072.0 decision=LT baseline=LT optimal=LT actual(algo)=5.5937e+07 actual(base)=5.5937e+07 increase=0.000%
[t=324] hour=1073.0 decision=LT baseline=LT optimal=LT actual(algo)=5.25421e+07 actual(base)=5.25421e+07 increase=0.000%
[t=325] hour=1074.0 decision=LT baseline=LT optimal=LT actual(algo)=4.59063e+07 actual(base)=4.59063e+07 increase=0.000%
[t=326] hour=1075.0 decision=LT baseline=LT optimal=LT actual(algo)=4.90763e+07 actual(base)=4.90763e+07 increase=0.000%
[t=327] hour=1076.0 decision=LT baseline=LT optimal=LT actual(algo)=5.63585e+07 actual(base)=5.63585e+07 increase=0.000%
[t=328] hour=1077.0 decision=LT baseline=LT optimal=LT actual(algo)=5.42385e+07 actual(base)=5.42385e+07 increase=0.000%
[t=329] hour=1078.0 decision=LT baseline=LT optimal=LT actual(algo)=5.63414e+07 actual(base)=5.63414e+07 increase=0.000%
[t=330] hour=1079.0 decision=LT baseline=LT optimal=LT actual(algo)=5.07205e+07 actual(base)=5.07205e+07 increase=0.000%
[t=331] hour=1080.0 decision=LT baseline=LT optimal=LT actual(algo)=4.06599e+07 actual(base)=4.06599e+07 increase=0.000%
[t=332] hour=1081.0 decision=LT baseline=LT optimal=LT actual(algo)=3.43376e+07 actual(base)=3.43376e+07 increase=0.000%
[t=333] hour=1082.0 decision=LT baseline=LT optimal=LT actual(algo)=2.60006e+07 actual(base)=2.60006e+07 increase=0.000%
[t=334] hour=1083.0 decision=LT baseline=LT optimal=LT actual(algo)=2.16413e+07 actual(base)=2.16413e+07 increase=0.000%
[t=335] hour=1084.0 decision=LT baseline=LT optimal=LT actual(algo)=1.52938e+07 actual(base)=1.52938e+07 increase=0.000%
[t=336] hour=1085.0 decision=LT baseline=LT optimal=LT actual(algo)=1.33173e+07 actual(base)=1.33173e+07 increase=0.000%
[t=337] hour=1086.0 decision=LT baseline=LT optimal=LT actual(algo)=1.27388e+07 actual(base)=1.27388e+07 increase=0.000%
[t=338] hour=1087.0 decision=LT baseline=LT optimal=LT actual(algo)=1.58372e+07 actual(base)=1.58372e+07 increase=0.000%
[t=339] hour=1088.0 decision=LT baseline=LT optimal=LT actual(algo)=2.13695e+07 actual(base)=2.13695e+07 increase=0.000%
[t=340] hour=1089.0 decision=LT baseline=LT optimal=LT actual(algo)=2.08196e+07 actual(base)=2.08196e+07 increase=0.000%
[t=341] hour=1090.0 decision=LT baseline=LT optimal=LT actual(algo)=1.79242e+07 actual(base)=1.79242e+07 increase=0.000%
[t=342] hour=1091.0 decision=LT baseline=LT optimal=LT actual(algo)=2.23226e+07 actual(base)=2.23226e+07 increase=0.000%
[t=343] hour=1092.0 decision=LT baseline=LT optimal=LT actual(algo)=2.40586e+07 actual(base)=2.40586e+07 increase=0.000%
[t=344] hour=1093.0 decision=LT baseline=LT optimal=LT actual(algo)=2.49089e+07 actual(base)=2.49089e+07 increase=0.000%
[t=345] hour=1094.0 decision=LT baseline=LT optimal=LT actual(algo)=2.4375e+07 actual(base)=2.4375e+07 increase=0.000%
[t=346] hour=1095.0 decision=LT baseline=LT optimal=LT actual(algo)=2.70522e+07 actual(base)=2.70522e+07 increase=0.000%
[t=347] hour=1096.0 decision=LT baseline=LT optimal=LT actual(algo)=3.18889e+07 actual(base)=3.18889e+07 increase=0.000%
[t=348] hour=1097.0 decision=LT baseline=LT optimal=LT actual(algo)=3.38015e+07 actual(base)=3.38015e+07 increase=0.000%
[t=349] hour=1098.0 decision=LT baseline=LT optimal=LT actual(algo)=3.71787e+07 actual(base)=3.71787e+07 increase=0.000%
[t=350] hour=1099.0 decision=LT baseline=LT optimal=LT actual(algo)=4.00214e+07 actual(base)=4.00214e+07 increase=0.000%
[t=351] hour=1100.0 decision=LT baseline=LT optimal=LT actual(algo)=4.19824e+07 actual(base)=4.19824e+07 increase=0.000%
[t=352] hour=1101.0 decision=LT baseline=LT optimal=LT actual(algo)=4.11135e+07 actual(base)=4.11135e+07 increase=0.000%
[t=353] hour=1102.0 decision=LT baseline=LT optimal=LT actual(algo)=4.08361e+07 actual(base)=4.08361e+07 increase=0.000%
[t=354] hour=1103.0 decision=LT baseline=LT optimal=LT actual(algo)=3.46218e+07 actual(base)=3.46218e+07 increase=0.000%
[t=355] hour=1104.0 decision=LT baseline=LT optimal=LT actual(algo)=2.75505e+07 actual(base)=2.75505e+07 increase=0.000%
[t=356] hour=1105.0 decision=LT baseline=LT optimal=LT actual(algo)=2.44809e+07 actual(base)=2.44809e+07 increase=0.000%
[t=357] hour=1106.0 decision=LT baseline=LT optimal=LT actual(algo)=1.67437e+07 actual(base)=1.67437e+07 increase=0.000%
[t=358] hour=1107.0 decision=LT baseline=LT optimal=LT actual(algo)=1.2138e+07 actual(base)=1.2138e+07 increase=0.000%
[t=359] hour=1108.0 decision=LT baseline=LT optimal=LT actual(algo)=1.07544e+07 actual(base)=1.07544e+07 increase=0.000%
[t=360] hour=1109.0 decision=LT baseline=LT optimal=LT actual(algo)=1.09427e+07 actual(base)=1.09427e+07 increase=0.000%
[t=361] hour=1110.0 decision=LT baseline=LT optimal=LT actual(algo)=1.01912e+07 actual(base)=1.01912e+07 increase=0.000%
[t=362] hour=1111.0 decision=LT baseline=LT optimal=LT actual(algo)=1.56092e+07 actual(base)=1.56092e+07 increase=0.000%
[t=363] hour=1112.0 decision=LT baseline=LT optimal=LT actual(algo)=2.14706e+07 actual(base)=2.14706e+07 increase=0.000%
[t=364] hour=1113.0 decision=LT baseline=LT optimal=LT actual(algo)=3.08817e+07 actual(base)=3.08817e+07 increase=0.000%
[t=365] hour=1114.0 decision=LT baseline=LT optimal=LT actual(algo)=3.32344e+07 actual(base)=3.32344e+07 increase=0.000%
[t=366] hour=1115.0 decision=LT baseline=LT optimal=LT actual(algo)=3.54846e+07 actual(base)=3.54846e+07 increase=0.000%
[t=367] hour=1116.0 decision=LT baseline=LT optimal=LT actual(algo)=3.68536e+07 actual(base)=3.68536e+07 increase=0.000%
[t=368] hour=1117.0 decision=LT baseline=LT optimal=LT actual(algo)=3.46864e+07 actual(base)=3.46864e+07 increase=0.000%
[t=369] hour=1118.0 decision=LT baseline=LT optimal=LT actual(algo)=3.65122e+07 actual(base)=3.65122e+07 increase=0.000%
[t=370] hour=1119.0 decision=LT baseline=LT optimal=LT actual(algo)=4.02713e+07 actual(base)=4.02713e+07 increase=0.000%
[t=371] hour=1120.0 decision=LT baseline=LT optimal=LT actual(algo)=4.34823e+07 actual(base)=4.34823e+07 increase=0.000%
[t=372] hour=1121.0 decision=LT baseline=LT optimal=LT actual(algo)=4.4854e+07 actual(base)=4.4854e+07 increase=0.000%
[t=373] hour=1122.0 decision=LT baseline=LT optimal=LT actual(algo)=4.30816e+07 actual(base)=4.30816e+07 increase=0.000%
[t=374] hour=1123.0 decision=LT baseline=LT optimal=LT actual(algo)=4.6379e+07 actual(base)=4.6379e+07 increase=0.000%
[t=375] hour=1124.0 decision=LT baseline=LT optimal=LT actual(algo)=4.79892e+07 actual(base)=4.79892e+07 increase=0.000%
[t=376] hour=1125.0 decision=LT baseline=LT optimal=LT actual(algo)=5.34071e+07 actual(base)=5.34071e+07 increase=0.000%
[t=377] hour=1126.0 decision=LT baseline=LT optimal=LT actual(algo)=5.41613e+07 actual(base)=5.41613e+07 increase=0.000%
[t=378] hour=1127.0 decision=LT baseline=LT optimal=LT actual(algo)=5.39601e+07 actual(base)=5.39601e+07 increase=0.000%
[t=379] hour=1128.0 decision=LT baseline=LT optimal=LT actual(algo)=4.58051e+07 actual(base)=4.58051e+07 increase=0.000%
[t=380] hour=1129.0 decision=LT baseline=LT optimal=LT actual(algo)=3.55399e+07 actual(base)=3.55399e+07 increase=0.000%
[t=381] hour=1130.0 decision=LT baseline=LT optimal=GB actual(algo)=5.11563e+07 actual(base)=5.11563e+07 increase=0.000%
[t=382] hour=1131.0 decision=GB baseline=GB optimal=GB actual(algo)=3.56322e+07 actual(base)=3.56322e+07 increase=0.000%
[t=383] hour=1132.0 decision=GB baseline=GB optimal=GB actual(algo)=2.62708e+07 actual(base)=2.62708e+07 increase=0.000%
[t=384] hour=1133.0 decision=GB baseline=GB optimal=GB actual(algo)=2.51981e+07 actual(base)=2.51981e+07 increase=0.000%
[t=385] hour=1134.0 decision=GB baseline=GB optimal=GB actual(algo)=3.34527e+07 actual(base)=3.34527e+07 increase=0.000%
[t=386] hour=1135.0 decision=GB baseline=GB optimal=GB actual(algo)=4.98863e+07 actual(base)=4.98863e+07 increase=0.000%
[t=387] hour=1136.0 decision=GB baseline=GB optimal=GB actual(algo)=7.60223e+07 actual(base)=7.60223e+07 increase=0.000%
[t=388] hour=1137.0 decision=GB baseline=GB optimal=GB actual(algo)=7.19029e+07 actual(base)=7.19029e+07 increase=0.000%
[t=389] hour=1138.0 decision=LT baseline=LT optimal=GB actual(algo)=6.07043e+07 actual(base)=6.07043e+07 increase=0.000%
[t=390] hour=1139.0 decision=LT baseline=LT optimal=GB actual(algo)=5.22236e+07 actual(base)=5.22236e+07 increase=0.000%
[t=391] hour=1140.0 decision=GB baseline=GB optimal=GB actual(algo)=5.72779e+07 actual(base)=5.72779e+07 increase=0.000%
[t=392] hour=1141.0 decision=GB baseline=GB optimal=GB actual(algo)=6.33735e+07 actual(base)=6.33735e+07 increase=0.000%
[t=393] hour=1142.0 decision=GB baseline=GB optimal=GB actual(algo)=7.12428e+07 actual(base)=7.12428e+07 increase=0.000%
[t=394] hour=1143.0 decision=GB baseline=GB optimal=GB actual(algo)=9.62614e+07 actual(base)=9.62614e+07 increase=0.000%
[t=395] hour=1144.0 decision=GB baseline=GB optimal=LT actual(algo)=1.0517e+08 actual(base)=1.0517e+08 increase=0.000%
[t=396] hour=1145.0 decision=LT baseline=LT optimal=LT actual(algo)=4.70427e+07 actual(base)=4.70427e+07 increase=0.000%
[t=397] hour=1146.0 decision=LT baseline=LT optimal=LT actual(algo)=4.68138e+07 actual(base)=4.68138e+07 increase=0.000%
[t=398] hour=1147.0 decision=LT baseline=LT optimal=LT actual(algo)=4.47889e+07 actual(base)=4.47889e+07 increase=0.000%
[t=399] hour=1148.0 decision=LT baseline=LT optimal=LT actual(algo)=5.33264e+07 actual(base)=5.33264e+07 increase=0.000%
[t=400] hour=1149.0 decision=LT baseline=LT optimal=LT actual(algo)=5.54268e+07 actual(base)=5.54268e+07 increase=0.000%
[t=401] hour=1150.0 decision=LT baseline=LT optimal=LT actual(algo)=5.69778e+07 actual(base)=5.69778e+07 increase=0.000%
[t=402] hour=1151.0 decision=LT baseline=LT optimal=LT actual(algo)=5.9135e+07 actual(base)=5.9135e+07 increase=0.000%
[t=403] hour=1152.0 decision=LT baseline=LT optimal=LT actual(algo)=5.18834e+07 actual(base)=5.18834e+07 increase=0.000%
[t=404] hour=1153.0 decision=LT baseline=LT optimal=LT actual(algo)=2.31481e+07 actual(base)=2.31481e+07 increase=0.000%
[t=405] hour=1154.0 decision=LT baseline=LT optimal=LT actual(algo)=1.78069e+07 actual(base)=1.78069e+07 increase=0.000%
[t=406] hour=1155.0 decision=LT baseline=LT optimal=LT actual(algo)=1.22613e+07 actual(base)=1.22613e+07 increase=0.000%
[t=407] hour=1156.0 decision=LT baseline=LT optimal=LT actual(algo)=1.07053e+07 actual(base)=1.07053e+07 increase=0.000%
[t=408] hour=1157.0 decision=LT baseline=LT optimal=LT actual(algo)=9.50372e+06 actual(base)=9.50372e+06 increase=0.000%
[t=409] hour=1158.0 decision=LT baseline=LT optimal=LT actual(algo)=9.03115e+06 actual(base)=9.03115e+06 increase=0.000%
[t=410] hour=1159.0 decision=LT baseline=LT optimal=LT actual(algo)=1.29266e+07 actual(base)=1.29266e+07 increase=0.000%
[t=411] hour=1160.0 decision=LT baseline=LT optimal=LT actual(algo)=2.08327e+07 actual(base)=2.08327e+07 increase=0.000%
[t=412] hour=1161.0 decision=LT baseline=LT optimal=LT actual(algo)=2.75537e+07 actual(base)=2.75537e+07 increase=0.000%
[t=413] hour=1162.0 decision=LT baseline=LT optimal=LT actual(algo)=2.88507e+07 actual(base)=2.88507e+07 increase=0.000%
[t=414] hour=1163.0 decision=LT baseline=LT optimal=LT actual(algo)=3.22805e+07 actual(base)=3.22805e+07 increase=0.000%
[t=415] hour=1164.0 decision=LT baseline=LT optimal=LT actual(algo)=3.6545e+07 actual(base)=3.6545e+07 increase=0.000%
[t=416] hour=1165.0 decision=LT baseline=LT optimal=LT actual(algo)=4.11065e+07 actual(base)=4.11065e+07 increase=0.000%
[t=417] hour=1166.0 decision=LT baseline=LT optimal=LT actual(algo)=4.96363e+07 actual(base)=4.96363e+07 increase=0.000%
[t=418] hour=1167.0 decision=LT baseline=LT optimal=LT actual(algo)=5.23208e+07 actual(base)=5.23208e+07 increase=0.000%
[t=419] hour=1168.0 decision=LT baseline=LT optimal=LT actual(algo)=5.7493e+07 actual(base)=5.7493e+07 increase=0.000%
[t=420] hour=1169.0 decision=LT baseline=LT optimal=LT actual(algo)=5.92785e+07 actual(base)=5.92785e+07 increase=0.000%
[t=421] hour=1170.0 decision=LT baseline=LT optimal=LT actual(algo)=5.86758e+07 actual(base)=5.86758e+07 increase=0.000%
[t=422] hour=1171.0 decision=LT baseline=LT optimal=LT actual(algo)=6.21156e+07 actual(base)=6.21156e+07 increase=0.000%
[t=423] hour=1172.0 decision=LT baseline=LT optimal=LT actual(algo)=7.57226e+07 actual(base)=7.57226e+07 increase=0.000%
[t=424] hour=1173.0 decision=LT baseline=LT optimal=LT actual(algo)=7.43738e+07 actual(base)=7.43738e+07 increase=0.000%
[t=425] hour=1174.0 decision=LT baseline=LT optimal=LT actual(algo)=6.94967e+07 actual(base)=6.94967e+07 increase=0.000%
[t=426] hour=1175.0 decision=LT baseline=LT optimal=LT actual(algo)=6.7401e+07 actual(base)=6.7401e+07 increase=0.000%
[t=427] hour=1176.0 decision=LT baseline=LT optimal=LT actual(algo)=6.43579e+07 actual(base)=6.43579e+07 increase=0.000%
[t=428] hour=1177.0 decision=LT baseline=LT optimal=LT actual(algo)=4.60178e+07 actual(base)=4.60178e+07 increase=0.000%
[t=429] hour=1178.0 decision=LT baseline=LT optimal=LT actual(algo)=3.9758e+07 actual(base)=3.9758e+07 increase=0.000%
[t=430] hour=1179.0 decision=LT baseline=LT optimal=LT actual(algo)=3.88539e+07 actual(base)=3.88539e+07 increase=0.000%
[t=431] hour=1180.0 decision=LT baseline=LT optimal=LT actual(algo)=4.08974e+07 actual(base)=4.08974e+07 increase=0.000%
[t=432] hour=1181.0 decision=LT baseline=LT optimal=LT actual(algo)=5.18378e+07 actual(base)=5.18378e+07 increase=0.000%
[t=433] hour=1182.0 decision=GB baseline=GB optimal=GB actual(algo)=5.70294e+07 actual(base)=5.70294e+07 increase=0.000%
[t=434] hour=1183.0 decision=GB baseline=GB optimal=GB actual(algo)=6.92859e+07 actual(base)=6.92859e+07 increase=0.000%
[t=435] hour=1184.0 decision=GB baseline=GB optimal=LT actual(algo)=9.82525e+07 actual(base)=9.82525e+07 increase=0.000%
[t=436] hour=1185.0 decision=LT baseline=LT optimal=LT actual(algo)=1.20939e+08 actual(base)=1.20939e+08 increase=0.000%
[t=437] hour=1186.0 decision=LT baseline=LT optimal=LT actual(algo)=1.27957e+08 actual(base)=1.27957e+08 increase=0.000%
[t=438] hour=1187.0 decision=LT baseline=LT optimal=LT actual(algo)=1.33021e+08 actual(base)=1.33021e+08 increase=0.000%
[t=439] hour=1188.0 decision=GB baseline=LT optimal=LT actual(algo)=1.51119e+08 actual(base)=1.50245e+08 increase=0.582%
[t=440] hour=1189.0 decision=GB baseline=GB optimal=GB actual(algo)=1.53135e+08 actual(base)=1.53135e+08 increase=0.000%
[t=441] hour=1190.0 decision=GB baseline=GB optimal=GB actual(algo)=1.55174e+08 actual(base)=1.55174e+08 increase=0.000%
[t=442] hour=1191.0 decision=GB baseline=GB optimal=GB actual(algo)=1.66885e+08 actual(base)=1.66885e+08 increase=0.000%
[t=443] hour=1192.0 decision=GB baseline=GB optimal=GB actual(algo)=1.7647e+08 actual(base)=1.7647e+08 increase=0.000%
[t=444] hour=1193.0 decision=GB baseline=GB optimal=GB actual(algo)=1.77414e+08 actual(base)=1.77414e+08 increase=0.000%
[t=445] hour=1194.0 decision=GB baseline=GB optimal=GB actual(algo)=1.86011e+08 actual(base)=1.86011e+08 increase=0.000%
[t=446] hour=1195.0 decision=GB baseline=LT optimal=GB actual(algo)=1.84412e+08 actual(base)=2.00588e+08 decrease=-8.064%
[t=447] hour=1196.0 decision=LT baseline=LT optimal=LT actual(algo)=1.47367e+08 actual(base)=1.47367e+08 increase=0.000%
[t=448] hour=1197.0 decision=LT baseline=LT optimal=LT actual(algo)=5.57002e+07 actual(base)=5.57002e+07 increase=0.000%
[t=449] hour=1198.0 decision=LT baseline=LT optimal=LT actual(algo)=5.95832e+07 actual(base)=5.95832e+07 increase=0.000%
[t=450] hour=1199.0 decision=LT baseline=LT optimal=LT actual(algo)=5.14905e+07 actual(base)=5.14905e+07 increase=0.000%
[t=451] hour=1200.0 decision=LT baseline=LT optimal=LT actual(algo)=5.08416e+07 actual(base)=5.08416e+07 increase=0.000%
[t=452] hour=1201.0 decision=LT baseline=LT optimal=LT actual(algo)=6.56283e+07 actual(base)=6.56283e+07 increase=0.000%
[t=453] hour=1202.0 decision=GB baseline=LT optimal=LT actual(algo)=7.8104e+07 actual(base)=7.48654e+07 increase=4.326%
[t=454] hour=1203.0 decision=GB baseline=GB optimal=LT actual(algo)=6.75413e+07 actual(base)=6.75413e+07 increase=0.000%
[t=455] hour=1204.0 decision=GB baseline=GB optimal=GB actual(algo)=5.48185e+07 actual(base)=5.48185e+07 increase=0.000%
[t=456] hour=1205.0 decision=GB baseline=GB optimal=LT actual(algo)=5.01382e+07 actual(base)=5.01382e+07 increase=0.000%
[t=457] hour=1206.0 decision=LT baseline=LT optimal=LT actual(algo)=4.47828e+07 actual(base)=4.47828e+07 increase=0.000%
[t=458] hour=1207.0 decision=LT baseline=LT optimal=LT actual(algo)=6.13398e+07 actual(base)=6.13398e+07 increase=0.000%
[t=459] hour=1208.0 decision=LT baseline=LT optimal=LT actual(algo)=7.83511e+07 actual(base)=7.83511e+07 increase=0.000%
[t=460] hour=1209.0 decision=LT baseline=LT optimal=LT actual(algo)=8.80432e+07 actual(base)=8.80432e+07 increase=0.000%
[t=461] hour=1210.0 decision=LT baseline=LT optimal=LT actual(algo)=1.02444e+08 actual(base)=1.02444e+08 increase=0.000%
[t=462] hour=1211.0 decision=LT baseline=LT optimal=LT actual(algo)=1.15381e+08 actual(base)=1.15381e+08 increase=0.000%
[t=463] hour=1212.0 decision=LT baseline=LT optimal=LT actual(algo)=1.08544e+08 actual(base)=1.08544e+08 increase=0.000%
[t=464] hour=1213.0 decision=LT baseline=LT optimal=GB actual(algo)=1.29558e+08 actual(base)=1.29558e+08 increase=0.000%
[t=465] hour=1214.0 decision=GB baseline=LT optimal=GB actual(algo)=1.36414e+08 actual(base)=1.75514e+08 decrease=-22.277%
[t=466] hour=1215.0 decision=GB baseline=GB optimal=GB actual(algo)=1.4282e+08 actual(base)=1.4282e+08 increase=0.000%
[t=467] hour=1216.0 decision=GB baseline=GB optimal=GB actual(algo)=1.49251e+08 actual(base)=1.49251e+08 increase=0.000%
[t=468] hour=1217.0 decision=GB baseline=LT optimal=GB actual(algo)=1.54456e+08 actual(base)=1.74179e+08 decrease=-11.323%
[t=469] hour=1218.0 decision=LT baseline=LT optimal=GB actual(algo)=1.82111e+08 actual(base)=1.82111e+08 increase=0.000%
[t=470] hour=1219.0 decision=GB baseline=LT optimal=GB actual(algo)=1.50842e+08 actual(base)=1.53455e+08 decrease=-1.703%
[t=471] hour=1220.0 decision=LT baseline=LT optimal=LT actual(algo)=5.96704e+07 actual(base)=5.96704e+07 increase=0.000%
[t=472] hour=1221.0 decision=LT baseline=LT optimal=LT actual(algo)=5.73253e+07 actual(base)=5.73253e+07 increase=0.000%
[t=473] hour=1222.0 decision=LT baseline=LT optimal=LT actual(algo)=5.0032e+07 actual(base)=5.0032e+07 increase=0.000%
[t=474] hour=1223.0 decision=LT baseline=LT optimal=LT actual(algo)=4.31363e+07 actual(base)=4.31363e+07 increase=0.000%
[t=475] hour=1224.0 decision=LT baseline=LT optimal=LT actual(algo)=4.40801e+07 actual(base)=4.40801e+07 increase=0.000%
[t=476] hour=1225.0 decision=LT baseline=LT optimal=LT actual(algo)=3.62328e+07 actual(base)=3.62328e+07 increase=0.000%
[t=477] hour=1226.0 decision=LT baseline=LT optimal=LT actual(algo)=2.39129e+07 actual(base)=2.39129e+07 increase=0.000%
[t=478] hour=1227.0 decision=LT baseline=LT optimal=LT actual(algo)=1.7707e+07 actual(base)=1.7707e+07 increase=0.000%
[t=479] hour=1228.0 decision=LT baseline=LT optimal=LT actual(algo)=1.39746e+07 actual(base)=1.39746e+07 increase=0.000%
[t=480] hour=1229.0 decision=LT baseline=LT optimal=LT actual(algo)=1.08138e+07 actual(base)=1.08138e+07 increase=0.000%
[t=481] hour=1230.0 decision=LT baseline=LT optimal=LT actual(algo)=1.05312e+07 actual(base)=1.05312e+07 increase=0.000%
[t=482] hour=1231.0 decision=LT baseline=LT optimal=LT actual(algo)=1.30966e+07 actual(base)=1.30966e+07 increase=0.000%
[t=483] hour=1232.0 decision=LT baseline=LT optimal=LT actual(algo)=1.83422e+07 actual(base)=1.83422e+07 increase=0.000%
[t=484] hour=1233.0 decision=LT baseline=LT optimal=LT actual(algo)=2.46163e+07 actual(base)=2.46163e+07 increase=0.000%
[t=485] hour=1234.0 decision=LT baseline=LT optimal=LT actual(algo)=2.80642e+07 actual(base)=2.80642e+07 increase=0.000%
[t=486] hour=1235.0 decision=LT baseline=LT optimal=LT actual(algo)=3.08781e+07 actual(base)=3.08781e+07 increase=0.000%
[t=487] hour=1236.0 decision=LT baseline=LT optimal=LT actual(algo)=3.01282e+07 actual(base)=3.01282e+07 increase=0.000%
[t=488] hour=1237.0 decision=LT baseline=LT optimal=LT actual(algo)=3.96451e+07 actual(base)=3.96451e+07 increase=0.000%
[t=489] hour=1238.0 decision=LT baseline=LT optimal=LT actual(algo)=5.60607e+07 actual(base)=5.60607e+07 increase=0.000%
[t=490] hour=1239.0 decision=LT baseline=LT optimal=LT actual(algo)=6.85532e+07 actual(base)=6.85532e+07 increase=0.000%
[t=491] hour=1240.0 decision=LT baseline=LT optimal=LT actual(algo)=6.63721e+07 actual(base)=6.63721e+07 increase=0.000%
[t=492] hour=1241.0 decision=LT baseline=LT optimal=LT actual(algo)=5.23761e+07 actual(base)=5.23761e+07 increase=0.000%
[t=493] hour=1242.0 decision=LT baseline=LT optimal=LT actual(algo)=4.86755e+07 actual(base)=4.86755e+07 increase=0.000%
[t=494] hour=1243.0 decision=LT baseline=LT optimal=LT actual(algo)=4.30773e+07 actual(base)=4.30773e+07 increase=0.000%
[t=495] hour=1244.0 decision=LT baseline=LT optimal=LT actual(algo)=5.55889e+07 actual(base)=5.55889e+07 increase=0.000%
[t=496] hour=1245.0 decision=LT baseline=LT optimal=LT actual(algo)=5.82303e+07 actual(base)=5.82303e+07 increase=0.000%
[t=497] hour=1246.0 decision=LT baseline=LT optimal=LT actual(algo)=5.58602e+07 actual(base)=5.58602e+07 increase=0.000%
[t=498] hour=1247.0 decision=LT baseline=LT optimal=LT actual(algo)=5.32366e+07 actual(base)=5.32366e+07 increase=0.000%
[t=499] hour=1248.0 decision=LT baseline=LT optimal=LT actual(algo)=3.92847e+07 actual(base)=3.92847e+07 increase=0.000%
[t=500] hour=1249.0 decision=LT baseline=LT optimal=LT actual(algo)=3.183e+07 actual(base)=3.183e+07 increase=0.000%
[t=501] hour=1250.0 decision=LT baseline=LT optimal=LT actual(algo)=2.15924e+07 actual(base)=2.15924e+07 increase=0.000%
[t=502] hour=1251.0 decision=LT baseline=LT optimal=LT actual(algo)=1.84255e+07 actual(base)=1.84255e+07 increase=0.000%
[t=503] hour=1252.0 decision=LT baseline=LT optimal=LT actual(algo)=1.61089e+07 actual(base)=1.61089e+07 increase=0.000%
[t=504] hour=1253.0 decision=LT baseline=LT optimal=LT actual(algo)=1.52554e+07 actual(base)=1.52554e+07 increase=0.000%
[t=505] hour=1254.0 decision=LT baseline=LT optimal=LT actual(algo)=1.20384e+07 actual(base)=1.20384e+07 increase=0.000%
[t=506] hour=1255.0 decision=LT baseline=LT optimal=LT actual(algo)=1.33957e+07 actual(base)=1.33957e+07 increase=0.000%
[t=507] hour=1256.0 decision=LT baseline=LT optimal=LT actual(algo)=1.68876e+07 actual(base)=1.68876e+07 increase=0.000%
[t=508] hour=1257.0 decision=LT baseline=LT optimal=LT actual(algo)=2.41811e+07 actual(base)=2.41811e+07 increase=0.000%
[t=509] hour=1258.0 decision=LT baseline=LT optimal=LT actual(algo)=2.59158e+07 actual(base)=2.59158e+07 increase=0.000%
[t=510] hour=1259.0 decision=LT baseline=LT optimal=LT actual(algo)=2.53522e+07 actual(base)=2.53522e+07 increase=0.000%
[t=511] hour=1260.0 decision=LT baseline=LT optimal=LT actual(algo)=2.60074e+07 actual(base)=2.60074e+07 increase=0.000%
[t=512] hour=1261.0 decision=LT baseline=LT optimal=LT actual(algo)=2.60491e+07 actual(base)=2.60491e+07 increase=0.000%
[t=513] hour=1262.0 decision=LT baseline=LT optimal=LT actual(algo)=2.75873e+07 actual(base)=2.75873e+07 increase=0.000%
[t=514] hour=1263.0 decision=LT baseline=LT optimal=LT actual(algo)=3.13417e+07 actual(base)=3.13417e+07 increase=0.000%
[t=515] hour=1264.0 decision=LT baseline=LT optimal=LT actual(algo)=3.82824e+07 actual(base)=3.82824e+07 increase=0.000%
[t=516] hour=1265.0 decision=LT baseline=LT optimal=LT actual(algo)=4.07623e+07 actual(base)=4.07623e+07 increase=0.000%
[t=517] hour=1266.0 decision=LT baseline=LT optimal=LT actual(algo)=3.97307e+07 actual(base)=3.97307e+07 increase=0.000%
[t=518] hour=1267.0 decision=LT baseline=LT optimal=LT actual(algo)=4.24177e+07 actual(base)=4.24177e+07 increase=0.000%
[t=519] hour=1268.0 decision=LT baseline=LT optimal=LT actual(algo)=4.59694e+07 actual(base)=4.59694e+07 increase=0.000%
[t=520] hour=1269.0 decision=LT baseline=LT optimal=LT actual(algo)=4.82938e+07 actual(base)=4.82938e+07 increase=0.000%
[t=521] hour=1270.0 decision=LT baseline=LT optimal=LT actual(algo)=4.94308e+07 actual(base)=4.94308e+07 increase=0.000%
[t=522] hour=1271.0 decision=LT baseline=LT optimal=LT actual(algo)=4.93099e+07 actual(base)=4.93099e+07 increase=0.000%
[t=523] hour=1272.0 decision=LT baseline=LT optimal=LT actual(algo)=4.53779e+07 actual(base)=4.53779e+07 increase=0.000%
[t=524] hour=1273.0 decision=LT baseline=LT optimal=LT actual(algo)=3.47524e+07 actual(base)=3.47524e+07 increase=0.000%
[t=525] hour=1274.0 decision=LT baseline=LT optimal=LT actual(algo)=2.53111e+07 actual(base)=2.53111e+07 increase=0.000%
[t=526] hour=1275.0 decision=LT baseline=LT optimal=LT actual(algo)=1.91373e+07 actual(base)=1.91373e+07 increase=0.000%
[t=527] hour=1276.0 decision=LT baseline=LT optimal=LT actual(algo)=1.43432e+07 actual(base)=1.43432e+07 increase=0.000%
[t=528] hour=1277.0 decision=LT baseline=LT optimal=LT actual(algo)=1.1694e+07 actual(base)=1.1694e+07 increase=0.000%
[t=529] hour=1278.0 decision=LT baseline=LT optimal=LT actual(algo)=1.07817e+07 actual(base)=1.07817e+07 increase=0.000%
[t=530] hour=1279.0 decision=LT baseline=LT optimal=LT actual(algo)=1.51318e+07 actual(base)=1.51318e+07 increase=0.000%
[t=531] hour=1280.0 decision=LT baseline=LT optimal=LT actual(algo)=2.38162e+07 actual(base)=2.38162e+07 increase=0.000%
[t=532] hour=1281.0 decision=LT baseline=LT optimal=LT actual(algo)=3.24528e+07 actual(base)=3.24528e+07 increase=0.000%
[t=533] hour=1282.0 decision=LT baseline=LT optimal=LT actual(algo)=3.6465e+07 actual(base)=3.6465e+07 increase=0.000%
[t=534] hour=1283.0 decision=LT baseline=LT optimal=LT actual(algo)=3.82305e+07 actual(base)=3.82305e+07 increase=0.000%
[t=535] hour=1284.0 decision=LT baseline=LT optimal=LT actual(algo)=4.61252e+07 actual(base)=4.61252e+07 increase=0.000%
[t=536] hour=1285.0 decision=LT baseline=LT optimal=LT actual(algo)=6.01898e+07 actual(base)=6.01898e+07 increase=0.000%
[t=537] hour=1286.0 decision=LT baseline=LT optimal=LT actual(algo)=7.10145e+07 actual(base)=7.10145e+07 increase=0.000%
[t=538] hour=1287.0 decision=LT baseline=LT optimal=LT actual(algo)=7.5036e+07 actual(base)=7.5036e+07 increase=0.000%
[t=539] hour=1288.0 decision=LT baseline=LT optimal=LT actual(algo)=7.28917e+07 actual(base)=7.28917e+07 increase=0.000%
[t=540] hour=1289.0 decision=LT baseline=LT optimal=LT actual(algo)=6.35204e+07 actual(base)=6.35204e+07 increase=0.000%
[t=541] hour=1290.0 decision=LT baseline=LT optimal=LT actual(algo)=4.55663e+07 actual(base)=4.55663e+07 increase=0.000%
[t=542] hour=1291.0 decision=LT baseline=LT optimal=LT actual(algo)=3.81634e+07 actual(base)=3.81634e+07 increase=0.000%
[t=543] hour=1292.0 decision=LT baseline=LT optimal=LT actual(algo)=3.44195e+07 actual(base)=3.44195e+07 increase=0.000%
[t=544] hour=1293.0 decision=LT baseline=LT optimal=LT actual(algo)=3.06572e+07 actual(base)=3.06572e+07 increase=0.000%
[t=545] hour=1294.0 decision=LT baseline=LT optimal=LT actual(algo)=2.88033e+07 actual(base)=2.88033e+07 increase=0.000%
[t=546] hour=1295.0 decision=LT baseline=LT optimal=LT actual(algo)=2.6784e+07 actual(base)=2.6784e+07 increase=0.000%
[t=547] hour=1296.0 decision=LT baseline=LT optimal=LT actual(algo)=2.31831e+07 actual(base)=2.31831e+07 increase=0.000%
[t=548] hour=1297.0 decision=LT baseline=LT optimal=LT actual(algo)=1.74574e+07 actual(base)=1.74574e+07 increase=0.000%
[t=549] hour=1298.0 decision=LT baseline=LT optimal=LT actual(algo)=1.28736e+07 actual(base)=1.28736e+07 increase=0.000%
[t=550] hour=1299.0 decision=LT baseline=LT optimal=LT actual(algo)=9.70629e+06 actual(base)=9.70629e+06 increase=0.000%
[t=551] hour=1300.0 decision=LT baseline=LT optimal=LT actual(algo)=7.82129e+06 actual(base)=7.82129e+06 increase=0.000%
[t=552] hour=1301.0 decision=LT baseline=LT optimal=LT actual(algo)=7.53987e+06 actual(base)=7.53987e+06 increase=0.000%
[t=553] hour=1302.0 decision=LT baseline=LT optimal=LT actual(algo)=7.78324e+06 actual(base)=7.78324e+06 increase=0.000%
[t=554] hour=1303.0 decision=LT baseline=LT optimal=LT actual(algo)=1.04747e+07 actual(base)=1.04747e+07 increase=0.000%
[t=555] hour=1304.0 decision=LT baseline=LT optimal=LT actual(algo)=1.87433e+07 actual(base)=1.87433e+07 increase=0.000%
[t=556] hour=1305.0 decision=LT baseline=LT optimal=LT actual(algo)=2.76035e+07 actual(base)=2.76035e+07 increase=0.000%
[t=557] hour=1306.0 decision=LT baseline=LT optimal=LT actual(algo)=2.95334e+07 actual(base)=2.95334e+07 increase=0.000%
[t=558] hour=1307.0 decision=LT baseline=LT optimal=LT actual(algo)=3.01524e+07 actual(base)=3.01524e+07 increase=0.000%
[t=559] hour=1308.0 decision=LT baseline=LT optimal=LT actual(algo)=3.15171e+07 actual(base)=3.15171e+07 increase=0.000%
[t=560] hour=1309.0 decision=LT baseline=LT optimal=LT actual(algo)=4.17673e+07 actual(base)=4.17673e+07 increase=0.000%
[t=561] hour=1310.0 decision=LT baseline=LT optimal=LT actual(algo)=4.71556e+07 actual(base)=4.71556e+07 increase=0.000%
[t=562] hour=1311.0 decision=LT baseline=LT optimal=LT actual(algo)=4.4471e+07 actual(base)=4.4471e+07 increase=0.000%
[t=563] hour=1312.0 decision=LT baseline=LT optimal=LT actual(algo)=4.49032e+07 actual(base)=4.49032e+07 increase=0.000%
[t=564] hour=1313.0 decision=LT baseline=LT optimal=LT actual(algo)=4.66119e+07 actual(base)=4.66119e+07 increase=0.000%
[t=565] hour=1314.0 decision=LT baseline=LT optimal=LT actual(algo)=4.35477e+07 actual(base)=4.35477e+07 increase=0.000%
[t=566] hour=1315.0 decision=LT baseline=LT optimal=LT actual(algo)=3.88299e+07 actual(base)=3.88299e+07 increase=0.000%
[t=567] hour=1316.0 decision=LT baseline=LT optimal=LT actual(algo)=3.96598e+07 actual(base)=3.96598e+07 increase=0.000%
[t=568] hour=1317.0 decision=LT baseline=LT optimal=LT actual(algo)=4.2126e+07 actual(base)=4.2126e+07 increase=0.000%
[t=569] hour=1318.0 decision=LT baseline=LT optimal=LT actual(algo)=4.96321e+07 actual(base)=4.96321e+07 increase=0.000%
[t=570] hour=1319.0 decision=LT baseline=LT optimal=LT actual(algo)=4.83968e+07 actual(base)=4.83968e+07 increase=0.000%
[t=571] hour=1320.0 decision=LT baseline=LT optimal=LT actual(algo)=3.82783e+07 actual(base)=3.82783e+07 increase=0.000%
[t=572] hour=1321.0 decision=LT baseline=LT optimal=LT actual(algo)=1.66796e+07 actual(base)=1.66796e+07 increase=0.000%
[t=573] hour=1322.0 decision=LT baseline=LT optimal=LT actual(algo)=1.39821e+07 actual(base)=1.39821e+07 increase=0.000%
[t=574] hour=1323.0 decision=LT baseline=LT optimal=LT actual(algo)=1.4858e+07 actual(base)=1.4858e+07 increase=0.000%
[t=575] hour=1324.0 decision=LT baseline=LT optimal=LT actual(algo)=1.47411e+07 actual(base)=1.47411e+07 increase=0.000%
[t=576] hour=1325.0 decision=LT baseline=LT optimal=LT actual(algo)=1.27055e+07 actual(base)=1.27055e+07 increase=0.000%
[t=577] hour=1326.0 decision=LT baseline=LT optimal=LT actual(algo)=9.84425e+06 actual(base)=9.84425e+06 increase=0.000%
[t=578] hour=1327.0 decision=LT baseline=LT optimal=LT actual(algo)=1.17828e+07 actual(base)=1.17828e+07 increase=0.000%
[t=579] hour=1328.0 decision=LT baseline=LT optimal=LT actual(algo)=2.05047e+07 actual(base)=2.05047e+07 increase=0.000%
[t=580] hour=1329.0 decision=LT baseline=LT optimal=LT actual(algo)=2.67239e+07 actual(base)=2.67239e+07 increase=0.000%
[t=581] hour=1330.0 decision=LT baseline=LT optimal=LT actual(algo)=2.6853e+07 actual(base)=2.6853e+07 increase=0.000%
[t=582] hour=1331.0 decision=LT baseline=LT optimal=LT actual(algo)=2.44541e+07 actual(base)=2.44541e+07 increase=0.000%
[t=583] hour=1332.0 decision=LT baseline=LT optimal=LT actual(algo)=2.72313e+07 actual(base)=2.72313e+07 increase=0.000%
[t=584] hour=1333.0 decision=LT baseline=LT optimal=LT actual(algo)=3.23611e+07 actual(base)=3.23611e+07 increase=0.000%
[t=585] hour=1334.0 decision=LT baseline=LT optimal=LT actual(algo)=3.51547e+07 actual(base)=3.51547e+07 increase=0.000%
[t=586] hour=1335.0 decision=LT baseline=LT optimal=LT actual(algo)=4.28961e+07 actual(base)=4.28961e+07 increase=0.000%
[t=587] hour=1336.0 decision=LT baseline=LT optimal=LT actual(algo)=3.75364e+07 actual(base)=3.75364e+07 increase=0.000%
[t=588] hour=1337.0 decision=LT baseline=LT optimal=LT actual(algo)=4.39454e+07 actual(base)=4.39454e+07 increase=0.000%
[t=589] hour=1338.0 decision=LT baseline=LT optimal=LT actual(algo)=4.36509e+07 actual(base)=4.36509e+07 increase=0.000%
[t=590] hour=1339.0 decision=LT baseline=LT optimal=LT actual(algo)=4.57601e+07 actual(base)=4.57601e+07 increase=0.000%
[t=591] hour=1340.0 decision=LT baseline=LT optimal=LT actual(algo)=4.47402e+07 actual(base)=4.47402e+07 increase=0.000%
[t=592] hour=1341.0 decision=LT baseline=LT optimal=LT actual(algo)=3.85452e+07 actual(base)=3.85452e+07 increase=0.000%
[t=593] hour=1342.0 decision=LT baseline=LT optimal=LT actual(algo)=4.36166e+07 actual(base)=4.36166e+07 increase=0.000%
[t=594] hour=1343.0 decision=LT baseline=LT optimal=LT actual(algo)=4.08824e+07 actual(base)=4.08824e+07 increase=0.000%
[t=595] hour=1344.0 decision=LT baseline=LT optimal=LT actual(algo)=3.06709e+07 actual(base)=3.06709e+07 increase=0.000%
[t=596] hour=1345.0 decision=LT baseline=LT optimal=LT actual(algo)=2.5187e+07 actual(base)=2.5187e+07 increase=0.000%
[t=597] hour=1346.0 decision=LT baseline=LT optimal=LT actual(algo)=1.8264e+07 actual(base)=1.8264e+07 increase=0.000%
[t=598] hour=1347.0 decision=LT baseline=LT optimal=LT actual(algo)=1.54108e+07 actual(base)=1.54108e+07 increase=0.000%
[t=599] hour=1348.0 decision=LT baseline=LT optimal=LT actual(algo)=1.37752e+07 actual(base)=1.37752e+07 increase=0.000%
[t=600] hour=1349.0 decision=LT baseline=LT optimal=LT actual(algo)=1.12865e+07 actual(base)=1.12865e+07 increase=0.000%
[t=601] hour=1350.0 decision=LT baseline=LT optimal=LT actual(algo)=1.10133e+07 actual(base)=1.10133e+07 increase=0.000%
[t=602] hour=1351.0 decision=LT baseline=LT optimal=LT actual(algo)=1.43296e+07 actual(base)=1.43296e+07 increase=0.000%
[t=603] hour=1352.0 decision=LT baseline=LT optimal=LT actual(algo)=2.05294e+07 actual(base)=2.05294e+07 increase=0.000%
[t=604] hour=1353.0 decision=LT baseline=LT optimal=LT actual(algo)=2.85287e+07 actual(base)=2.85287e+07 increase=0.000%
[t=605] hour=1354.0 decision=LT baseline=LT optimal=LT actual(algo)=3.37113e+07 actual(base)=3.37113e+07 increase=0.000%
[t=606] hour=1355.0 decision=LT baseline=LT optimal=LT actual(algo)=3.42948e+07 actual(base)=3.42948e+07 increase=0.000%
[t=607] hour=1356.0 decision=LT baseline=LT optimal=LT actual(algo)=3.66083e+07 actual(base)=3.66083e+07 increase=0.000%
[t=608] hour=1357.0 decision=LT baseline=LT optimal=LT actual(algo)=4.12274e+07 actual(base)=4.12274e+07 increase=0.000%
[t=609] hour=1358.0 decision=LT baseline=LT optimal=LT actual(algo)=4.58103e+07 actual(base)=4.58103e+07 increase=0.000%
[t=610] hour=1359.0 decision=LT baseline=LT optimal=LT actual(algo)=4.25037e+07 actual(base)=4.25037e+07 increase=0.000%
[t=611] hour=1360.0 decision=LT baseline=LT optimal=LT actual(algo)=4.54044e+07 actual(base)=4.54044e+07 increase=0.000%
[t=612] hour=1361.0 decision=LT baseline=LT optimal=LT actual(algo)=4.20644e+07 actual(base)=4.20644e+07 increase=0.000%
[t=613] hour=1362.0 decision=LT baseline=LT optimal=LT actual(algo)=3.665e+07 actual(base)=3.665e+07 increase=0.000%
[t=614] hour=1363.0 decision=LT baseline=LT optimal=LT actual(algo)=3.76846e+07 actual(base)=3.76846e+07 increase=0.000%
[t=615] hour=1364.0 decision=LT baseline=LT optimal=LT actual(algo)=3.57786e+07 actual(base)=3.57786e+07 increase=0.000%
[t=616] hour=1365.0 decision=LT baseline=LT optimal=LT actual(algo)=4.21104e+07 actual(base)=4.21104e+07 increase=0.000%
[t=617] hour=1366.0 decision=LT baseline=LT optimal=LT actual(algo)=4.63982e+07 actual(base)=4.63982e+07 increase=0.000%
[t=618] hour=1367.0 decision=LT baseline=LT optimal=LT actual(algo)=5.25806e+07 actual(base)=5.25806e+07 increase=0.000%
[t=619] hour=1368.0 decision=LT baseline=LT optimal=LT actual(algo)=4.97175e+07 actual(base)=4.97175e+07 increase=0.000%
[t=620] hour=1369.0 decision=LT baseline=LT optimal=LT actual(algo)=3.89572e+07 actual(base)=3.89572e+07 increase=0.000%
[t=621] hour=1370.0 decision=LT baseline=LT optimal=LT actual(algo)=2.77568e+07 actual(base)=2.77568e+07 increase=0.000%
[t=622] hour=1371.0 decision=LT baseline=LT optimal=LT actual(algo)=2.11393e+07 actual(base)=2.11393e+07 increase=0.000%
[t=623] hour=1372.0 decision=LT baseline=LT optimal=LT actual(algo)=1.61003e+07 actual(base)=1.61003e+07 increase=0.000%
[t=624] hour=1373.0 decision=LT baseline=LT optimal=LT actual(algo)=1.37593e+07 actual(base)=1.37593e+07 increase=0.000%
[t=625] hour=1374.0 decision=LT baseline=LT optimal=LT actual(algo)=1.20551e+07 actual(base)=1.20551e+07 increase=0.000%
[t=626] hour=1375.0 decision=LT baseline=LT optimal=LT actual(algo)=1.33976e+07 actual(base)=1.33976e+07 increase=0.000%
[t=627] hour=1376.0 decision=LT baseline=LT optimal=LT actual(algo)=1.94103e+07 actual(base)=1.94103e+07 increase=0.000%
[t=628] hour=1377.0 decision=LT baseline=LT optimal=LT actual(algo)=2.97717e+07 actual(base)=2.97717e+07 increase=0.000%
[t=629] hour=1378.0 decision=LT baseline=LT optimal=LT actual(algo)=3.53058e+07 actual(base)=3.53058e+07 increase=0.000%
[t=630] hour=1379.0 decision=LT baseline=LT optimal=LT actual(algo)=3.96159e+07 actual(base)=3.96159e+07 increase=0.000%
[t=631] hour=1380.0 decision=LT baseline=LT optimal=LT actual(algo)=4.30878e+07 actual(base)=4.30878e+07 increase=0.000%
[t=632] hour=1381.0 decision=LT baseline=LT optimal=LT actual(algo)=5.25424e+07 actual(base)=5.25424e+07 increase=0.000%
[t=633] hour=1382.0 decision=LT baseline=LT optimal=LT actual(algo)=5.90734e+07 actual(base)=5.90734e+07 increase=0.000%
[t=634] hour=1383.0 decision=LT baseline=LT optimal=LT actual(algo)=6.19548e+07 actual(base)=6.19548e+07 increase=0.000%
[t=635] hour=1384.0 decision=LT baseline=LT optimal=LT actual(algo)=6.37884e+07 actual(base)=6.37884e+07 increase=0.000%
[t=636] hour=1385.0 decision=LT baseline=LT optimal=LT actual(algo)=6.01284e+07 actual(base)=6.01284e+07 increase=0.000%
[t=637] hour=1386.0 decision=LT baseline=LT optimal=LT actual(algo)=5.30527e+07 actual(base)=5.30527e+07 increase=0.000%
[t=638] hour=1387.0 decision=LT baseline=LT optimal=LT actual(algo)=5.38961e+07 actual(base)=5.38961e+07 increase=0.000%
[t=639] hour=1388.0 decision=LT baseline=LT optimal=LT actual(algo)=5.21578e+07 actual(base)=5.21578e+07 increase=0.000%
[t=640] hour=1389.0 decision=LT baseline=LT optimal=LT actual(algo)=4.38513e+07 actual(base)=4.38513e+07 increase=0.000%
[t=641] hour=1390.0 decision=LT baseline=LT optimal=LT actual(algo)=4.00642e+07 actual(base)=4.00642e+07 increase=0.000%
[t=642] hour=1391.0 decision=LT baseline=LT optimal=LT actual(algo)=4.06734e+07 actual(base)=4.06734e+07 increase=0.000%
[t=643] hour=1392.0 decision=LT baseline=LT optimal=LT actual(algo)=3.47018e+07 actual(base)=3.47018e+07 increase=0.000%
[t=644] hour=1393.0 decision=LT baseline=LT optimal=LT actual(algo)=2.5876e+07 actual(base)=2.5876e+07 increase=0.000%
[t=645] hour=1394.0 decision=LT baseline=LT optimal=LT actual(algo)=1.94989e+07 actual(base)=1.94989e+07 increase=0.000%
[t=646] hour=1395.0 decision=LT baseline=LT optimal=LT actual(algo)=1.67616e+07 actual(base)=1.67616e+07 increase=0.000%
[t=647] hour=1396.0 decision=LT baseline=LT optimal=LT actual(algo)=1.32723e+07 actual(base)=1.32723e+07 increase=0.000%
[t=648] hour=1397.0 decision=LT baseline=LT optimal=LT actual(algo)=1.15937e+07 actual(base)=1.15937e+07 increase=0.000%
[t=649] hour=1398.0 decision=LT baseline=LT optimal=LT actual(algo)=1.05011e+07 actual(base)=1.05011e+07 increase=0.000%
[t=650] hour=1399.0 decision=LT baseline=LT optimal=LT actual(algo)=1.27952e+07 actual(base)=1.27952e+07 increase=0.000%
[t=651] hour=1400.0 decision=LT baseline=LT optimal=LT actual(algo)=2.45063e+07 actual(base)=2.45063e+07 increase=0.000%
[t=652] hour=1401.0 decision=LT baseline=LT optimal=LT actual(algo)=3.27122e+07 actual(base)=3.27122e+07 increase=0.000%
[t=653] hour=1402.0 decision=LT baseline=LT optimal=LT actual(algo)=3.39852e+07 actual(base)=3.39852e+07 increase=0.000%
[t=654] hour=1403.0 decision=LT baseline=LT optimal=LT actual(algo)=3.44899e+07 actual(base)=3.44899e+07 increase=0.000%
[t=655] hour=1404.0 decision=LT baseline=LT optimal=LT actual(algo)=4.45309e+07 actual(base)=4.45309e+07 increase=0.000%
[t=656] hour=1405.0 decision=LT baseline=LT optimal=LT actual(algo)=5.37417e+07 actual(base)=5.37417e+07 increase=0.000%
[t=657] hour=1406.0 decision=LT baseline=LT optimal=LT actual(algo)=6.57702e+07 actual(base)=6.57702e+07 increase=0.000%
[t=658] hour=1407.0 decision=LT baseline=LT optimal=LT actual(algo)=5.92929e+07 actual(base)=5.92929e+07 increase=0.000%
[t=659] hour=1408.0 decision=LT baseline=LT optimal=LT actual(algo)=5.87187e+07 actual(base)=5.87187e+07 increase=0.000%
[t=660] hour=1409.0 decision=LT baseline=LT optimal=LT actual(algo)=5.36712e+07 actual(base)=5.36712e+07 increase=0.000%
[t=661] hour=1410.0 decision=LT baseline=LT optimal=LT actual(algo)=4.36107e+07 actual(base)=4.36107e+07 increase=0.000%
[t=662] hour=1411.0 decision=LT baseline=LT optimal=LT actual(algo)=3.65604e+07 actual(base)=3.65604e+07 increase=0.000%
[t=663] hour=1412.0 decision=LT baseline=LT optimal=LT actual(algo)=3.46315e+07 actual(base)=3.46315e+07 increase=0.000%
[t=664] hour=1413.0 decision=LT baseline=LT optimal=LT actual(algo)=3.05896e+07 actual(base)=3.05896e+07 increase=0.000%
[t=665] hour=1414.0 decision=LT baseline=LT optimal=LT actual(algo)=3.00481e+07 actual(base)=3.00481e+07 increase=0.000%
[t=666] hour=1415.0 decision=LT baseline=LT optimal=LT actual(algo)=2.75644e+07 actual(base)=2.75644e+07 increase=0.000%
[t=667] hour=1416.0 decision=LT baseline=LT optimal=LT actual(algo)=2.29439e+07 actual(base)=2.29439e+07 increase=0.000%
[t=668] hour=1417.0 decision=LT baseline=LT optimal=LT actual(algo)=1.69734e+07 actual(base)=1.69734e+07 increase=0.000%
[t=669] hour=1418.0 decision=LT baseline=LT optimal=LT actual(algo)=1.32367e+07 actual(base)=1.32367e+07 increase=0.000%
[t=670] hour=1419.0 decision=LT baseline=LT optimal=LT actual(algo)=1.19253e+07 actual(base)=1.19253e+07 increase=0.000%
[t=671] hour=1420.0 decision=LT baseline=LT optimal=LT actual(algo)=1.2514e+07 actual(base)=1.2514e+07 increase=0.000%
[t=672] hour=1421.0 decision=LT baseline=LT optimal=LT actual(algo)=1.40231e+07 actual(base)=1.40231e+07 increase=0.000%
[t=673] hour=1422.0 decision=LT baseline=LT optimal=LT actual(algo)=1.33073e+07 actual(base)=1.33073e+07 increase=0.000%
[t=674] hour=1423.0 decision=LT baseline=LT optimal=LT actual(algo)=1.56045e+07 actual(base)=1.56045e+07 increase=0.000%
[t=675] hour=1424.0 decision=LT baseline=LT optimal=LT actual(algo)=2.85727e+07 actual(base)=2.85727e+07 increase=0.000%
[t=676] hour=1425.0 decision=LT baseline=LT optimal=LT actual(algo)=3.5657e+07 actual(base)=3.5657e+07 increase=0.000%
[t=677] hour=1426.0 decision=LT baseline=LT optimal=LT actual(algo)=3.47624e+07 actual(base)=3.47624e+07 increase=0.000%
[t=678] hour=1427.0 decision=LT baseline=LT optimal=LT actual(algo)=3.06789e+07 actual(base)=3.06789e+07 increase=0.000%
[t=679] hour=1428.0 decision=LT baseline=LT optimal=LT actual(algo)=3.15515e+07 actual(base)=3.15515e+07 increase=0.000%
[t=680] hour=1429.0 decision=LT baseline=LT optimal=LT actual(algo)=3.73281e+07 actual(base)=3.73281e+07 increase=0.000%
[t=681] hour=1430.0 decision=LT baseline=LT optimal=LT actual(algo)=3.51124e+07 actual(base)=3.51124e+07 increase=0.000%
[t=682] hour=1431.0 decision=LT baseline=LT optimal=LT actual(algo)=3.24381e+07 actual(base)=3.24381e+07 increase=0.000%
[t=683] hour=1432.0 decision=LT baseline=LT optimal=LT actual(algo)=2.99189e+07 actual(base)=2.99189e+07 increase=0.000%
[t=684] hour=1433.0 decision=LT baseline=LT optimal=LT actual(algo)=3.054e+07 actual(base)=3.054e+07 increase=0.000%
[t=685] hour=1434.0 decision=LT baseline=LT optimal=LT actual(algo)=3.27045e+07 actual(base)=3.27045e+07 increase=0.000%
[t=686] hour=1435.0 decision=LT baseline=LT optimal=LT actual(algo)=4.09838e+07 actual(base)=4.09838e+07 increase=0.000%
[t=687] hour=1436.0 decision=LT baseline=LT optimal=LT actual(algo)=4.19362e+07 actual(base)=4.19362e+07 increase=0.000%
[t=688] hour=1437.0 decision=LT baseline=LT optimal=LT actual(algo)=4.20693e+07 actual(base)=4.20693e+07 increase=0.000%
[t=689] hour=1438.0 decision=LT baseline=LT optimal=LT actual(algo)=4.15778e+07 actual(base)=4.15778e+07 increase=0.000%
[t=690] hour=1439.0 decision=LT baseline=LT optimal=LT actual(algo)=4.17208e+07 actual(base)=4.17208e+07 increase=0.000%
================================================================================

Wrong decisions made:
[t=76] hour=825.0 decision=GB baseline=LT optimal=LT actual(algo)=5.89891e+07 actual(base)=5.08466e+07 increase=16.014%
[t=439] hour=1188.0 decision=GB baseline=LT optimal=LT actual(algo)=1.51119e+08 actual(base)=1.50245e+08 increase=0.582%
[t=453] hour=1202.0 decision=GB baseline=LT optimal=LT actual(algo)=7.8104e+07 actual(base)=7.48654e+07 increase=4.326%
================================================================================

Better decisions made:
[t=21] hour=770.0 decision=LT baseline=GB optimal=LT actual(algo)=2.53125e+07 actual(base)=3.02552e+07 decrease=-16.337%
[t=59] hour=808.0 decision=GB baseline=LT optimal=GB actual(algo)=5.20608e+07 actual(base)=6.30462e+07 decrease=-17.424%
[t=74] hour=823.0 decision=GB baseline=LT optimal=GB actual(algo)=2.89204e+07 actual(base)=2.94214e+07 decrease=-1.703%
[t=75] hour=824.0 decision=GB baseline=LT optimal=GB actual(algo)=4.27112e+07 actual(base)=4.33478e+07 decrease=-1.469%
[t=446] hour=1195.0 decision=GB baseline=LT optimal=GB actual(algo)=1.84412e+08 actual(base)=2.00588e+08 decrease=-8.064%
[t=465] hour=1214.0 decision=GB baseline=LT optimal=GB actual(algo)=1.36414e+08 actual(base)=1.75514e+08 decrease=-22.277%
[t=468] hour=1217.0 decision=GB baseline=LT optimal=GB actual(algo)=1.54456e+08 actual(base)=1.74179e+08 decrease=-11.323%
[t=470] hour=1219.0 decision=GB baseline=LT optimal=GB actual(algo)=1.50842e+08 actual(base)=1.53455e+08 decrease=-1.703%
================================================================================

TOTAL actual carbon: algo=2.64977e+10, baseline=2.65801e+10 => total saving=-0.310%
