================================================================================
objective      : energy
resource_config: [{'cpu_m': 627, 'memory_mi': 53}, {'cpu_m': 5760, 'memory_mi': 416}], latencies: {'ml-image-processing': 0.13779781615853104, 'ml-object-detection': 0.1969188540113262}, price_cost: 9920.058662, energy_cost: 6.337862, latency_p99 : 1.400000, feasible: True, total_requests: 1341, served_rps: 73.90, total_energy_j: 8499.073000 J, profiling_duration_s: 16.809000s, average_power: 505.626331 W
wall_time_s    : 108.615
================================================================================
================================================================================
objective      : energy
resource_config: [{'cpu_m': 794, 'memory_mi': 59}, {'cpu_m': 2784, 'memory_mi': 504}], latencies: {'ml-image-processing': 0.09467630024300888, 'ml-object-detection': 0.36506461509270594}, price_cost: 8948.657307, energy_cost: 7.402725, latency_p99 : 3.800000, feasible: False, total_requests: 1105, served_rps: 51.80, total_energy_j: 8180.011287 J, profiling_duration_s: 20.932000s, average_power: 390.789758 W
wall_time_s    : 106.475
================================================================================
================================================================================
objective      : energy
resource_config: [{'cpu_m': 598, 'memory_mi': 66}, {'cpu_m': 4808, 'memory_mi': 503}], latencies: {'ml-image-processing': 0.15211449576203118, 'ml-object-detection': 0.23512558966423525}, price_cost: 9924.017470, energy_cost: 6.565911, latency_p99 : 3.600000, feasible: False, total_requests: 1245, served_rps: 70.30, total_energy_j: 8174.559569 J, profiling_duration_s: 16.818000s, average_power: 486.060146 W
wall_time_s    : 108.697
================================================================================
================================================================================
objective      : energy
resource_config: [{'cpu_m': 456, 'memory_mi': 69}, {'cpu_m': 3746, 'memory_mi': 423}], latencies: {'ml-image-processing': 0.17992802677742606, 'ml-object-detection': 0.2894604640064894}, price_cost: 9509.463699, energy_cost: 7.381196, latency_p99 : 4.200000, feasible: False, total_requests: 1272, served_rps: 59.70, total_energy_j: 9388.881534 J, profiling_duration_s: 21.134000s, average_power: 444.254832 W
wall_time_s    : 108.212
================================================================================
================================================================================
objective      : energy
resource_config: [{'cpu_m': 483, 'memory_mi': 55}, {'cpu_m': 3264, 'memory_mi': 427}], latencies: {'ml-image-processing': 0.16039906854762934, 'ml-object-detection': 0.33837330647809216}, price_cost: 9679.200033, energy_cost: 6.782882, latency_p99 : 4.000000, feasible: False, total_requests: 1342, served_rps: 56.40, total_energy_j: 9102.627035 J, profiling_duration_s: 22.197000s, average_power: 410.083661 W
wall_time_s    : 113.408
================================================================================
================================================================================
objective      : energy
resource_config: [{'cpu_m': 483, 'memory_mi': 64}, {'cpu_m': 2034, 'memory_mi': 432}], latencies: {'ml-image-processing': 0.14178654603246185, 'ml-object-detection': 0.5892448952007625}, price_cost: 10516.614169, energy_cost: 7.521906, latency_p99 : 4.000000, feasible: False, total_requests: 1018, served_rps: 41.50, total_energy_j: 7657.300402 J, profiling_duration_s: 22.427000s, average_power: 341.432219 W
wall_time_s    : 116.685
================================================================================
================================================================================
objective      : energy
resource_config: [{'cpu_m': 678, 'memory_mi': 64}, {'cpu_m': 5740, 'memory_mi': 434}], latencies: {'ml-image-processing': 0.13386203883819178, 'ml-object-detection': 0.2036170398318012}, price_cost: 10229.566360, energy_cost: 6.177256, latency_p99 : 1.400000, feasible: True, total_requests: 1356, served_rps: 75.50, total_energy_j: 8376.359440 J, profiling_duration_s: 16.409000s, average_power: 510.473489 W
wall_time_s    : 104.422
================================================================================
================================================================================
objective      : energy
resource_config: [{'cpu_m': 358, 'memory_mi': 69}, {'cpu_m': 2338, 'memory_mi': 510}], latencies: {'ml-image-processing': 0.21303129218518735, 'ml-object-detection': 0.46157067727297546}, price_cost: 9517.219333, energy_cost: 8.378974, latency_p99 : 4.600000, feasible: False, total_requests: 795, served_rps: 44.30, total_energy_j: 6661.284127 J, profiling_duration_s: 18.614000s, average_power: 357.864193 W
wall_time_s    : 107.486
================================================================================
================================================================================
objective      : energy
resource_config: [{'cpu_m': 751, 'memory_mi': 61}, {'cpu_m': 5892, 'memory_mi': 409}], latencies: {'ml-image-processing': 0.12054663540847185, 'ml-object-detection': 0.19363833496269459}, price_cost: 9987.074534, energy_cost: 6.164712, latency_p99 : 1.200000, feasible: True, total_requests: 1373, served_rps: 76.60, total_energy_j: 8464.149944 J, profiling_duration_s: 16.515000s, average_power: 512.512860 W
wall_time_s    : 111.359
================================================================================
================================================================================
objective      : energy
resource_config: [{'cpu_m': 357, 'memory_mi': 62}, {'cpu_m': 2267, 'memory_mi': 485}], latencies: {'ml-image-processing': 0.19963919091969728, 'ml-object-detection': 0.4842944148307045}, price_cost: 9660.620225, energy_cost: 8.140294, latency_p99 : 4.400000, feasible: False, total_requests: 928, served_rps: 43.90, total_energy_j: 7554.192617 J, profiling_duration_s: 21.027000s, average_power: 359.261551 W
wall_time_s    : 105.705
================================================================================
Starting fresh (no checkpoint at bo_model_energy_20260107_171454.pt).
  initial_points = 10
  running_batches = 10
  initial_best_feasible_cost = 6.1647122680262205
  initial_best_constraint = -1.800
  initial_best_resource_config = [{'cpu_m': 751, 'memory_mi': 61}, {'cpu_m': 5892, 'memory_mi': 409}]
  time_taken_for_init = 1091.10 seconds
================================================================================
================================================================================
objective      : energy
resource_config: [{'cpu_m': 680, 'memory_mi': 60}, {'cpu_m': 5058, 'memory_mi': 400}], latencies: {'ml-image-processing': 0.13295870585202732, 'ml-object-detection': 0.21803717828794}, price_cost: 9668.841229, energy_cost: 6.750547, latency_p99 : 3.600000, feasible: False, total_requests: 1267, served_rps: 71.90, total_energy_j: 8552.942990 J, profiling_duration_s: 17.421000s, average_power: 490.955915 W
wall_time_s    : 104.620
================================================================================
================================================================================
objective      : energy
resource_config: [{'cpu_m': 734, 'memory_mi': 70}, {'cpu_m': 6000, 'memory_mi': 400}], latencies: {'ml-image-processing': 0.13056285163232437, 'ml-object-detection': 0.20021963770139134}, price_cost: 10515.596456, energy_cost: 6.180357, latency_p99 : 1.200000, feasible: True, total_requests: 1361, served_rps: 75.10, total_energy_j: 8411.465456 J, profiling_duration_s: 16.344000s, average_power: 514.651586 W
wall_time_s    : 104.435
================================================================================
================================================================================
objective      : energy
resource_config: [{'cpu_m': 800, 'memory_mi': 66}, {'cpu_m': 6000, 'memory_mi': 512}], latencies: {'ml-image-processing': 0.12024265739859806, 'ml-object-detection': 0.1992920454358682}, price_cost: 10482.456378, energy_cost: 6.189393, latency_p99 : 1.300000, feasible: True, total_requests: 1363, served_rps: 75.70, total_energy_j: 8436.142913 J, profiling_duration_s: 16.508000s, average_power: 511.033618 W
wall_time_s    : 111.392
================================================================================

Batch  1: best_feasible_cost (random, qNEI) = (6.1647122680262205, 6.1647122680262205), best_constraint =  -1.800 (<=0 feasible), time = 322.57.
Best feasible resource configuration: [{'cpu_m': 751, 'memory_mi': 61}, {'cpu_m': 5892, 'memory_mi': 409}]

================================================================================
================================================================================
objective      : energy
resource_config: [{'cpu_m': 533, 'memory_mi': 70}, {'cpu_m': 6000, 'memory_mi': 512}], latencies: {'ml-image-processing': 0.16155867361618828, 'ml-object-detection': 0.24021751903152713}, price_cost: 12547.686869, energy_cost: 6.638458, latency_p99 : 4.000000, feasible: False, total_requests: 1183, served_rps: 61.80, total_energy_j: 7853.295492 J, profiling_duration_s: 16.591000s, average_power: 473.346721 W
wall_time_s    : 94.606
================================================================================
================================================================================
objective      : energy
resource_config: [{'cpu_m': 690, 'memory_mi': 61}, {'cpu_m': 6000, 'memory_mi': 512}], latencies: {'ml-image-processing': 0.13220001913227694, 'ml-object-detection': 0.25915722894758264}, price_cost: 13531.184740, energy_cost: 6.515486, latency_p99 : 4.000000, feasible: False, total_requests: 1180, served_rps: 59.10, total_energy_j: 7688.272953 J, profiling_duration_s: 16.597000s, average_power: 463.232693 W
wall_time_s    : 93.723
================================================================================
================================================================================
objective      : energy
resource_config: [{'cpu_m': 373, 'memory_mi': 50}, {'cpu_m': 6000, 'memory_mi': 512}], latencies: {'ml-image-processing': 0.24552304941144856, 'ml-object-detection': 0.18407087470404804}, price_cost: 9690.917872, energy_cost: 7.249695, latency_p99 : 2.100000, feasible: True, total_requests: 1132, served_rps: 63.50, total_energy_j: 8206.654918 J, profiling_duration_s: 16.915000s, average_power: 485.170259 W
wall_time_s    : 94.198
================================================================================

Batch  2: best_feasible_cost (random, qNEI) = (6.1647122680262205, 6.1647122680262205), best_constraint =  -1.800 (<=0 feasible), time = 284.24.
Best feasible resource configuration: [{'cpu_m': 751, 'memory_mi': 61}, {'cpu_m': 5892, 'memory_mi': 409}]

================================================================================
================================================================================
objective      : energy
resource_config: [{'cpu_m': 800, 'memory_mi': 50}, {'cpu_m': 5574, 'memory_mi': 512}], latencies: {'ml-image-processing': 0.11577785936080748, 'ml-object-detection': 0.20806689403252676}, price_cost: 10169.145167, energy_cost: 6.232201, latency_p99 : 2.200000, feasible: True, total_requests: 1359, served_rps: 75.20, total_energy_j: 8469.561466 J, profiling_duration_s: 16.580000s, average_power: 510.829999 W
wall_time_s    : 102.498
================================================================================
================================================================================
objective      : energy
resource_config: [{'cpu_m': 300, 'memory_mi': 70}, {'cpu_m': 5294, 'memory_mi': 512}], latencies: {'ml-image-processing': 0.3128771471341939, 'ml-object-detection': 0.19618059361320256}, price_cost: 9145.212159, energy_cost: 7.720714, latency_p99 : 4.000000, feasible: False, total_requests: 993, served_rps: 54.90, total_energy_j: 7666.668546 J, profiling_duration_s: 17.580000s, average_power: 436.101734 W
wall_time_s    : 106.270
================================================================================
================================================================================
objective      : energy
resource_config: [{'cpu_m': 800, 'memory_mi': 70}, {'cpu_m': 5803, 'memory_mi': 400}], latencies: {'ml-image-processing': 0.11969900242218824, 'ml-object-detection': 0.20229819243493147}, price_cost: 10283.608849, energy_cost: 6.292518, latency_p99 : 2.100000, feasible: True, total_requests: 1364, served_rps: 75.30, total_energy_j: 8582.994471 J, profiling_duration_s: 16.714000s, average_power: 513.521268 W
wall_time_s    : 107.870
================================================================================

Batch  3: best_feasible_cost (random, qNEI) = (6.1647122680262205, 6.1647122680262205), best_constraint =  -1.800 (<=0 feasible), time = 318.62.
Best feasible resource configuration: [{'cpu_m': 751, 'memory_mi': 61}, {'cpu_m': 5892, 'memory_mi': 409}]

================================================================================
================================================================================
objective      : energy
resource_config: [{'cpu_m': 800, 'memory_mi': 70}, {'cpu_m': 6000, 'memory_mi': 455}], latencies: {'ml-image-processing': 0.12181489132086022, 'ml-object-detection': 0.19070831776156816}, price_cost: 10040.493195, energy_cost: 7.160926, latency_p99 : 1.100000, feasible: True, total_requests: 1153, served_rps: 77.10, total_energy_j: 8256.548161 J, profiling_duration_s: 15.916000s, average_power: 518.757742 W
wall_time_s    : 99.472
================================================================================
================================================================================
objective      : energy
resource_config: [{'cpu_m': 800, 'memory_mi': 54}, {'cpu_m': 6000, 'memory_mi': 442}], latencies: {'ml-image-processing': 0.12290757010415407, 'ml-object-detection': 0.19170604755078824}, price_cost: 10092.186946, energy_cost: 6.424262, latency_p99 : 1.300000, feasible: True, total_requests: 1328, served_rps: 75.90, total_energy_j: 8531.419771 J, profiling_duration_s: 16.606000s, average_power: 513.755257 W
wall_time_s    : 103.116
================================================================================
================================================================================
objective      : energy
resource_config: [{'cpu_m': 800, 'memory_mi': 70}, {'cpu_m': 5423, 'memory_mi': 504}], latencies: {'ml-image-processing': 0.1239569335424852, 'ml-object-detection': 0.20868614397101826}, price_cost: 9950.313836, energy_cost: 6.342387, latency_p99 : 2.600000, feasible: True, total_requests: 1334, served_rps: 73.20, total_energy_j: 8460.743925 J, profiling_duration_s: 16.814000s, average_power: 503.196376 W
wall_time_s    : 106.033
================================================================================

Batch  4: best_feasible_cost (random, qNEI) = (6.1647122680262205, 6.1647122680262205), best_constraint =  -1.800 (<=0 feasible), time = 312.75.
Best feasible resource configuration: [{'cpu_m': 751, 'memory_mi': 61}, {'cpu_m': 5892, 'memory_mi': 409}]

================================================================================
================================================================================
objective      : energy
resource_config: [{'cpu_m': 787, 'memory_mi': 50}, {'cpu_m': 4030, 'memory_mi': 438}], latencies: {'ml-image-processing': 0.10747973147060788, 'ml-object-detection': 0.264502413374813}, price_cost: 9355.730216, energy_cost: 6.682013, latency_p99 : 3.800000, feasible: False, total_requests: 1186, served_rps: 64.30, total_energy_j: 7924.866833 J, profiling_duration_s: 17.110000s, average_power: 463.171641 W
wall_time_s    : 101.700
================================================================================
================================================================================
objective      : energy
resource_config: [{'cpu_m': 766, 'memory_mi': 70}, {'cpu_m': 6000, 'memory_mi': 419}], latencies: {'ml-image-processing': 0.12337569996688358, 'ml-object-detection': 0.20784848591339}, price_cost: 10903.825306, energy_cost: 6.299654, latency_p99 : 2.700000, feasible: True, total_requests: 1336, served_rps: 73.10, total_energy_j: 8416.338030 J, profiling_duration_s: 16.629000s, average_power: 506.124117 W
wall_time_s    : 110.742
================================================================================
================================================================================
objective      : energy
resource_config: [{'cpu_m': 557, 'memory_mi': 50}, {'cpu_m': 5472, 'memory_mi': 444}], latencies: {'ml-image-processing': 0.15221633836763965, 'ml-object-detection': 0.20609977603068247}, price_cost: 9866.268580, energy_cost: 7.636309, latency_p99 : 2.200000, feasible: True, total_requests: 1054, served_rps: 69.90, total_energy_j: 8048.669327 J, profiling_duration_s: 16.205000s, average_power: 496.678139 W
wall_time_s    : 106.662
================================================================================

Batch  5: best_feasible_cost (random, qNEI) = (6.1647122680262205, 6.1647122680262205), best_constraint =  -1.800 (<=0 feasible), time = 325.08.
Best feasible resource configuration: [{'cpu_m': 751, 'memory_mi': 61}, {'cpu_m': 5892, 'memory_mi': 409}]

================================================================================
================================================================================
objective      : energy
resource_config: [{'cpu_m': 620, 'memory_mi': 55}, {'cpu_m': 1500, 'memory_mi': 512}], latencies: {'ml-image-processing': 0.10268520548318823, 'ml-object-detection': 0.8450366690134009}, price_cost: 11194.246397, energy_cost: 8.355031, latency_p99 : 3.900000, feasible: False, total_requests: 803, served_rps: 36.60, total_energy_j: 6709.089580 J, profiling_duration_s: 21.512000s, average_power: 311.876606 W
wall_time_s    : 114.765
================================================================================
================================================================================
objective      : energy
resource_config: [{'cpu_m': 709, 'memory_mi': 50}, {'cpu_m': 6000, 'memory_mi': 426}], latencies: {'ml-image-processing': 0.1284976575447068, 'ml-object-detection': 0.19718158272516034}, price_cost: 10348.958846, energy_cost: 6.284442, latency_p99 : 1.300000, feasible: True, total_requests: 1364, served_rps: 75.80, total_energy_j: 8571.979097 J, profiling_duration_s: 16.706000s, average_power: 513.107816 W
wall_time_s    : 110.905
================================================================================
================================================================================
objective      : energy
resource_config: [{'cpu_m': 800, 'memory_mi': 50}, {'cpu_m': 6000, 'memory_mi': 400}], latencies: {'ml-image-processing': 0.11952688861250256, 'ml-object-detection': 0.20726747578656715}, price_cost: 10874.478914, energy_cost: 7.315658, latency_p99 : 1.300000, feasible: True, total_requests: 1131, served_rps: 75.90, total_energy_j: 8274.009663 J, profiling_duration_s: 16.011000s, average_power: 516.770327 W
wall_time_s    : 104.761
================================================================================

Batch  6: best_feasible_cost (random, qNEI) = (6.1647122680262205, 6.1647122680262205), best_constraint =  -1.800 (<=0 feasible), time = 333.98.
Best feasible resource configuration: [{'cpu_m': 751, 'memory_mi': 61}, {'cpu_m': 5892, 'memory_mi': 409}]

================================================================================
================================================================================
objective      : energy
resource_config: [{'cpu_m': 493, 'memory_mi': 70}, {'cpu_m': 4260, 'memory_mi': 400}], latencies: {'ml-image-processing': 0.16029516751801626, 'ml-object-detection': 0.24681314862653858}, price_cost: 9207.183361, energy_cost: 6.601696, latency_p99 : 3.900000, feasible: False, total_requests: 1378, served_rps: 65.90, total_energy_j: 9097.137178 J, profiling_duration_s: 19.225000s, average_power: 473.193094 W
wall_time_s    : 111.223
================================================================================
================================================================================
objective      : energy
resource_config: [{'cpu_m': 797, 'memory_mi': 59}, {'cpu_m': 6000, 'memory_mi': 426}], latencies: {'ml-image-processing': 0.11384486157849834, 'ml-object-detection': 0.19793903805013444}, price_cost: 10386.650471, energy_cost: 6.221951, latency_p99 : 1.200000, feasible: True, total_requests: 1377, served_rps: 76.80, total_energy_j: 8567.626133 J, profiling_duration_s: 16.709000s, average_power: 512.755166 W
wall_time_s    : 111.669
================================================================================
================================================================================
objective      : energy
resource_config: [{'cpu_m': 640, 'memory_mi': 55}, {'cpu_m': 1654, 'memory_mi': 450}], latencies: {'ml-image-processing': 0.10067130408715456, 'ml-object-detection': 0.7252802272327245}, price_cost: 10556.475807, energy_cost: 7.903040, latency_p99 : 3.800000, feasible: False, total_requests: 847, served_rps: 37.90, total_energy_j: 6693.874742 J, profiling_duration_s: 20.721000s, average_power: 323.047862 W
wall_time_s    : 106.786
================================================================================

Batch  7: best_feasible_cost (random, qNEI) = (6.1647122680262205, 6.1647122680262205), best_constraint =  -1.800 (<=0 feasible), time = 330.66.
Best feasible resource configuration: [{'cpu_m': 751, 'memory_mi': 61}, {'cpu_m': 5892, 'memory_mi': 409}]

================================================================================
================================================================================
objective      : energy
resource_config: [{'cpu_m': 800, 'memory_mi': 70}, {'cpu_m': 6000, 'memory_mi': 437}], latencies: {'ml-image-processing': 0.12185846857437996, 'ml-object-detection': 0.2045863139652975}, price_cost: 10748.045271, energy_cost: 7.258107, latency_p99 : 1.600000, feasible: True, total_requests: 1141, served_rps: 75.60, total_energy_j: 8281.499517 J, profiling_duration_s: 16.103000s, average_power: 514.283018 W
wall_time_s    : 110.352
================================================================================
================================================================================
objective      : energy
resource_config: [{'cpu_m': 688, 'memory_mi': 70}, {'cpu_m': 6000, 'memory_mi': 407}], latencies: {'ml-image-processing': 0.1260121517504255, 'ml-object-detection': 0.1987324511929829}, price_cost: 10413.497220, energy_cost: 6.253403, latency_p99 : 1.300000, feasible: True, total_requests: 1358, served_rps: 75.90, total_energy_j: 8492.120985 J, profiling_duration_s: 16.423000s, average_power: 517.087077 W
wall_time_s    : 104.744
================================================================================
================================================================================
objective      : energy
resource_config: [{'cpu_m': 800, 'memory_mi': 50}, {'cpu_m': 4461, 'memory_mi': 414}], latencies: {'ml-image-processing': 0.10613003984542081, 'ml-object-detection': 0.23422399026134777}, price_cost: 9166.645693, energy_cost: 7.047010, latency_p99 : 3.700000, feasible: False, total_requests: 1447, served_rps: 68.50, total_energy_j: 10197.023535 J, profiling_duration_s: 21.474000s, average_power: 474.854402 W
wall_time_s    : 114.942
================================================================================

Batch  8: best_feasible_cost (random, qNEI) = (6.1647122680262205, 6.1647122680262205), best_constraint =  -1.800 (<=0 feasible), time = 333.11.
Best feasible resource configuration: [{'cpu_m': 751, 'memory_mi': 61}, {'cpu_m': 5892, 'memory_mi': 409}]

================================================================================
================================================================================
objective      : energy
resource_config: [{'cpu_m': 434, 'memory_mi': 50}, {'cpu_m': 1508, 'memory_mi': 400}], latencies: {'ml-image-processing': 0.139129154931973, 'ml-object-detection': 0.9520097607472802}, price_cost: 12578.390334, energy_cost: 7.968152, latency_p99 : 4.000000, feasible: False, total_requests: 772, served_rps: 35.10, total_energy_j: 6151.413511 J, profiling_duration_s: 20.052000s, average_power: 306.773065 W
wall_time_s    : 115.607
================================================================================
================================================================================
objective      : energy
resource_config: [{'cpu_m': 706, 'memory_mi': 60}, {'cpu_m': 6000, 'memory_mi': 423}], latencies: {'ml-image-processing': 0.12916184669813593, 'ml-object-detection': 0.20102327534727552}, price_cost: 10545.500275, energy_cost: 6.368336, latency_p99 : 1.300000, feasible: True, total_requests: 1367, served_rps: 75.20, total_energy_j: 8705.515683 J, profiling_duration_s: 17.022000s, average_power: 511.427308 W
wall_time_s    : 105.452
================================================================================
================================================================================
objective      : energy
resource_config: [{'cpu_m': 800, 'memory_mi': 57}, {'cpu_m': 6000, 'memory_mi': 490}], latencies: {'ml-image-processing': 0.12640186836680686, 'ml-object-detection': 0.21162159544166545}, price_cost: 11124.899174, energy_cost: 6.600181, latency_p99 : 2.100000, feasible: True, total_requests: 1292, served_rps: 74.40, total_energy_j: 8527.433934 J, profiling_duration_s: 16.666000s, average_power: 511.666506 W
wall_time_s    : 109.183
================================================================================

Batch  9: best_feasible_cost (random, qNEI) = (6.1647122680262205, 6.1647122680262205), best_constraint =  -1.800 (<=0 feasible), time = 336.05.
Best feasible resource configuration: [{'cpu_m': 751, 'memory_mi': 61}, {'cpu_m': 5892, 'memory_mi': 409}]

================================================================================
