================================================================================
objective      : price
resource_config: [{'cpu_m': 417, 'memory_mi': 55}, {'cpu_m': 2427, 'memory_mi': 481}], latencies: {'ml-image-processing': 0.16573330809155273, 'ml-object-detection': 0.4910686266763757}, price_cost: 221.159070, energy_cost: 8.193948, latency_p99 : 4.100000, feasible: False, total_requests: 965, served_rps: 44.40, total_energy_j: 7907.159533 J, profiling_duration_s: 21.900000s, average_power: 361.057511 W
wall_time_s    : 117.512
================================================================================
================================================================================
objective      : price
resource_config: [{'cpu_m': 530, 'memory_mi': 62}, {'cpu_m': 4754, 'memory_mi': 488}], latencies: {'ml-image-processing': 0.17479168654961594, 'ml-object-detection': 0.23320677428881623}, price_cost: 209.358792, energy_cost: 6.526958, latency_p99 : 2.600000, feasible: True, total_requests: 1232, served_rps: 68.80, total_energy_j: 8041.212259 J, profiling_duration_s: 16.500000s, average_power: 487.346198 W
wall_time_s    : 108.909
================================================================================
================================================================================
objective      : price
resource_config: [{'cpu_m': 679, 'memory_mi': 68}, {'cpu_m': 5682, 'memory_mi': 495}], latencies: {'ml-image-processing': 0.137215402281274, 'ml-object-detection': 0.20515456274410504}, price_cost: 219.146195, energy_cost: 6.351063, latency_p99 : 2.400000, feasible: True, total_requests: 1321, served_rps: 72.60, total_energy_j: 8389.754861 J, profiling_duration_s: 16.600000s, average_power: 505.406922 W
wall_time_s    : 110.449
================================================================================
================================================================================
objective      : price
resource_config: [{'cpu_m': 749, 'memory_mi': 66}, {'cpu_m': 3595, 'memory_mi': 404}], latencies: {'ml-image-processing': 0.1034466456330847, 'ml-object-detection': 0.3033746209257515}, price_cost: 203.675108, energy_cost: 6.718345, latency_p99 : 3.800000, feasible: False, total_requests: 1328, served_rps: 62.70, total_energy_j: 8921.962291 J, profiling_duration_s: 20.300000s, average_power: 439.505533 W
wall_time_s    : 117.531
================================================================================
================================================================================
objective      : price
resource_config: [{'cpu_m': 591, 'memory_mi': 62}, {'cpu_m': 1933, 'memory_mi': 405}], latencies: {'ml-image-processing': 0.10485498432966846, 'ml-object-detection': 0.6922005433416752}, price_cost: 245.726939, energy_cost: 8.103478, latency_p99 : 3.900000, feasible: False, total_requests: 875, served_rps: 41.20, total_energy_j: 7090.543431 J, profiling_duration_s: 21.000000s, average_power: 337.644925 W
wall_time_s    : 108.454
================================================================================
================================================================================
objective      : price
resource_config: [{'cpu_m': 361, 'memory_mi': 58}, {'cpu_m': 3173, 'memory_mi': 413}], latencies: {'ml-image-processing': 0.22522105745827922, 'ml-object-detection': 0.3519848114213882}, price_cost: 209.229122, energy_cost: 7.068070, latency_p99 : 4.700000, feasible: False, total_requests: 1250, served_rps: 52.70, total_energy_j: 8835.087469 J, profiling_duration_s: 22.000000s, average_power: 401.594885 W
wall_time_s    : 110.128
================================================================================
================================================================================
objective      : price
resource_config: [{'cpu_m': 408, 'memory_mi': 55}, {'cpu_m': 2244, 'memory_mi': 476}], latencies: {'ml-image-processing': 0.1804862268899958, 'ml-object-detection': 0.4977359892650237}, price_cost: 209.002767, energy_cost: 8.223925, latency_p99 : 4.400000, feasible: False, total_requests: 920, served_rps: 44.10, total_energy_j: 7566.011283 J, profiling_duration_s: 21.300000s, average_power: 355.211798 W
wall_time_s    : 110.569
================================================================================
================================================================================
objective      : price
resource_config: [{'cpu_m': 764, 'memory_mi': 52}, {'cpu_m': 4655, 'memory_mi': 487}], latencies: {'ml-image-processing': 0.11896938886340769, 'ml-object-detection': 0.22348521022339823}, price_cost: 197.115206, energy_cost: 6.463721, latency_p99 : 3.600000, feasible: False, total_requests: 1249, served_rps: 69.10, total_energy_j: 8073.186924 J, profiling_duration_s: 16.700000s, average_power: 483.424372 W
wall_time_s    : 113.856
================================================================================
================================================================================
objective      : price
resource_config: [{'cpu_m': 561, 'memory_mi': 59}, {'cpu_m': 2456, 'memory_mi': 509}], latencies: {'ml-image-processing': 0.11595132701811106, 'ml-object-detection': 0.5306259282070267}, price_cost: 240.116249, energy_cost: 7.810472, latency_p99 : 4.000000, feasible: False, total_requests: 993, served_rps: 47.20, total_energy_j: 7755.798910 J, profiling_duration_s: 21.100000s, average_power: 367.573406 W
wall_time_s    : 107.057
================================================================================
================================================================================
objective      : price
resource_config: [{'cpu_m': 530, 'memory_mi': 53}, {'cpu_m': 1579, 'memory_mi': 425}], latencies: {'ml-image-processing': 0.10422917204864678, 'ml-object-detection': 0.748823397548958}, price_cost: 218.093035, energy_cost: 7.709658, latency_p99 : 3.900000, feasible: False, total_requests: 812, served_rps: 37.30, total_energy_j: 6260.242392 J, profiling_duration_s: 19.700000s, average_power: 317.778801 W
wall_time_s    : 115.796
================================================================================
Starting fresh (no checkpoint at bo_model_price_20260108_153729.pt).
  initial_points = 10
  running_batches = 10
  initial_best_feasible_cost = 209.3587920815308
  initial_best_constraint = -0.400
  initial_best_resource_config = [{'cpu_m': 530, 'memory_mi': 62}, {'cpu_m': 4754, 'memory_mi': 488}]
  time_taken_for_init = 1120.29 seconds
================================================================================
================================================================================
objective      : price
resource_config: [{'cpu_m': 597, 'memory_mi': 61}, {'cpu_m': 4454, 'memory_mi': 473}], latencies: {'ml-image-processing': 0.1362669782773141, 'ml-object-detection': 0.23556039347914198}, price_cost: 197.055674, energy_cost: 6.960323, latency_p99 : 3.700000, feasible: False, total_requests: 1182, served_rps: 66.50, total_energy_j: 8227.101976 J, profiling_duration_s: 17.300000s, average_power: 475.555029 W
wall_time_s    : 104.249
================================================================================
================================================================================
objective      : price
resource_config: [{'cpu_m': 628, 'memory_mi': 59}, {'cpu_m': 4514, 'memory_mi': 496}], latencies: {'ml-image-processing': 0.1277268668927718, 'ml-object-detection': 0.22698010346357478}, price_cost: 192.607966, energy_cost: 6.319253, latency_p99 : 3.800000, feasible: False, total_requests: 1234, served_rps: 66.50, total_energy_j: 7797.957748 J, profiling_duration_s: 16.400000s, average_power: 475.485233 W
wall_time_s    : 112.600
================================================================================
================================================================================
objective      : price
resource_config: [{'cpu_m': 519, 'memory_mi': 51}, {'cpu_m': 4852, 'memory_mi': 488}], latencies: {'ml-image-processing': 0.17613868760846316, 'ml-object-detection': 0.2205290125547758}, price_cost: 202.360331, energy_cost: 6.527146, latency_p99 : 3.600000, feasible: False, total_requests: 1237, served_rps: 68.90, total_energy_j: 8074.080149 J, profiling_duration_s: 16.500000s, average_power: 489.338191 W
wall_time_s    : 101.254
================================================================================

Batch  1: best_feasible_cost (random, qNEI) = (209.3587920815308, 209.3587920815308), best_constraint =  -0.400 (<=0 feasible), time = 324.14.
Best feasible resource configuration: [{'cpu_m': 530, 'memory_mi': 62}, {'cpu_m': 4754, 'memory_mi': 488}]

================================================================================
================================================================================
objective      : price
resource_config: [{'cpu_m': 687, 'memory_mi': 69}, {'cpu_m': 5843, 'memory_mi': 400}], latencies: {'ml-image-processing': 0.126011476958976, 'ml-object-detection': 0.20454170158434962}, price_cost: 222.848610, energy_cost: 6.237639, latency_p99 : 1.300000, feasible: True, total_requests: 1365, served_rps: 75.80, total_energy_j: 8514.377295 J, profiling_duration_s: 16.600000s, average_power: 512.914298 W
wall_time_s    : 113.735
================================================================================
================================================================================
objective      : price
resource_config: [{'cpu_m': 497, 'memory_mi': 70}, {'cpu_m': 4675, 'memory_mi': 400}], latencies: {'ml-image-processing': 0.16263860888284398, 'ml-object-detection': 0.22946609716746025}, price_cost: 200.839278, energy_cost: 7.022424, latency_p99 : 3.600000, feasible: False, total_requests: 1192, served_rps: 65.60, total_energy_j: 8370.729876 J, profiling_duration_s: 17.300000s, average_power: 483.857220 W
wall_time_s    : 99.912
================================================================================
================================================================================
objective      : price
resource_config: [{'cpu_m': 574, 'memory_mi': 60}, {'cpu_m': 4776, 'memory_mi': 440}], latencies: {'ml-image-processing': 0.15082870770332424, 'ml-object-detection': 0.4892095289041483}, price_cost: 421.944901, energy_cost: 7.082031, latency_p99 : 4.100000, feasible: False, total_requests: 1011, served_rps: 45.00, total_energy_j: 7159.933115 J, profiling_duration_s: 17.100000s, average_power: 418.709535 W
wall_time_s    : 106.891
================================================================================

Batch  2: best_feasible_cost (random, qNEI) = (209.3587920815308, 209.3587920815308), best_constraint =  -0.400 (<=0 feasible), time = 327.07.
Best feasible resource configuration: [{'cpu_m': 530, 'memory_mi': 62}, {'cpu_m': 4754, 'memory_mi': 488}]

================================================================================
================================================================================
objective      : price
resource_config: [{'cpu_m': 452, 'memory_mi': 53}, {'cpu_m': 4765, 'memory_mi': 494}], latencies: {'ml-image-processing': 0.2077125641960828, 'ml-object-detection': 0.23746440015614978}, price_cost: 213.573172, energy_cost: 7.862863, latency_p99 : 2.100000, feasible: True, total_requests: 1009, served_rps: 67.50, total_energy_j: 7933.629000 J, profiling_duration_s: 16.300000s, average_power: 486.725700 W
wall_time_s    : 98.918
================================================================================
================================================================================
objective      : price
resource_config: [{'cpu_m': 523, 'memory_mi': 60}, {'cpu_m': 4282, 'memory_mi': 476}], latencies: {'ml-image-processing': 0.14960678445640951, 'ml-object-detection': 0.25428955676034093}, price_cost: 203.509640, energy_cost: 7.223871, latency_p99 : 4.000000, feasible: False, total_requests: 1174, served_rps: 64.80, total_energy_j: 8480.825100 J, profiling_duration_s: 18.300000s, average_power: 463.433061 W
wall_time_s    : 108.453
================================================================================
================================================================================
objective      : price
resource_config: [{'cpu_m': 688, 'memory_mi': 66}, {'cpu_m': 1958, 'memory_mi': 485}], latencies: {'ml-image-processing': 0.0944597531342879, 'ml-object-detection': 0.6463593817898072}, price_cost: 234.119416, energy_cost: 8.018012, latency_p99 : 3.800000, feasible: False, total_requests: 899, served_rps: 40.50, total_energy_j: 7208.192574 J, profiling_duration_s: 21.500000s, average_power: 335.264771 W
wall_time_s    : 115.721
================================================================================

Batch  3: best_feasible_cost (random, qNEI) = (209.3587920815308, 209.3587920815308), best_constraint =  -0.400 (<=0 feasible), time = 328.42.
Best feasible resource configuration: [{'cpu_m': 530, 'memory_mi': 62}, {'cpu_m': 4754, 'memory_mi': 488}]

================================================================================
================================================================================
objective      : price
resource_config: [{'cpu_m': 799, 'memory_mi': 60}, {'cpu_m': 5735, 'memory_mi': 486}], latencies: {'ml-image-processing': 0.12904383707791567, 'ml-object-detection': 0.20246182285094014}, price_cost: 220.016363, energy_cost: 7.204059, latency_p99 : 1.200000, feasible: True, total_requests: 1136, served_rps: 76.20, total_energy_j: 8183.811330 J, profiling_duration_s: 15.800000s, average_power: 517.962736 W
wall_time_s    : 108.645
================================================================================
================================================================================
objective      : price
resource_config: [{'cpu_m': 530, 'memory_mi': 63}, {'cpu_m': 3826, 'memory_mi': 479}], latencies: {'ml-image-processing': 0.14145098982803656, 'ml-object-detection': 0.27780006722988265}, price_cost: 198.591275, energy_cost: 6.698067, latency_p99 : 3.900000, feasible: False, total_requests: 1124, served_rps: 61.50, total_energy_j: 7528.627699 J, profiling_duration_s: 16.800000s, average_power: 448.132602 W
wall_time_s    : 94.938
================================================================================
================================================================================
objective      : price
resource_config: [{'cpu_m': 459, 'memory_mi': 52}, {'cpu_m': 4290, 'memory_mi': 479}], latencies: {'ml-image-processing': 0.19011597755128767, 'ml-object-detection': 0.2510321376317028}, price_cost: 203.005665, energy_cost: 6.880702, latency_p99 : 3.700000, feasible: False, total_requests: 1345, served_rps: 63.30, total_energy_j: 9254.543702 J, profiling_duration_s: 19.700000s, average_power: 469.773791 W
wall_time_s    : 95.631
================================================================================

Batch  4: best_feasible_cost (random, qNEI) = (209.3587920815308, 209.3587920815308), best_constraint =  -0.400 (<=0 feasible), time = 306.39.
Best feasible resource configuration: [{'cpu_m': 530, 'memory_mi': 62}, {'cpu_m': 4754, 'memory_mi': 488}]

================================================================================
================================================================================
objective      : price
resource_config: [{'cpu_m': 740, 'memory_mi': 60}, {'cpu_m': 4473, 'memory_mi': 493}], latencies: {'ml-image-processing': 0.12093104091278899, 'ml-object-detection': 0.3619476091019654}, price_cost: 297.851209, energy_cost: 8.079340, latency_p99 : 3.800000, feasible: False, total_requests: 878, served_rps: 63.30, total_energy_j: 7093.660095 J, profiling_duration_s: 16.100000s, average_power: 440.600002 W
wall_time_s    : 88.053
================================================================================
================================================================================
objective      : price
resource_config: [{'cpu_m': 643, 'memory_mi': 50}, {'cpu_m': 4510, 'memory_mi': 494}], latencies: {'ml-image-processing': 0.1318669838776045, 'ml-object-detection': 0.24826789158396423}, price_cost: 209.964432, energy_cost: 7.106596, latency_p99 : 3.700000, feasible: False, total_requests: 1230, served_rps: 67.70, total_energy_j: 8741.113248 J, profiling_duration_s: 18.300000s, average_power: 477.656463 W
wall_time_s    : 99.075
================================================================================
================================================================================
objective      : price
resource_config: [{'cpu_m': 326, 'memory_mi': 51}, {'cpu_m': 1784, 'memory_mi': 473}], latencies: {'ml-image-processing': 0.25374696033430244, 'ml-object-detection': 0.7404457055741832}, price_cost: 247.303075, energy_cost: 8.258576, latency_p99 : 4.500000, feasible: False, total_requests: 863, served_rps: 38.70, total_energy_j: 7127.151511 J, profiling_duration_s: 22.100000s, average_power: 322.495545 W
wall_time_s    : 91.310
================================================================================

Batch  5: best_feasible_cost (random, qNEI) = (209.3587920815308, 209.3587920815308), best_constraint =  -0.400 (<=0 feasible), time = 282.57.
Best feasible resource configuration: [{'cpu_m': 530, 'memory_mi': 62}, {'cpu_m': 4754, 'memory_mi': 488}]

================================================================================
================================================================================
objective      : price
resource_config: [{'cpu_m': 550, 'memory_mi': 63}, {'cpu_m': 4372, 'memory_mi': 462}], latencies: {'ml-image-processing': 0.15286268019893517, 'ml-object-detection': 0.2458344201867779}, price_cost: 201.998655, energy_cost: 6.668947, latency_p99 : 4.000000, feasible: False, total_requests: 1213, served_rps: 67.30, total_energy_j: 8089.433289 J, profiling_duration_s: 17.100000s, average_power: 473.066270 W
wall_time_s    : 96.611
================================================================================
================================================================================
objective      : price
resource_config: [{'cpu_m': 502, 'memory_mi': 53}, {'cpu_m': 4539, 'memory_mi': 451}], latencies: {'ml-image-processing': 0.16804807959124446, 'ml-object-detection': 0.23684851811267435}, price_cost: 202.002312, energy_cost: 6.340637, latency_p99 : 4.100000, feasible: False, total_requests: 1415, served_rps: 67.00, total_energy_j: 8972.000832 J, profiling_duration_s: 18.800000s, average_power: 477.234088 W
wall_time_s    : 92.766
================================================================================
================================================================================
objective      : price
resource_config: [{'cpu_m': 616, 'memory_mi': 61}, {'cpu_m': 4780, 'memory_mi': 498}], latencies: {'ml-image-processing': 0.1462618034759847, 'ml-object-detection': 0.2277768540273731}, price_cost: 205.449584, energy_cost: 6.422840, latency_p99 : 3.700000, feasible: False, total_requests: 1252, served_rps: 69.70, total_energy_j: 8041.395777 J, profiling_duration_s: 16.500000s, average_power: 487.357320 W
wall_time_s    : 97.750
================================================================================

Batch  6: best_feasible_cost (random, qNEI) = (209.3587920815308, 209.3587920815308), best_constraint =  -0.400 (<=0 feasible), time = 292.86.
Best feasible resource configuration: [{'cpu_m': 530, 'memory_mi': 62}, {'cpu_m': 4754, 'memory_mi': 488}]

================================================================================
================================================================================
objective      : price
resource_config: [{'cpu_m': 767, 'memory_mi': 52}, {'cpu_m': 5127, 'memory_mi': 463}], latencies: {'ml-image-processing': 0.11142100916122613, 'ml-object-detection': 0.23630593720472592}, price_cost: 225.798082, energy_cost: 6.617510, latency_p99 : 3.600000, feasible: False, total_requests: 1171, served_rps: 71.80, total_energy_j: 7749.104090 J, profiling_duration_s: 16.500000s, average_power: 469.642672 W
wall_time_s    : 93.459
================================================================================
================================================================================
objective      : price
resource_config: [{'cpu_m': 626, 'memory_mi': 60}, {'cpu_m': 3277, 'memory_mi': 418}], latencies: {'ml-image-processing': 0.11440203645590531, 'ml-object-detection': 0.32844735517004586}, price_cost: 200.366323, energy_cost: 7.414937, latency_p99 : 3.900000, feasible: False, total_requests: 1207, served_rps: 56.70, total_energy_j: 8949.828745 J, profiling_duration_s: 21.500000s, average_power: 416.271104 W
wall_time_s    : 100.552
================================================================================
================================================================================
objective      : price
resource_config: [{'cpu_m': 494, 'memory_mi': 69}, {'cpu_m': 4886, 'memory_mi': 501}], latencies: {'ml-image-processing': 0.18180428743080207, 'ml-object-detection': 0.22296358645667858}, price_cost: 205.531838, energy_cost: 6.678811, latency_p99 : 2.900000, feasible: True, total_requests: 1208, served_rps: 66.40, total_energy_j: 8068.004258 J, profiling_duration_s: 16.700000s, average_power: 483.114026 W
wall_time_s    : 95.624
================================================================================

Batch  7: best_feasible_cost (random, qNEI) = (209.3587920815308, 205.5318382529041), best_constraint =  -0.100 (<=0 feasible), time = 294.12.
Best feasible resource configuration: [{'cpu_m': 494, 'memory_mi': 69}, {'cpu_m': 4886, 'memory_mi': 501}]

================================================================================
================================================================================
objective      : price
resource_config: [{'cpu_m': 468, 'memory_mi': 70}, {'cpu_m': 4604, 'memory_mi': 503}], latencies: {'ml-image-processing': 0.1910409201623597, 'ml-object-detection': 0.24070200646204537}, price_cost: 208.838345, energy_cost: 7.209063, latency_p99 : 3.700000, feasible: False, total_requests: 1193, served_rps: 66.40, total_energy_j: 8600.412260 J, profiling_duration_s: 17.900000s, average_power: 480.469962 W
wall_time_s    : 98.354
================================================================================
================================================================================
objective      : price
resource_config: [{'cpu_m': 527, 'memory_mi': 70}, {'cpu_m': 5430, 'memory_mi': 400}], latencies: {'ml-image-processing': 0.1549456988860454, 'ml-object-detection': 0.20509107522001224}, price_cost: 207.929516, energy_cost: 6.868134, latency_p99 : 2.000000, feasible: True, total_requests: 1249, served_rps: 69.30, total_energy_j: 8578.299805 J, profiling_duration_s: 17.000000s, average_power: 504.605871 W
wall_time_s    : 83.866
================================================================================
================================================================================
objective      : price
resource_config: [{'cpu_m': 300, 'memory_mi': 63}, {'cpu_m': 6000, 'memory_mi': 478}], latencies: {'ml-image-processing': 0.3229900261149833, 'ml-object-detection': 0.2908357069005861}, price_cost: 320.610871, energy_cost: 8.241560, latency_p99 : 5.300000, feasible: False, total_requests: 922, served_rps: 61.20, total_energy_j: 7598.718565 J, profiling_duration_s: 18.300000s, average_power: 415.230524 W
wall_time_s    : 88.579
================================================================================

Batch  8: best_feasible_cost (random, qNEI) = (209.3587920815308, 205.5318382529041), best_constraint =  -0.100 (<=0 feasible), time = 275.72.
Best feasible resource configuration: [{'cpu_m': 494, 'memory_mi': 69}, {'cpu_m': 4886, 'memory_mi': 501}]

================================================================================
================================================================================
objective      : price
resource_config: [{'cpu_m': 487, 'memory_mi': 70}, {'cpu_m': 5118, 'memory_mi': 400}], latencies: {'ml-image-processing': 0.17468916357898, 'ml-object-detection': 0.21925636724249195}, price_cost: 210.079543, energy_cost: 7.179753, latency_p99 : 3.300000, feasible: False, total_requests: 1154, served_rps: 66.40, total_energy_j: 8285.435433 J, profiling_duration_s: 16.900000s, average_power: 490.262449 W
wall_time_s    : 87.721
================================================================================
================================================================================
objective      : price
resource_config: [{'cpu_m': 784, 'memory_mi': 61}, {'cpu_m': 1500, 'memory_mi': 434}], latencies: {'ml-image-processing': 0.08889276661317456, 'ml-object-detection': 0.9073873873038049}, price_cost: 252.434242, energy_cost: 8.341816, latency_p99 : 3.900000, feasible: False, total_requests: 794, served_rps: 36.80, total_energy_j: 6623.401593 J, profiling_duration_s: 21.400000s, average_power: 309.504749 W
wall_time_s    : 103.780
================================================================================
================================================================================
objective      : price
resource_config: [{'cpu_m': 610, 'memory_mi': 57}, {'cpu_m': 5096, 'memory_mi': 451}], latencies: {'ml-image-processing': 0.15055008212892482, 'ml-object-detection': 0.3220359438116877}, price_cost: 301.688995, energy_cost: 8.434419, latency_p99 : 3.600000, feasible: False, total_requests: 981, served_rps: 61.60, total_energy_j: 8274.164846 J, profiling_duration_s: 19.000000s, average_power: 435.482360 W
wall_time_s    : 85.763
================================================================================

Batch  9: best_feasible_cost (random, qNEI) = (209.3587920815308, 205.5318382529041), best_constraint =  -0.100 (<=0 feasible), time = 281.77.
Best feasible resource configuration: [{'cpu_m': 494, 'memory_mi': 69}, {'cpu_m': 4886, 'memory_mi': 501}]

================================================================================
================================================================================
objective      : price
resource_config: [{'cpu_m': 500, 'memory_mi': 68}, {'cpu_m': 5503, 'memory_mi': 459}], latencies: {'ml-image-processing': 0.18727103455278735, 'ml-object-detection': 0.20892316938306277}, price_cost: 216.433922, energy_cost: 6.628392, latency_p99 : 1.900000, feasible: True, total_requests: 1239, served_rps: 70.10, total_energy_j: 8212.577942 J, profiling_duration_s: 16.800000s, average_power: 488.843927 W
wall_time_s    : 91.514
================================================================================
================================================================================
objective      : price
resource_config: [{'cpu_m': 539, 'memory_mi': 63}, {'cpu_m': 3639, 'memory_mi': 503}], latencies: {'ml-image-processing': 0.14353538522946424, 'ml-object-detection': 0.2919618422807804}, price_cost: 199.105510, energy_cost: 7.739452, latency_p99 : 4.000000, feasible: False, total_requests: 1070, served_rps: 59.20, total_energy_j: 8281.213359 J, profiling_duration_s: 21.200000s, average_power: 390.623271 W
wall_time_s    : 96.039
================================================================================
================================================================================
objective      : price
resource_config: [{'cpu_m': 541, 'memory_mi': 70}, {'cpu_m': 5149, 'memory_mi': 446}], latencies: {'ml-image-processing': 0.1650601829511716, 'ml-object-detection': 0.21822634720079162}, price_cost: 211.178751, energy_cost: 6.400838, latency_p99 : 2.200000, feasible: True, total_requests: 1266, served_rps: 69.80, total_energy_j: 8103.460305 J, profiling_duration_s: 16.300000s, average_power: 497.144798 W
wall_time_s    : 100.046
================================================================================

Batch 10: best_feasible_cost (random, qNEI) = (209.3587920815308, 205.5318382529041), best_constraint =  -0.100 (<=0 feasible), time = 292.30.
Best feasible resource configuration: [{'cpu_m': 494, 'memory_mi': 69}, {'cpu_m': 4886, 'memory_mi': 501}]

================================================================================
================================================================================
SORTED SAMPLE LOG
{
  "feasible_only": true,
  "num_samples": 9,
  "timestamp": "2026-01-08T16:46:15.000340"
}
--------------------------------------------------------------------------------
{
  "cost": 205.5318382529041,
  "duration": 2.9,
  "duration_s": 16.700000047683716,
  "energy_cost": 6.678811471854305,
  "energy_j": 8068.004258,
  "feasible": "True",
  "latencies": {
    "ml-image-processing": 0.18180428743080207,
    "ml-object-detection": 0.22296358645667858
  },
  "objective_name": "price",
  "power": 483.1140260457083,
  "price_cost": 205.5318382529041,
  "rank": 0,
  "resource_config": [
    {
      "cpu_m": 494,
      "memory_mi": 69
    },
    {
      "cpu_m": 4886,
      "memory_mi": 501
    }
  ],
  "served_rps": 66.4,
  "total_requests": "1208"
}
--------------------------------------------------------------------------------
{
  "cost": 207.9295158008903,
  "duration": 2.0,
  "duration_s": 17.0,
  "energy_cost": 6.868134351481185,
  "energy_j": 8578.299805,
  "feasible": "True",
  "latencies": {
    "ml-image-processing": 0.1549456988860454,
    "ml-object-detection": 0.20509107522001224
  },
  "objective_name": "price",
  "power": 504.605870882353,
  "price_cost": 207.9295158008903,
  "rank": 1,
  "resource_config": [
    {
      "cpu_m": 527,
      "memory_mi": 70
    },
    {
      "cpu_m": 5430,
      "memory_mi": 400
    }
  ],
  "served_rps": 69.3,
  "total_requests": "1249"
}
--------------------------------------------------------------------------------
{
  "cost": 209.3587920815308,
  "duration": 2.6,
  "duration_s": 16.5,
  "energy_cost": 6.526958002435065,
  "energy_j": 8041.212259,
  "feasible": "True",
  "latencies": {
    "ml-image-processing": 0.17479168654961594,
    "ml-object-detection": 0.23320677428881623
  },
  "objective_name": "price",
  "power": 487.3461975151515,
  "price_cost": 209.3587920815308,
  "rank": 2,
  "resource_config": [
    {
      "cpu_m": 530,
      "memory_mi": 62
    },
    {
      "cpu_m": 4754,
      "memory_mi": 488
    }
  ],
  "served_rps": 68.8,
  "total_requests": "1232"
}
--------------------------------------------------------------------------------
{
  "cost": 211.17875149642362,
  "duration": 2.2,
  "duration_s": 16.300000190734863,
  "energy_cost": 6.400837523696683,
  "energy_j": 8103.460305,
  "feasible": "True",
  "latencies": {
    "ml-image-processing": 0.1650601829511716,
    "ml-object-detection": 0.21822634720079162
  },
  "objective_name": "price",
  "power": 497.14479817037756,
  "price_cost": 211.17875149642362,
  "rank": 3,
  "resource_config": [
    {
      "cpu_m": 541,
      "memory_mi": 70
    },
    {
      "cpu_m": 5149,
      "memory_mi": 446
    }
  ],
  "served_rps": 69.8,
  "total_requests": "1266"
}
--------------------------------------------------------------------------------
{
  "cost": 213.57317162542637,
  "duration": 2.1,
  "duration_s": 16.300000190734863,
  "energy_cost": 7.862863230921705,
  "energy_j": 7933.629,
  "feasible": "True",
  "latencies": {
    "ml-image-processing": 0.2077125641960828,
    "ml-object-detection": 0.23746440015614978
  },
  "objective_name": "price",
  "power": 486.72569982603926,
  "price_cost": 213.57317162542637,
  "rank": 4,
  "resource_config": [
    {
      "cpu_m": 452,
      "memory_mi": 53
    },
    {
      "cpu_m": 4765,
      "memory_mi": 494
    }
  ],
  "served_rps": 67.5,
  "total_requests": "1009"
}
--------------------------------------------------------------------------------
{
  "cost": 216.43392231239602,
  "duration": 1.9,
  "duration_s": 16.799999952316284,
  "energy_cost": 6.628392205004036,
  "energy_j": 8212.577942,
  "feasible": "True",
  "latencies": {
    "ml-image-processing": 0.18727103455278735,
    "ml-object-detection": 0.20892316938306277
  },
  "objective_name": "price",
  "power": 488.8439265065414,
  "price_cost": 216.43392231239602,
  "rank": 5,
  "resource_config": [
    {
      "cpu_m": 500,
      "memory_mi": 68
    },
    {
      "cpu_m": 5503,
      "memory_mi": 459
    }
  ],
  "served_rps": 70.1,
  "total_requests": "1239"
}
--------------------------------------------------------------------------------
{
  "cost": 219.14619519108678,
  "duration": 2.4,
  "duration_s": 16.59999990463257,
  "energy_cost": 6.351063482967448,
  "energy_j": 8389.754861,
  "feasible": "True",
  "latencies": {
    "ml-image-processing": 0.137215402281274,
    "ml-object-detection": 0.20515456274410504
  },
  "objective_name": "price",
  "power": 505.40692224092527,
  "price_cost": 219.14619519108678,
  "rank": 6,
  "resource_config": [
    {
      "cpu_m": 679,
      "memory_mi": 68
    },
    {
      "cpu_m": 5682,
      "memory_mi": 495
    }
  ],
  "served_rps": 72.6,
  "total_requests": "1321"
}
--------------------------------------------------------------------------------
{
  "cost": 220.01636295484542,
  "duration": 1.2,
  "duration_s": 15.800000190734863,
  "energy_cost": 7.204059269366198,
  "energy_j": 8183.81133,
  "feasible": "True",
  "latencies": {
    "ml-image-processing": 0.12904383707791567,
    "ml-object-detection": 0.20246182285094014
  },
  "objective_name": "price",
  "power": 517.9627361523069,
  "price_cost": 220.01636295484542,
  "rank": 7,
  "resource_config": [
    {
      "cpu_m": 799,
      "memory_mi": 60
    },
    {
      "cpu_m": 5735,
      "memory_mi": 486
    }
  ],
  "served_rps": 76.2,
  "total_requests": "1136"
}
--------------------------------------------------------------------------------
{
  "cost": 222.8486102481637,
  "duration": 1.3,
  "duration_s": 16.59999990463257,
  "energy_cost": 6.237639043956044,
  "energy_j": 8514.377295,
  "feasible": "True",
  "latencies": {
    "ml-image-processing": 0.126011476958976,
    "ml-object-detection": 0.20454170158434962
  },
  "objective_name": "price",
  "power": 512.914297826224,
  "price_cost": 222.8486102481637,
  "rank": 8,
  "resource_config": [
    {
      "cpu_m": 687,
      "memory_mi": 69
    },
    {
      "cpu_m": 5843,
      "memory_mi": 400
    }
  ],
  "served_rps": 75.8,
  "total_requests": "1365"
}
--------------------------------------------------------------------------------
BO loop time: 4125.75 seconds
Best cost: 205.5318382529041
Best resource configuration: [{'cpu_m': 494, 'memory_mi': 69}, {'cpu_m': 4886, 'memory_mi': 501}]
