Power Profile Analysis Log
Generated: 2025-12-19T03:22:37
Load name: rps-20

[power_total_w]
n: 120
mean: 224.573708
median: 225.779267
std: 9.153908
p5: 208.295269
p25: 218.985076
p50: 225.779267
p75: 230.293989
p95: 238.816128
ci90_mean_lo: 223.188428
ci90_mean_hi: 225.958987

[per_source_rapl_stats]

[rapl_package_0_0_w]
n: 120
mean: 104.664977
median: 104.298373
std: 5.154859
p5: 96.739551
p25: 100.896721
p50: 104.298373
p75: 107.374535
p95: 114.145437
ci90_mean_lo: 103.884882
ci90_mean_hi: 105.445072

[rapl_package_1_1_w]
n: 120
mean: 119.908731
median: 119.241752
std: 7.979952
p5: 107.571919
p25: 114.110333
p50: 119.241752
p75: 125.714303
p95: 132.589885
ci90_mean_lo: 118.701109
ci90_mean_hi: 121.116353
