Power Profile Analysis Log
Generated: 2025-12-19T04:42:57
Load name: rps-50

[power_total_w]
n: 120
mean: 291.554012
median: 292.082105
std: 12.424578
p5: 270.663694
p25: 282.656443
p50: 292.082105
p75: 300.746718
p95: 309.945818
ci90_mean_lo: 289.673775
ci90_mean_hi: 293.434248

[per_source_rapl_stats]

[rapl_package_0_0_w]
n: 120
mean: 134.175050
median: 133.516331
std: 7.960147
p5: 121.216784
p25: 128.488784
p50: 133.516331
p75: 139.758769
p95: 146.251674
ci90_mean_lo: 132.970425
ci90_mean_hi: 135.379675

[rapl_package_1_1_w]
n: 120
mean: 157.378961
median: 156.853482
std: 9.004635
p5: 143.514111
p25: 151.439378
p50: 156.853482
p75: 163.757685
p95: 170.580054
ci90_mean_lo: 156.016272
ci90_mean_hi: 158.741651
