Power Profile Analysis Log
Generated: 2025-12-17T05:56:49
Load name: idle

[power_total_w]
n: 60
mean: 188.007648
median: 184.440093
std: 8.579192
p5: 182.158897
p25: 183.198399
p50: 184.440093
p75: 189.278632
p95: 211.170922
ci90_mean_lo: 186.156797
ci90_mean_hi: 189.858499

[per_source_rapl_stats]

[rapl_dram_0_0_w]
n: 60
mean: 8.138408
median: 8.041799
std: 0.286174
p5: 7.907386
p25: 7.955139
p50: 8.041799
p75: 8.188616
p95: 8.870291
ci90_mean_lo: 8.076670
ci90_mean_hi: 8.200147

[rapl_dram_1_0_w]
n: 59
mean: 8.695239
median: 8.644342
std: 0.191907
p5: 8.522070
p25: 8.574435
p50: 8.644342
p75: 8.719182
p95: 9.136714
ci90_mean_lo: 8.653476
ci90_mean_hi: 8.737001

[rapl_package_0_0_w]
n: 60
mean: 94.005215
median: 92.375301
std: 4.615924
p5: 91.132751
p25: 91.394590
p50: 92.375301
p75: 93.831025
p95: 106.311789
ci90_mean_lo: 93.009389
ci90_mean_hi: 95.001042

[rapl_package_1_1_w]
n: 60
mean: 94.002433
median: 92.522949
std: 4.219928
p5: 90.536369
p25: 91.238967
p50: 92.522949
p75: 95.090824
p95: 102.471451
ci90_mean_lo: 93.092038
ci90_mean_hi: 94.912829
