Power Profile Analysis Log
Generated: 2025-12-19T04:04:19
Load name: rps-40

[power_total_w]
n: 120
mean: 270.912830
median: 262.871668
std: 31.488950
p5: 227.968594
p25: 241.466899
p50: 262.871668
p75: 302.097499
p95: 311.385668
ci90_mean_lo: 266.147543
ci90_mean_hi: 275.678116

[per_source_rapl_stats]

[rapl_package_0_0_w]
n: 120
mean: 128.763789
median: 126.135169
std: 12.926642
p5: 109.535804
p25: 117.588377
p50: 126.135169
p75: 139.978408
p95: 148.494842
ci90_mean_lo: 126.807574
ci90_mean_hi: 130.720004

[rapl_package_1_1_w]
n: 120
mean: 142.149041
median: 138.380528
std: 20.312629
p5: 116.235204
p25: 122.840461
p50: 138.380528
p75: 160.885733
p95: 169.476459
ci90_mean_lo: 139.075090
ci90_mean_hi: 145.222992
