Power Profile Analysis Log
Generated: 2025-12-17T06:13:30
Load name: idle

[power_total_w]
n: 60
mean: 184.231624
median: 178.242905
std: 11.960372
p5: 176.515652
p25: 177.001514
p50: 178.242905
p75: 186.086105
p95: 216.130385
ci90_mean_lo: 181.691843
ci90_mean_hi: 186.771406

[per_source_rapl_stats]

[rapl_dram_0_0_w]
n: 60
mean: 7.818556
median: 7.782040
std: 0.118712
p5: 7.726316
p25: 7.762382
p50: 7.782040
p75: 7.812096
p95: 8.038070
ci90_mean_lo: 7.793347
ci90_mean_hi: 7.843764

[rapl_dram_1_0_w]
n: 60
mean: 9.867666
median: 9.810302
std: 0.340419
p5: 9.474228
p25: 9.704285
p50: 9.810302
p75: 9.877108
p95: 10.601199
ci90_mean_lo: 9.795378
ci90_mean_hi: 9.939954

[rapl_package_0_0_w]
n: 60
mean: 91.530709
median: 89.183112
std: 5.415801
p5: 88.407737
p25: 88.790738
p50: 89.183112
p75: 92.427526
p95: 100.739111
ci90_mean_lo: 90.380666
ci90_mean_hi: 92.680753

[rapl_package_1_1_w]
n: 60
mean: 92.700915
median: 88.827265
std: 7.778778
p5: 87.851271
p25: 88.227101
p50: 88.827265
p75: 92.284574
p95: 110.976677
ci90_mean_lo: 91.049094
ci90_mean_hi: 94.352736
