Power Profile Analysis Log
Generated: 2025-12-17T07:22:15
Load name: rps-15

[power_total_w]
n: 60
mean: 231.657700
median: 231.767029
std: 7.514471
p5: 217.536371
p25: 227.551634
p50: 231.767029
p75: 236.299509
p95: 241.780370
ci90_mean_lo: 230.062004
ci90_mean_hi: 233.253396

[per_source_rapl_stats]

[rapl_dram_0_0_w]
n: 60
mean: 8.487520
median: 8.514117
std: 0.192352
p5: 8.095560
p25: 8.389824
p50: 8.514117
p75: 8.614314
p95: 8.776142
ci90_mean_lo: 8.446674
ci90_mean_hi: 8.528366

[rapl_dram_1_0_w]
n: 60
mean: 10.398331
median: 10.420638
std: 0.169409
p5: 10.086551
p25: 10.304342
p50: 10.420638
p75: 10.515024
p95: 10.630672
ci90_mean_lo: 10.362357
ci90_mean_hi: 10.434305

[rapl_package_0_0_w]
n: 60
mean: 113.621554
median: 113.587083
std: 5.713106
p5: 103.922898
p25: 110.615846
p50: 113.587083
p75: 117.503625
p95: 120.425432
ci90_mean_lo: 112.408378
ci90_mean_hi: 114.834730

[rapl_package_1_1_w]
n: 60
mean: 118.036146
median: 118.064703
std: 5.049994
p5: 110.688846
p25: 114.701241
p50: 118.064703
p75: 121.786727
p95: 124.772327
ci90_mean_lo: 116.963781
ci90_mean_hi: 119.108510
