Power Profile Analysis Log
Generated: 2025-12-19T04:01:38
Load name: rps-30

[power_total_w]
n: 120
mean: 247.091094
median: 247.670600
std: 11.661395
p5: 225.924540
p25: 239.917357
p50: 247.670600
p75: 255.274940
p95: 263.677975
ci90_mean_lo: 245.326352
ci90_mean_hi: 248.855837

[per_source_rapl_stats]

[rapl_package_0_0_w]
n: 120
mean: 114.879302
median: 114.540133
std: 5.417914
p5: 106.362889
p25: 111.790064
p50: 114.540133
p75: 118.263287
p95: 124.260630
ci90_mean_lo: 114.059398
ci90_mean_hi: 115.699206

[rapl_package_1_1_w]
n: 120
mean: 132.211793
median: 133.592668
std: 9.709011
p5: 115.994495
p25: 125.676839
p50: 133.592668
p75: 138.946578
p95: 147.509834
ci90_mean_lo: 130.742508
ci90_mean_hi: 133.681077
