Power Profile Analysis Log
Generated: 2025-12-19T04:31:06
Load name: rps-40

[power_total_w]
n: 120
mean: 273.882552
median: 273.178405
std: 11.934128
p5: 254.429385
p25: 266.571174
p50: 273.178405
p75: 282.217201
p95: 293.329584
ci90_mean_lo: 272.076537
ci90_mean_hi: 275.688568

[per_source_rapl_stats]

[rapl_package_0_0_w]
n: 120
mean: 127.614241
median: 127.357559
std: 7.305263
p5: 116.299309
p25: 122.275603
p50: 127.357559
p75: 132.307825
p95: 139.390681
ci90_mean_lo: 126.508721
ci90_mean_hi: 128.719762

[rapl_package_1_1_w]
n: 120
mean: 146.268311
median: 146.123962
std: 8.765248
p5: 131.303916
p25: 140.792888
p50: 146.123962
p75: 151.468208
p95: 160.340855
ci90_mean_lo: 144.941848
ci90_mean_hi: 147.594774
