Power Profile Analysis Log
Generated: 2025-12-19T05:46:23
Load name: rps-10

[power_total_w]
n: 60
mean: 210.446769
median: 211.283256
std: 5.934999
p5: 199.896809
p25: 206.113370
p50: 211.283256
p75: 214.325296
p95: 218.835101
ci90_mean_lo: 209.166369
ci90_mean_hi: 211.727169

[per_source_rapl_stats]

[rapl_package_0_0_w]
n: 60
mean: 98.070471
median: 98.666181
std: 2.046540
p5: 94.317547
p25: 96.939050
p50: 98.666181
p75: 99.476048
p95: 101.000338
ci90_mean_lo: 97.628956
ci90_mean_hi: 98.511985

[rapl_package_1_1_w]
n: 60
mean: 112.376298
median: 113.522786
std: 5.307752
p5: 101.362566
p25: 109.687719
p50: 113.522786
p75: 115.723100
p95: 119.647699
ci90_mean_lo: 111.231219
ci90_mean_hi: 113.521378
