Power Profile Analysis Log
Generated: 2025-12-17T06:41:42
Load name: rps-15

[power_total_w]
n: 60
mean: 210.687692
median: 211.350418
std: 6.511639
p5: 199.327346
p25: 206.777825
p50: 211.350418
p75: 214.948137
p95: 221.928229
ci90_mean_lo: 209.304948
ci90_mean_hi: 212.070437

[per_source_rapl_stats]

[rapl_dram_0_0_w]
n: 60
mean: 8.181190
median: 8.165079
std: 0.144848
p5: 7.986420
p25: 8.090257
p50: 8.165079
p75: 8.247125
p95: 8.413696
ci90_mean_lo: 8.150432
ci90_mean_hi: 8.211949

[rapl_dram_1_0_w]
n: 60
mean: 9.997227
median: 9.996728
std: 0.138549
p5: 9.809713
p25: 9.884173
p50: 9.996728
p75: 10.092569
p95: 10.230223
ci90_mean_lo: 9.967807
ci90_mean_hi: 10.026648

[rapl_package_0_0_w]
n: 60
mean: 106.800213
median: 107.069586
std: 4.465296
p5: 99.340813
p25: 104.382452
p50: 107.069586
p75: 108.661720
p95: 114.655110
ci90_mean_lo: 105.852008
ci90_mean_hi: 107.748417

[rapl_package_1_1_w]
n: 60
mean: 103.887479
median: 103.128706
std: 4.886990
p5: 97.059087
p25: 100.610284
p50: 103.128706
p75: 107.469501
p95: 110.405030
ci90_mean_lo: 102.849729
ci90_mean_hi: 104.925230
