Power Profile Analysis Log
Generated: 2025-12-20T06:19:47
Load name: unknown

[power_total_w]
n: 600
mean: 244.515167
median: 243.097216
std: 35.978200
p5: 196.061576
p25: 212.645682
p50: 243.097216
p75: 272.126713
p95: 307.694830
ci90_mean_lo: 242.095458
ci90_mean_hi: 246.934877

[per_source_rapl_stats]

[rapl_package_0_0_w]
n: 600
mean: 117.233659
median: 116.581017
std: 15.680993
p5: 93.253835
p25: 104.864435
p50: 116.581017
p75: 128.471696
p95: 144.256073
ci90_mean_lo: 116.179036
ci90_mean_hi: 118.288282

[rapl_package_1_1_w]
n: 600
mean: 127.281508
median: 124.760200
std: 21.764154
p5: 98.946114
p25: 108.169403
p50: 124.760200
p75: 142.940155
p95: 165.999587
ci90_mean_lo: 125.817763
ci90_mean_hi: 128.745254
