================================================================================
objective      : price
resource_config: [{'cpu_m': 676, 'memory_mi': 59}, {'cpu_m': 2539, 'memory_mi': 469}], latencies: {'ml-image-processing': 0.10159584478613862, 'ml-object-detection': 0.4548802030609643}, price_cost: 10122.250469, energy_cost: 360.498644, latency_p99 : 9.000000
wall_time_s    : 83.108
================================================================================
================================================================================
objective      : price
resource_config: [{'cpu_m': 381, 'memory_mi': 59}, {'cpu_m': 3937, 'memory_mi': 487}], latencies: {'ml-image-processing': 0.24233924152536523, 'ml-object-detection': 0.24963454621050646}, price_cost: 8679.097997, energy_cost: 419.865305, latency_p99 : 3.150203
wall_time_s    : 83.245
================================================================================
================================================================================
objective      : price
resource_config: [{'cpu_m': 609, 'memory_mi': 66}, {'cpu_m': 5633, 'memory_mi': 425}], latencies: {'ml-image-processing': 0.14175905904913735, 'ml-object-detection': 0.1778082796631174}, price_cost: 8791.914434, energy_cost: 466.062270, latency_p99 : 1.300072
wall_time_s    : 78.445
================================================================================
================================================================================
objective      : price
resource_config: [{'cpu_m': 530, 'memory_mi': 50}, {'cpu_m': 3441, 'memory_mi': 500}], latencies: {'ml-image-processing': 0.1480827881114594, 'ml-object-detection': 0.30125336843889716}, price_cost: 9110.519044, energy_cost: 413.395247, latency_p99 : 9.000000
wall_time_s    : 80.482
================================================================================
================================================================================
objective      : price
resource_config: [{'cpu_m': 485, 'memory_mi': 69}, {'cpu_m': 3265, 'memory_mi': 425}], latencies: {'ml-image-processing': 0.161725517290716, 'ml-object-detection': 0.3448887414728793}, price_cost: 9866.983978, energy_cost: 404.121052, latency_p99 : 9.000000
wall_time_s    : 80.883
================================================================================
================================================================================
objective      : price
resource_config: [{'cpu_m': 599, 'memory_mi': 70}, {'cpu_m': 1891, 'memory_mi': 450}], latencies: {'ml-image-processing': 0.11184925491247198, 'ml-object-detection': 0.6964814483734041}, price_cost: 11552.176093, energy_cost: 332.208432, latency_p99 : 9.000000
wall_time_s    : 84.638
================================================================================
================================================================================
objective      : price
resource_config: [{'cpu_m': 456, 'memory_mi': 54}, {'cpu_m': 4762, 'memory_mi': 461}], latencies: {'ml-image-processing': 0.19302898012240655, 'ml-object-detection': 0.19101170341331344}, price_cost: 8024.781521, energy_cost: 440.674448, latency_p99 : 1.673115
wall_time_s    : 82.690
================================================================================
================================================================================
objective      : price
resource_config: [{'cpu_m': 390, 'memory_mi': 69}, {'cpu_m': 5965, 'memory_mi': 407}], latencies: {'ml-image-processing': 0.21900060668122023, 'ml-object-detection': 0.15317826212849467}, price_cost: 8037.431228, energy_cost: 413.062439, latency_p99 : 3.544741
wall_time_s    : 81.739
================================================================================
================================================================================
objective      : price
resource_config: [{'cpu_m': 528, 'memory_mi': 66}, {'cpu_m': 3552, 'memory_mi': 410}], latencies: {'ml-image-processing': 0.15326726083945044, 'ml-object-detection': 0.2929336854448432}, price_cost: 9132.824224, energy_cost: 425.474590, latency_p99 : 1.800479
wall_time_s    : 82.864
================================================================================
================================================================================
objective      : price
resource_config: [{'cpu_m': 515, 'memory_mi': 68}, {'cpu_m': 5887, 'memory_mi': 449}], latencies: {'ml-image-processing': 0.16976045109331608, 'ml-object-detection': 0.15836906650635812}, price_cost: 8205.657706, energy_cost: 451.127251, latency_p99 : 2.170945
wall_time_s    : 80.910
================================================================================
Starting fresh (no checkpoint at bo_model_price_20260106_143108_resume.pt).
  initial_points = 10
  running_batches = 15
  initial_best_feasible_cost = 8024.781521216394
  initial_best_constraint = -1.327
  initial_best_resource_config = [{'cpu_m': 456, 'memory_mi': 54}, {'cpu_m': 4762, 'memory_mi': 461}]
  time_taken_for_init = 830.44 seconds
================================================================================
================================================================================
objective      : price
resource_config: [{'cpu_m': 404, 'memory_mi': 69}, {'cpu_m': 5245, 'memory_mi': 512}], latencies: {'ml-image-processing': 0.22302207592431278, 'ml-object-detection': 0.16546942329122907}, price_cost: 7676.344654, energy_cost: 428.044794, latency_p99 : 2.672719
wall_time_s    : 80.410
================================================================================
================================================================================
objective      : price
resource_config: [{'cpu_m': 354, 'memory_mi': 67}, {'cpu_m': 5531, 'memory_mi': 512}], latencies: {'ml-image-processing': 0.25212410600700724, 'ml-object-detection': 0.1564648868981749}, price_cost: 7650.362022, energy_cost: 415.351976, latency_p99 : 3.943938
wall_time_s    : 87.317
================================================================================
================================================================================
objective      : price
resource_config: [{'cpu_m': 361, 'memory_mi': 58}, {'cpu_m': 5079, 'memory_mi': 400}], latencies: {'ml-image-processing': 0.23554556915568636, 'ml-object-detection': 0.1686808740447179}, price_cost: 7556.102761, energy_cost: 412.263437, latency_p99 : 3.958943
wall_time_s    : 81.968
================================================================================

Batch  1: best_feasible_cost (random, qNEI) = (8024.781521216394, 7676.34465379607), best_constraint =  -0.327 (<=0 feasible), time = 259.11.
Best feasible resource configuration: [{'cpu_m': 404, 'memory_mi': 69}, {'cpu_m': 5245, 'memory_mi': 512}]

================================================================================
================================================================================
objective      : price
resource_config: [{'cpu_m': 800, 'memory_mi': 64}, {'cpu_m': 4715, 'memory_mi': 422}], latencies: {'ml-image-processing': 0.11161268127321357, 'ml-object-detection': 0.22127125738188624}, price_cost: 9164.377017, energy_cost: 472.390650, latency_p99 : 1.634920
wall_time_s    : 81.726
================================================================================
================================================================================
objective      : price
resource_config: [{'cpu_m': 800, 'memory_mi': 69}, {'cpu_m': 4090, 'memory_mi': 512}], latencies: {'ml-image-processing': 0.10884796110321841, 'ml-object-detection': 0.25337495986697456}, price_cost: 9120.600481, energy_cost: 448.903293, latency_p99 : 9.000000
wall_time_s    : 84.067
================================================================================
================================================================================
objective      : price
resource_config: [{'cpu_m': 300, 'memory_mi': 59}, {'cpu_m': 5212, 'memory_mi': 453}], latencies: {'ml-image-processing': 0.28982750542790575, 'ml-object-detection': 0.15461627364742989}, price_cost: 7132.779570, energy_cost: 388.247559, latency_p99 : 4.104052
wall_time_s    : 80.401
================================================================================

Batch  2: best_feasible_cost (random, qNEI) = (8024.781521216394, 7676.34465379607), best_constraint =  -0.327 (<=0 feasible), time = 253.72.
Best feasible resource configuration: [{'cpu_m': 404, 'memory_mi': 69}, {'cpu_m': 5245, 'memory_mi': 512}]

================================================================================
================================================================================
objective      : price
resource_config: [{'cpu_m': 300, 'memory_mi': 54}, {'cpu_m': 5402, 'memory_mi': 492}], latencies: {'ml-image-processing': 0.2824199860824235, 'ml-object-detection': 0.1476630077642553}, price_cost: 7058.050136, energy_cost: 387.238346, latency_p99 : 4.098829
wall_time_s    : 85.182
================================================================================
================================================================================
objective      : price
resource_config: [{'cpu_m': 707, 'memory_mi': 65}, {'cpu_m': 5999, 'memory_mi': 462}], latencies: {'ml-image-processing': 0.12056933646090329, 'ml-object-detection': 0.1704071476512278}, price_cost: 8965.590202, energy_cost: 467.689190, latency_p99 : 1.670739
wall_time_s    : 79.392
================================================================================
================================================================================
objective      : price
resource_config: [{'cpu_m': 300, 'memory_mi': 63}, {'cpu_m': 5228, 'memory_mi': 411}], latencies: {'ml-image-processing': 0.2813644696165014, 'ml-object-detection': 0.16655964074932314}, price_cost: 7674.762327, energy_cost: 386.753040, latency_p99 : 3.155722
wall_time_s    : 84.789
================================================================================

Batch  3: best_feasible_cost (random, qNEI) = (8024.781521216394, 7676.34465379607), best_constraint =  -0.327 (<=0 feasible), time = 259.02.
Best feasible resource configuration: [{'cpu_m': 404, 'memory_mi': 69}, {'cpu_m': 5245, 'memory_mi': 512}]

================================================================================
================================================================================
objective      : price
resource_config: [{'cpu_m': 342, 'memory_mi': 55}, {'cpu_m': 5082, 'memory_mi': 501}], latencies: {'ml-image-processing': 0.24531444289785778, 'ml-object-detection': 0.16904461351705008}, price_cost: 7583.068601, energy_cost: 407.680191, latency_p99 : 4.632420
wall_time_s    : 82.152
================================================================================
================================================================================
objective      : price
resource_config: [{'cpu_m': 387, 'memory_mi': 66}, {'cpu_m': 2353, 'memory_mi': 490}], latencies: {'ml-image-processing': 0.1888114920325784, 'ml-object-detection': 0.4568043049010966}, price_cost: 9464.002247, energy_cost: 355.231457, latency_p99 : 9.000000
wall_time_s    : 86.399
================================================================================
================================================================================
objective      : price
resource_config: [{'cpu_m': 503, 'memory_mi': 65}, {'cpu_m': 4956, 'memory_mi': 506}], latencies: {'ml-image-processing': 0.16323137857409112, 'ml-object-detection': 0.2064776086846172}, price_cost: 8981.198957, energy_cost: 450.118489, latency_p99 : 1.891046
wall_time_s    : 83.060
================================================================================

Batch  4: best_feasible_cost (random, qNEI) = (8024.781521216394, 7676.34465379607), best_constraint =  -0.327 (<=0 feasible), time = 257.55.
Best feasible resource configuration: [{'cpu_m': 404, 'memory_mi': 69}, {'cpu_m': 5245, 'memory_mi': 512}]

================================================================================
================================================================================
objective      : price
resource_config: [{'cpu_m': 300, 'memory_mi': 53}, {'cpu_m': 5484, 'memory_mi': 456}], latencies: {'ml-image-processing': 0.2852959472174738, 'ml-object-detection': 0.14569441281149492}, price_cost: 7067.942351, energy_cost: 385.213035, latency_p99 : 4.923265
wall_time_s    : 84.810
================================================================================
================================================================================
objective      : price
resource_config: [{'cpu_m': 328, 'memory_mi': 54}, {'cpu_m': 5209, 'memory_mi': 450}], latencies: {'ml-image-processing': 0.2754847777283026, 'ml-object-detection': 0.15971512610472186}, price_cost: 7364.665377, energy_cost: 408.581718, latency_p99 : 4.019025
wall_time_s    : 83.404
================================================================================
================================================================================
objective      : price
resource_config: [{'cpu_m': 372, 'memory_mi': 62}, {'cpu_m': 2791, 'memory_mi': 486}], latencies: {'ml-image-processing': 0.21567504949724445, 'ml-object-detection': 0.3876802484051157}, price_cost: 9524.558063, energy_cost: 371.945662, latency_p99 : 9.000000
wall_time_s    : 85.831
================================================================================

Batch  5: best_feasible_cost (random, qNEI) = (8024.781521216394, 7676.34465379607), best_constraint =  -0.327 (<=0 feasible), time = 263.06.
Best feasible resource configuration: [{'cpu_m': 404, 'memory_mi': 69}, {'cpu_m': 5245, 'memory_mi': 512}]

================================================================================
================================================================================
objective      : price
resource_config: [{'cpu_m': 324, 'memory_mi': 59}, {'cpu_m': 4980, 'memory_mi': 448}], latencies: {'ml-image-processing': 0.26769855140962384, 'ml-object-detection': 0.17031755805523557}, price_cost: 7494.409672, energy_cost: 401.459234, latency_p99 : 3.616616
wall_time_s    : 81.389
================================================================================
================================================================================
objective      : price
resource_config: [{'cpu_m': 300, 'memory_mi': 67}, {'cpu_m': 5375, 'memory_mi': 467}], latencies: {'ml-image-processing': 0.3045930572438474, 'ml-object-detection': 0.15698034729918137}, price_cost: 7469.826463, energy_cost: 391.508011, latency_p99 : 3.601978
wall_time_s    : 87.145
================================================================================
================================================================================
objective      : price
resource_config: [{'cpu_m': 640, 'memory_mi': 58}, {'cpu_m': 4998, 'memory_mi': 412}], latencies: {'ml-image-processing': 0.1374821933051054, 'ml-object-detection': 0.21325335738947615}, price_cost: 9348.523349, energy_cost: 465.333436, latency_p99 : 1.225898
wall_time_s    : 79.512
================================================================================

Batch  6: best_feasible_cost (random, qNEI) = (8024.781521216394, 7676.34465379607), best_constraint =  -0.327 (<=0 feasible), time = 257.87.
Best feasible resource configuration: [{'cpu_m': 404, 'memory_mi': 69}, {'cpu_m': 5245, 'memory_mi': 512}]

================================================================================
================================================================================
objective      : price
resource_config: [{'cpu_m': 611, 'memory_mi': 58}, {'cpu_m': 5067, 'memory_mi': 402}], latencies: {'ml-image-processing': 0.13628567975117928, 'ml-object-detection': 0.19220041950595462}, price_cost: 8548.695628, energy_cost: 463.525012, latency_p99 : 1.706646
wall_time_s    : 82.547
================================================================================
================================================================================
objective      : price
resource_config: [{'cpu_m': 351, 'memory_mi': 53}, {'cpu_m': 4758, 'memory_mi': 422}], latencies: {'ml-image-processing': 0.25433663638719056, 'ml-object-detection': 0.18764023446493736}, price_cost: 7881.292141, energy_cost: 412.662873, latency_p99 : 2.712802
wall_time_s    : 86.860
================================================================================
================================================================================
objective      : price
resource_config: [{'cpu_m': 324, 'memory_mi': 59}, {'cpu_m': 4843, 'memory_mi': 464}], latencies: {'ml-image-processing': 0.2686093691477759, 'ml-object-detection': 0.17859758790237484}, price_cost: 7641.377891, energy_cost: 402.494265, latency_p99 : 4.272455
wall_time_s    : 81.858
================================================================================

Batch  7: best_feasible_cost (random, qNEI) = (8024.781521216394, 7676.34465379607), best_constraint =  -0.327 (<=0 feasible), time = 259.73.
Best feasible resource configuration: [{'cpu_m': 404, 'memory_mi': 69}, {'cpu_m': 5245, 'memory_mi': 512}]

================================================================================
================================================================================
objective      : price
resource_config: [{'cpu_m': 300, 'memory_mi': 50}, {'cpu_m': 5850, 'memory_mi': 480}], latencies: {'ml-image-processing': 0.2857475072521259, 'ml-object-detection': 0.13639600770221205}, price_cost: 7058.500735, energy_cost: 391.908180, latency_p99 : 3.990562
wall_time_s    : 87.599
================================================================================
================================================================================
objective      : price
resource_config: [{'cpu_m': 310, 'memory_mi': 54}, {'cpu_m': 2487, 'memory_mi': 472}], latencies: {'ml-image-processing': 0.28845775239776983, 'ml-object-detection': 0.4553807681203698}, price_cost: 9996.264592, energy_cost: 351.464923, latency_p99 : 9.000000
wall_time_s    : 83.415
================================================================================
================================================================================
objective      : price
resource_config: [{'cpu_m': 357, 'memory_mi': 65}, {'cpu_m': 5300, 'memory_mi': 467}], latencies: {'ml-image-processing': 0.2483519663302494, 'ml-object-detection': 0.16572802303458697}, price_cost: 7756.620544, energy_cost: 412.150364, latency_p99 : 3.595512
wall_time_s    : 82.882
================================================================================

Batch  8: best_feasible_cost (random, qNEI) = (8024.781521216394, 7676.34465379607), best_constraint =  -0.327 (<=0 feasible), time = 263.63.
Best feasible resource configuration: [{'cpu_m': 404, 'memory_mi': 69}, {'cpu_m': 5245, 'memory_mi': 512}]

================================================================================
================================================================================
objective      : price
resource_config: [{'cpu_m': 357, 'memory_mi': 51}, {'cpu_m': 5957, 'memory_mi': 445}], latencies: {'ml-image-processing': 0.24003390376456082, 'ml-object-detection': 0.14557204000496615}, price_cost: 7644.645351, energy_cost: 408.475051, latency_p99 : 2.603075
wall_time_s    : 81.505
================================================================================
================================================================================
objective      : price
resource_config: [{'cpu_m': 300, 'memory_mi': 50}, {'cpu_m': 6000, 'memory_mi': 511}], latencies: {'ml-image-processing': 0.29558423199606215, 'ml-object-detection': 0.13972341723062776}, price_cost: 7413.528724, energy_cost: 387.896157, latency_p99 : 3.284044
wall_time_s    : 83.856
================================================================================
================================================================================
objective      : price
resource_config: [{'cpu_m': 534, 'memory_mi': 56}, {'cpu_m': 4551, 'memory_mi': 427}], latencies: {'ml-image-processing': 0.15812075802528147, 'ml-object-detection': 0.22352205421914584}, price_cost: 8930.921942, energy_cost: 455.655109, latency_p99 : 1.863789
wall_time_s    : 83.827
================================================================================

Batch  9: best_feasible_cost (random, qNEI) = (8024.781521216394, 7644.645350715717), best_constraint =  -0.397 (<=0 feasible), time = 256.45.
Best feasible resource configuration: [{'cpu_m': 357, 'memory_mi': 51}, {'cpu_m': 5957, 'memory_mi': 445}]

================================================================================
================================================================================
objective      : price
resource_config: [{'cpu_m': 340, 'memory_mi': 50}, {'cpu_m': 5955, 'memory_mi': 496}], latencies: {'ml-image-processing': 0.24439522602985944, 'ml-object-detection': 0.14520885136669442}, price_cost: 7620.564836, energy_cost: 400.931442, latency_p99 : 2.809087
wall_time_s    : 86.431
================================================================================
================================================================================
objective      : price
resource_config: [{'cpu_m': 502, 'memory_mi': 64}, {'cpu_m': 4440, 'memory_mi': 508}], latencies: {'ml-image-processing': 0.15815933414198685, 'ml-object-detection': 0.23410958388933178}, price_cost: 9118.686277, energy_cost: 447.510696, latency_p99 : 2.391316
wall_time_s    : 90.745
================================================================================
================================================================================
objective      : price
resource_config: [{'cpu_m': 736, 'memory_mi': 51}, {'cpu_m': 5919, 'memory_mi': 473}], latencies: {'ml-image-processing': 0.12082607255040391, 'ml-object-detection': 0.1646580269019044}, price_cost: 8571.542222, energy_cost: 470.573823, latency_p99 : 1.041195
wall_time_s    : 80.394
================================================================================

Batch 10: best_feasible_cost (random, qNEI) = (8024.781521216394, 7620.564835991134), best_constraint =  -0.191 (<=0 feasible), time = 265.14.
Best feasible resource configuration: [{'cpu_m': 340, 'memory_mi': 50}, {'cpu_m': 5955, 'memory_mi': 496}]

================================================================================
================================================================================
objective      : price
resource_config: [{'cpu_m': 792, 'memory_mi': 50}, {'cpu_m': 1835, 'memory_mi': 402}], latencies: {'ml-image-processing': 0.09014856596203412, 'ml-object-detection': 0.7082825593294247}, price_cost: 11400.073711, energy_cost: 323.034156, latency_p99 : 9.000000
wall_time_s    : 84.566
================================================================================
================================================================================
objective      : price
resource_config: [{'cpu_m': 800, 'memory_mi': 66}, {'cpu_m': 4605, 'memory_mi': 490}], latencies: {'ml-image-processing': 0.10555213969847602, 'ml-object-detection': 0.21918822539090696}, price_cost: 8870.890873, energy_cost: 470.084543, latency_p99 : 2.600670
wall_time_s    : 86.973
================================================================================
================================================================================
objective      : price
resource_config: [{'cpu_m': 354, 'memory_mi': 50}, {'cpu_m': 5998, 'memory_mi': 503}], latencies: {'ml-image-processing': 0.2494354341035852, 'ml-object-detection': 0.15628514167351218}, price_cost: 8256.002894, energy_cost: 418.311319, latency_p99 : 1.906175
wall_time_s    : 80.911
================================================================================

Batch 11: best_feasible_cost (random, qNEI) = (8024.781521216394, 7620.564835991134), best_constraint =  -0.191 (<=0 feasible), time = 265.95.
Best feasible resource configuration: [{'cpu_m': 340, 'memory_mi': 50}, {'cpu_m': 5955, 'memory_mi': 496}]

================================================================================
================================================================================
objective      : price
resource_config: [{'cpu_m': 313, 'memory_mi': 50}, {'cpu_m': 4945, 'memory_mi': 483}], latencies: {'ml-image-processing': 0.2751067286174345, 'ml-object-detection': 0.1669496623716051}, price_cost: 7303.044458, energy_cost: 399.459832, latency_p99 : 4.296888
wall_time_s    : 80.878
================================================================================
================================================================================
objective      : price
resource_config: [{'cpu_m': 300, 'memory_mi': 50}, {'cpu_m': 4702, 'memory_mi': 512}], latencies: {'ml-image-processing': 0.3038186303357471, 'ml-object-detection': 0.17166402609140244}, price_cost: 7166.539452, energy_cost: 393.489803, latency_p99 : 4.414440
wall_time_s    : 80.329
================================================================================
================================================================================
objective      : price
resource_config: [{'cpu_m': 351, 'memory_mi': 68}, {'cpu_m': 4292, 'memory_mi': 464}], latencies: {'ml-image-processing': 0.2550129888861972, 'ml-object-detection': 0.21849385851029574}, price_cost: 8277.500118, energy_cost: 409.602139, latency_p99 : 5.023219
wall_time_s    : 82.957
================================================================================

Batch 12: best_feasible_cost (random, qNEI) = (8024.781521216394, 7620.564835991134), best_constraint =  -0.191 (<=0 feasible), time = 254.01.
Best feasible resource configuration: [{'cpu_m': 340, 'memory_mi': 50}, {'cpu_m': 5955, 'memory_mi': 496}]

================================================================================
================================================================================
objective      : price
resource_config: [{'cpu_m': 353, 'memory_mi': 51}, {'cpu_m': 4762, 'memory_mi': 400}], latencies: {'ml-image-processing': 0.2529208162555196, 'ml-object-detection': 0.17239951639298778}, price_cost: 7266.167806, energy_cost: 417.165071, latency_p99 : 3.178553
wall_time_s    : 80.577
================================================================================
================================================================================
objective      : price
resource_config: [{'cpu_m': 300, 'memory_mi': 69}, {'cpu_m': 5224, 'memory_mi': 462}], latencies: {'ml-image-processing': 0.3053640867749761, 'ml-object-detection': 0.15104920664037177}, price_cost: 7004.927863, energy_cost: 389.491523, latency_p99 : 2.657260
wall_time_s    : 85.461
================================================================================
================================================================================
objective      : price
resource_config: [{'cpu_m': 471, 'memory_mi': 67}, {'cpu_m': 2669, 'memory_mi': 408}], latencies: {'ml-image-processing': 0.14562324777637659, 'ml-object-detection': 0.4380775231769995}, price_cost: 10223.036491, energy_cost: 370.233746, latency_p99 : 9.000000
wall_time_s    : 86.391
================================================================================

Batch 13: best_feasible_cost (random, qNEI) = (8024.781521216394, 7004.927862513031), best_constraint =  -0.343 (<=0 feasible), time = 260.25.
Best feasible resource configuration: [{'cpu_m': 300, 'memory_mi': 69}, {'cpu_m': 5224, 'memory_mi': 462}]

================================================================================
================================================================================
objective      : price
resource_config: [{'cpu_m': 783, 'memory_mi': 70}, {'cpu_m': 6000, 'memory_mi': 511}], latencies: {'ml-image-processing': 0.11180364577099682, 'ml-object-detection': 0.1736422802383701}, price_cost: 9144.370196, energy_cost: 472.836966, latency_p99 : 1.211794
wall_time_s    : 79.384
================================================================================
================================================================================
objective      : price
resource_config: [{'cpu_m': 300, 'memory_mi': 50}, {'cpu_m': 5962, 'memory_mi': 400}], latencies: {'ml-image-processing': 0.279819665916471, 'ml-object-detection': 0.1377264212437526}, price_cost: 7243.689468, energy_cost: 399.452017, latency_p99 : 3.254929
wall_time_s    : 81.433
================================================================================
================================================================================
objective      : price
resource_config: [{'cpu_m': 300, 'memory_mi': 50}, {'cpu_m': 5986, 'memory_mi': 400}], latencies: {'ml-image-processing': 0.28501184619031844, 'ml-object-detection': 0.14274961978197098}, price_cost: 7532.449751, energy_cost: 381.481681, latency_p99 : 3.898008
wall_time_s    : 85.053
================================================================================

Batch 14: best_feasible_cost (random, qNEI) = (8024.781521216394, 7004.927862513031), best_constraint =  -0.343 (<=0 feasible), time = 252.82.
Best feasible resource configuration: [{'cpu_m': 300, 'memory_mi': 69}, {'cpu_m': 5224, 'memory_mi': 462}]

================================================================================
================================================================================
objective      : price
resource_config: [{'cpu_m': 456, 'memory_mi': 51}, {'cpu_m': 4151, 'memory_mi': 433}], latencies: {'ml-image-processing': 0.2029522230938798, 'ml-object-detection': 0.2215027957779145}, price_cost: 8126.394461, energy_cost: 432.793256, latency_p99 : 2.395923
wall_time_s    : 85.575
================================================================================
================================================================================
objective      : price
resource_config: [{'cpu_m': 300, 'memory_mi': 69}, {'cpu_m': 5330, 'memory_mi': 400}], latencies: {'ml-image-processing': 0.28768197511736715, 'ml-object-detection': 0.14862068311345797}, price_cost: 7008.842567, energy_cost: 393.119724, latency_p99 : 3.926852
wall_time_s    : 82.495
================================================================================
================================================================================
objective      : price
resource_config: [{'cpu_m': 334, 'memory_mi': 60}, {'cpu_m': 2636, 'memory_mi': 463}], latencies: {'ml-image-processing': 0.2603000644480855, 'ml-object-detection': 0.43808841262376164}, price_cost: 10170.454080, energy_cost: 367.967887, latency_p99 : 9.000000
wall_time_s    : 84.078
================================================================================

Batch 15: best_feasible_cost (random, qNEI) = (8024.781521216394, 7004.927862513031), best_constraint =  -0.343 (<=0 feasible), time = 260.72.
Best feasible resource configuration: [{'cpu_m': 300, 'memory_mi': 69}, {'cpu_m': 5224, 'memory_mi': 462}]

================================================================================
================================================================================
SORTED SAMPLE LOG
{
  "timestamp": "2026-01-06T15:49:48.375724",
  "num_samples": 21,
  "feasible_only": true
}
--------------------------------------------------------------------------------
{
  "rank": 0,
  "cost": 7004.927862513031,
  "duration": 2.657260126899928,
  "price_cost": 7004.927862513031,
  "energy_cost": 389.4915231745919,
  "objective_name": "price",
  "feasible": true,
  "latencies": {
    "ml-image-processing": 0.3053640867749761,
    "ml-object-detection": 0.15104920664037177
  },
  "resource_config": [
    {
      "cpu_m": 300,
      "memory_mi": 69
    },
    {
      "cpu_m": 5224,
      "memory_mi": 462
    }
  ]
}
--------------------------------------------------------------------------------
{
  "rank": 1,
  "cost": 7620.564835991134,
  "duration": 2.8090865621343255,
  "price_cost": 7620.564835991134,
  "energy_cost": 400.93144211001686,
  "objective_name": "price",
  "feasible": true,
  "latencies": {
    "ml-image-processing": 0.24439522602985944,
    "ml-object-detection": 0.14520885136669442
  },
  "resource_config": [
    {
      "cpu_m": 340,
      "memory_mi": 50
    },
    {
      "cpu_m": 5955,
      "memory_mi": 496
    }
  ]
}
--------------------------------------------------------------------------------
{
  "rank": 2,
  "cost": 7644.645350715717,
  "duration": 2.6030749529600143,
  "price_cost": 7644.645350715717,
  "energy_cost": 408.4750505351068,
  "objective_name": "price",
  "feasible": true,
  "latencies": {
    "ml-image-processing": 0.24003390376456082,
    "ml-object-detection": 0.14557204000496615
  },
  "resource_config": [
    {
      "cpu_m": 357,
      "memory_mi": 51
    },
    {
      "cpu_m": 5957,
      "memory_mi": 445
    }
  ]
}
--------------------------------------------------------------------------------
{
  "rank": 3,
  "cost": 7676.34465379607,
  "duration": 2.6727191349491477,
  "price_cost": 7676.34465379607,
  "energy_cost": 428.0447935645205,
  "objective_name": "price",
  "feasible": true,
  "latencies": {
    "ml-image-processing": 0.22302207592431278,
    "ml-object-detection": 0.16546942329122907
  },
  "resource_config": [
    {
      "cpu_m": 404,
      "memory_mi": 69
    },
    {
      "cpu_m": 5245,
      "memory_mi": 512
    }
  ]
}
--------------------------------------------------------------------------------
{
  "rank": 4,
  "cost": 7881.292141314901,
  "duration": 2.7128020389936864,
  "price_cost": 7881.292141314901,
  "energy_cost": 412.6628726616919,
  "objective_name": "price",
  "feasible": true,
  "latencies": {
    "ml-image-processing": 0.25433663638719056,
    "ml-object-detection": 0.18764023446493736
  },
  "resource_config": [
    {
      "cpu_m": 351,
      "memory_mi": 53
    },
    {
      "cpu_m": 4758,
      "memory_mi": 422
    }
  ]
}
--------------------------------------------------------------------------------
{
  "rank": 5,
  "cost": 8024.781521216394,
  "duration": 1.673114512115717,
  "price_cost": 8024.781521216394,
  "energy_cost": 440.67444830358977,
  "objective_name": "price",
  "feasible": true,
  "latencies": {
    "ml-image-processing": 0.19302898012240655,
    "ml-object-detection": 0.19101170341331344
  },
  "resource_config": [
    {
      "cpu_m": 456,
      "memory_mi": 54
    },
    {
      "cpu_m": 4762,
      "memory_mi": 461
    }
  ]
}
--------------------------------------------------------------------------------
{
  "rank": 6,
  "cost": 8126.3944610549925,
  "duration": 2.395922953262925,
  "price_cost": 8126.3944610549925,
  "energy_cost": 432.79325557083223,
  "objective_name": "price",
  "feasible": true,
  "latencies": {
    "ml-image-processing": 0.2029522230938798,
    "ml-object-detection": 0.2215027957779145
  },
  "resource_config": [
    {
      "cpu_m": 456,
      "memory_mi": 51
    },
    {
      "cpu_m": 4151,
      "memory_mi": 433
    }
  ]
}
--------------------------------------------------------------------------------
{
  "rank": 7,
  "cost": 8205.657706341726,
  "duration": 2.170944862999022,
  "price_cost": 8205.657706341726,
  "energy_cost": 451.1272513311702,
  "objective_name": "price",
  "feasible": true,
  "latencies": {
    "ml-image-processing": 0.16976045109331608,
    "ml-object-detection": 0.15836906650635812
  },
  "resource_config": [
    {
      "cpu_m": 515,
      "memory_mi": 68
    },
    {
      "cpu_m": 5887,
      "memory_mi": 449
    }
  ]
}
--------------------------------------------------------------------------------
{
  "rank": 8,
  "cost": 8256.002894119089,
  "duration": 1.9061746997758746,
  "price_cost": 8256.002894119089,
  "energy_cost": 418.3113191188397,
  "objective_name": "price",
  "feasible": true,
  "latencies": {
    "ml-image-processing": 0.2494354341035852,
    "ml-object-detection": 0.15628514167351218
  },
  "resource_config": [
    {
      "cpu_m": 354,
      "memory_mi": 50
    },
    {
      "cpu_m": 5998,
      "memory_mi": 503
    }
  ]
}
--------------------------------------------------------------------------------
{
  "rank": 9,
  "cost": 8548.695628323685,
  "duration": 1.7066455692984164,
  "price_cost": 8548.695628323685,
  "energy_cost": 463.52501232502607,
  "objective_name": "price",
  "feasible": true,
  "latencies": {
    "ml-image-processing": 0.13628567975117928,
    "ml-object-detection": 0.19220041950595462
  },
  "resource_config": [
    {
      "cpu_m": 611,
      "memory_mi": 58
    },
    {
      "cpu_m": 5067,
      "memory_mi": 402
    }
  ]
}
--------------------------------------------------------------------------------
{
  "rank": 10,
  "cost": 8571.542221604883,
  "duration": 1.0411945832893252,
  "price_cost": 8571.542221604883,
  "energy_cost": 470.5738232614133,
  "objective_name": "price",
  "feasible": true,
  "latencies": {
    "ml-image-processing": 0.12082607255040391,
    "ml-object-detection": 0.1646580269019044
  },
  "resource_config": [
    {
      "cpu_m": 736,
      "memory_mi": 51
    },
    {
      "cpu_m": 5919,
      "memory_mi": 473
    }
  ]
}
--------------------------------------------------------------------------------
{
  "rank": 11,
  "cost": 8791.91443402242,
  "duration": 1.3000715100206435,
  "price_cost": 8791.91443402242,
  "energy_cost": 466.0622696793382,
  "objective_name": "price",
  "feasible": true,
  "latencies": {
    "ml-image-processing": 0.14175905904913735,
    "ml-object-detection": 0.1778082796631174
  },
  "resource_config": [
    {
      "cpu_m": 609,
      "memory_mi": 66
    },
    {
      "cpu_m": 5633,
      "memory_mi": 425
    }
  ]
}
--------------------------------------------------------------------------------
{
  "rank": 12,
  "cost": 8870.890872900112,
  "duration": 2.600670082028955,
  "price_cost": 8870.890872900112,
  "energy_cost": 470.08454319897913,
  "objective_name": "price",
  "feasible": true,
  "latencies": {
    "ml-image-processing": 0.10555213969847602,
    "ml-object-detection": 0.21918822539090696
  },
  "resource_config": [
    {
      "cpu_m": 800,
      "memory_mi": 66
    },
    {
      "cpu_m": 4605,
      "memory_mi": 490
    }
  ]
}
--------------------------------------------------------------------------------
{
  "rank": 13,
  "cost": 8930.92194185463,
  "duration": 1.8637894778512418,
  "price_cost": 8930.92194185463,
  "energy_cost": 455.6551091374738,
  "objective_name": "price",
  "feasible": true,
  "latencies": {
    "ml-image-processing": 0.15812075802528147,
    "ml-object-detection": 0.22352205421914584
  },
  "resource_config": [
    {
      "cpu_m": 534,
      "memory_mi": 56
    },
    {
      "cpu_m": 4551,
      "memory_mi": 427
    }
  ]
}
--------------------------------------------------------------------------------
{
  "rank": 14,
  "cost": 8965.590201689298,
  "duration": 1.6707392106764019,
  "price_cost": 8965.590201689298,
  "energy_cost": 467.68919030754336,
  "objective_name": "price",
  "feasible": true,
  "latencies": {
    "ml-image-processing": 0.12056933646090329,
    "ml-object-detection": 0.1704071476512278
  },
  "resource_config": [
    {
      "cpu_m": 707,
      "memory_mi": 65
    },
    {
      "cpu_m": 5999,
      "memory_mi": 462
    }
  ]
}
--------------------------------------------------------------------------------
{
  "rank": 15,
  "cost": 8981.198957423327,
  "duration": 1.8910463601350784,
  "price_cost": 8981.198957423327,
  "energy_cost": 450.1184894224862,
  "objective_name": "price",
  "feasible": true,
  "latencies": {
    "ml-image-processing": 0.16323137857409112,
    "ml-object-detection": 0.2064776086846172
  },
  "resource_config": [
    {
      "cpu_m": 503,
      "memory_mi": 65
    },
    {
      "cpu_m": 4956,
      "memory_mi": 506
    }
  ]
}
--------------------------------------------------------------------------------
{
  "rank": 16,
  "cost": 9118.68627668377,
  "duration": 2.3913161531090736,
  "price_cost": 9118.68627668377,
  "energy_cost": 447.51069575775637,
  "objective_name": "price",
  "feasible": true,
  "latencies": {
    "ml-image-processing": 0.15815933414198685,
    "ml-object-detection": 0.23410958388933178
  },
  "resource_config": [
    {
      "cpu_m": 502,
      "memory_mi": 64
    },
    {
      "cpu_m": 4440,
      "memory_mi": 508
    }
  ]
}
--------------------------------------------------------------------------------
{
  "rank": 17,
  "cost": 9132.824224413784,
  "duration": 1.8004788872785866,
  "price_cost": 9132.824224413784,
  "energy_cost": 425.474589965107,
  "objective_name": "price",
  "feasible": true,
  "latencies": {
    "ml-image-processing": 0.15326726083945044,
    "ml-object-detection": 0.2929336854448432
  },
  "resource_config": [
    {
      "cpu_m": 528,
      "memory_mi": 66
    },
    {
      "cpu_m": 3552,
      "memory_mi": 410
    }
  ]
}
--------------------------------------------------------------------------------
{
  "rank": 18,
  "cost": 9144.370195714648,
  "duration": 1.2117938827723265,
  "price_cost": 9144.370195714648,
  "energy_cost": 472.83696584723015,
  "objective_name": "price",
  "feasible": true,
  "latencies": {
    "ml-image-processing": 0.11180364577099682,
    "ml-object-detection": 0.1736422802383701
  },
  "resource_config": [
    {
      "cpu_m": 783,
      "memory_mi": 70
    },
    {
      "cpu_m": 6000,
      "memory_mi": 511
    }
  ]
}
--------------------------------------------------------------------------------
{
  "rank": 19,
  "cost": 9164.377017101007,
  "duration": 1.6349197020754218,
  "price_cost": 9164.377017101007,
  "energy_cost": 472.390649600068,
  "objective_name": "price",
  "feasible": true,
  "latencies": {
    "ml-image-processing": 0.11161268127321357,
    "ml-object-detection": 0.22127125738188624
  },
  "resource_config": [
    {
      "cpu_m": 800,
      "memory_mi": 64
    },
    {
      "cpu_m": 4715,
      "memory_mi": 422
    }
  ]
}
--------------------------------------------------------------------------------
{
  "rank": 20,
  "cost": 9348.52334858377,
  "duration": 1.2258979161269963,
  "price_cost": 9348.52334858377,
  "energy_cost": 465.333436290085,
  "objective_name": "price",
  "feasible": true,
  "latencies": {
    "ml-image-processing": 0.1374821933051054,
    "ml-object-detection": 0.21325335738947615
  },
  "resource_config": [
    {
      "cpu_m": 640,
      "memory_mi": 58
    },
    {
      "cpu_m": 4998,
      "memory_mi": 412
    }
  ]
}
--------------------------------------------------------------------------------
BO loop time: 4719.60 seconds
Best cost: 7004.927862513031
Best resource configuration: [{'cpu_m': 300, 'memory_mi': 69}, {'cpu_m': 5224, 'memory_mi': 462}]
