================================================================================
objective      : price
resource_config: [{'cpu_m': 312, 'memory_mi': 54}, {'cpu_m': 5549, 'memory_mi': 423}], latencies: {'ml-image-processing': 0.28010619075835813, 'ml-object-detection': 0.16322827087216346}, price_cost: 7979.873653, energy_cost: 397.618501, latency_p99 : 2.903750
wall_time_s    : 74.201
================================================================================
================================================================================
objective      : price
resource_config: [{'cpu_m': 388, 'memory_mi': 60}, {'cpu_m': 2673, 'memory_mi': 451}], latencies: {'ml-image-processing': 0.21862350974968353, 'ml-object-detection': 0.4142133206085757}, price_cost: 9750.474729, energy_cost: 366.760245, latency_p99 : 9.000000
wall_time_s    : 74.370
================================================================================
================================================================================
objective      : price
resource_config: [{'cpu_m': 321, 'memory_mi': 58}, {'cpu_m': 5803, 'memory_mi': 468}], latencies: {'ml-image-processing': 0.2599454841491851, 'ml-object-detection': 0.15333381297744134}, price_cost: 7834.608529, energy_cost: 396.902993, latency_p99 : 4.200896
wall_time_s    : 74.466
================================================================================
================================================================================
objective      : price
resource_config: [{'cpu_m': 541, 'memory_mi': 55}, {'cpu_m': 1904, 'memory_mi': 422}], latencies: {'ml-image-processing': 0.11050606147824403, 'ml-object-detection': 0.6966693062088726}, price_cost: 11598.672933, energy_cost: 315.675469, latency_p99 : 9.000000
wall_time_s    : 79.360
================================================================================
================================================================================
objective      : price
resource_config: [{'cpu_m': 367, 'memory_mi': 54}, {'cpu_m': 1585, 'memory_mi': 498}], latencies: {'ml-image-processing': 0.2018779289443046, 'ml-object-detection': 0.7595424388069659}, price_cost: 10653.394770, energy_cost: 306.964403, latency_p99 : 9.000000
wall_time_s    : 77.155
================================================================================
================================================================================
objective      : price
resource_config: [{'cpu_m': 592, 'memory_mi': 53}, {'cpu_m': 3668, 'memory_mi': 460}], latencies: {'ml-image-processing': 0.13102024424733827, 'ml-object-detection': 0.28311190467502456}, price_cost: 9111.036706, energy_cost: 424.579496, latency_p99 : 9.000000
wall_time_s    : 76.351
================================================================================
================================================================================
objective      : price
resource_config: [{'cpu_m': 621, 'memory_mi': 55}, {'cpu_m': 3852, 'memory_mi': 416}], latencies: {'ml-image-processing': 0.11827137359538145, 'ml-object-detection': 0.2582638708408922}, price_cost: 8715.313661, energy_cost: 435.077203, latency_p99 : 9.000000
wall_time_s    : 77.070
================================================================================
================================================================================
objective      : price
resource_config: [{'cpu_m': 325, 'memory_mi': 69}, {'cpu_m': 4969, 'memory_mi': 455}], latencies: {'ml-image-processing': 0.26490615503086395, 'ml-object-detection': 0.16887989627042163}, price_cost: 7416.932608, energy_cost: 405.039008, latency_p99 : 3.325583
wall_time_s    : 75.621
================================================================================
================================================================================
objective      : price
resource_config: [{'cpu_m': 763, 'memory_mi': 56}, {'cpu_m': 4556, 'memory_mi': 479}], latencies: {'ml-image-processing': 0.10864949889002821, 'ml-object-detection': 0.23275376210064702}, price_cost: 9301.506712, energy_cost: 467.612236, latency_p99 : 1.775510
wall_time_s    : 74.964
================================================================================
================================================================================
objective      : price
resource_config: [{'cpu_m': 619, 'memory_mi': 64}, {'cpu_m': 4839, 'memory_mi': 462}], latencies: {'ml-image-processing': 0.13655244949687687, 'ml-object-detection': 0.21432363057586676}, price_cost: 9101.694958, energy_cost: 461.897741, latency_p99 : 1.569314
wall_time_s    : 75.205
================================================================================
Starting fresh (no checkpoint at bo_model_price_20260105_084828.pt).
  initial_points = 10
  running_batches = 10
  initial_best_feasible_cost = 7979.873652553486
  initial_best_constraint = -0.096
  initial_best_resource_config = [{'cpu_m': 312, 'memory_mi': 54}, {'cpu_m': 5549, 'memory_mi': 423}]
  time_taken_for_init = 770.19 seconds
================================================================================
================================================================================
objective      : price
resource_config: [{'cpu_m': 799, 'memory_mi': 70}, {'cpu_m': 5631, 'memory_mi': 512}], latencies: {'ml-image-processing': 0.11698383551619544, 'ml-object-detection': 0.19102874040805004}, price_cost: 9454.119330, energy_cost: 474.624396, latency_p99 : 1.284539
wall_time_s    : 73.769
================================================================================
================================================================================
objective      : price
resource_config: [{'cpu_m': 312, 'memory_mi': 64}, {'cpu_m': 5117, 'memory_mi': 426}], latencies: {'ml-image-processing': 0.29174896396041194, 'ml-object-detection': 0.16951968637295067}, price_cost: 7668.358088, energy_cost: 400.416328, latency_p99 : 3.326358
wall_time_s    : 74.098
================================================================================
================================================================================
objective      : price
resource_config: [{'cpu_m': 300, 'memory_mi': 64}, {'cpu_m': 5043, 'memory_mi': 489}], latencies: {'ml-image-processing': 0.29785462743866276, 'ml-object-detection': 0.17230981413521013}, price_cost: 7683.726642, energy_cost: 387.874112, latency_p99 : 2.974134
wall_time_s    : 75.970
================================================================================

Batch  1: best_feasible_cost (random, qNEI) = (7979.873652553486, 7683.726642451361), best_constraint =  -0.026 (<=0 feasible), time = 235.39.
Best feasible resource configuration: [{'cpu_m': 300, 'memory_mi': 64}, {'cpu_m': 5043, 'memory_mi': 489}]

================================================================================
================================================================================
objective      : price
resource_config: [{'cpu_m': 724, 'memory_mi': 68}, {'cpu_m': 5695, 'memory_mi': 494}], latencies: {'ml-image-processing': 0.10929803929512243, 'ml-object-detection': 0.17139866970798098}, price_cost: 8559.842280, energy_cost: 467.159569, latency_p99 : 1.099129
wall_time_s    : 75.581
================================================================================
================================================================================
objective      : price
resource_config: [{'cpu_m': 370, 'memory_mi': 70}, {'cpu_m': 5115, 'memory_mi': 498}], latencies: {'ml-image-processing': 0.23391681374801743, 'ml-object-detection': 0.1705836594750684}, price_cost: 7705.647604, energy_cost: 410.574870, latency_p99 : 2.759082
wall_time_s    : 76.965
================================================================================
================================================================================
objective      : price
resource_config: [{'cpu_m': 398, 'memory_mi': 63}, {'cpu_m': 4994, 'memory_mi': 426}], latencies: {'ml-image-processing': 0.23154649598004876, 'ml-object-detection': 0.16996586315150633}, price_cost: 7513.076648, energy_cost: 415.436868, latency_p99 : 2.724403
wall_time_s    : 76.292
================================================================================

Batch  2: best_feasible_cost (random, qNEI) = (7979.873652553486, 7513.076648139373), best_constraint =  -0.276 (<=0 feasible), time = 238.57.
Best feasible resource configuration: [{'cpu_m': 398, 'memory_mi': 63}, {'cpu_m': 4994, 'memory_mi': 426}]

================================================================================
================================================================================
objective      : price
resource_config: [{'cpu_m': 395, 'memory_mi': 70}, {'cpu_m': 5885, 'memory_mi': 400}], latencies: {'ml-image-processing': 0.22324745961620163, 'ml-object-detection': 0.1600744933122769}, price_cost: 8286.863348, energy_cost: 426.799416, latency_p99 : 2.983042
wall_time_s    : 75.914
================================================================================
================================================================================
objective      : price
resource_config: [{'cpu_m': 360, 'memory_mi': 60}, {'cpu_m': 5020, 'memory_mi': 443}], latencies: {'ml-image-processing': 0.24545842207084267, 'ml-object-detection': 0.16785017152364223}, price_cost: 7450.563260, energy_cost: 411.211919, latency_p99 : 2.328579
wall_time_s    : 74.940
================================================================================
================================================================================
objective      : price
resource_config: [{'cpu_m': 706, 'memory_mi': 50}, {'cpu_m': 5925, 'memory_mi': 400}], latencies: {'ml-image-processing': 0.12602213048057198, 'ml-object-detection': 0.17151415385050725}, price_cost: 8918.840222, energy_cost: 467.175556, latency_p99 : 1.532158
wall_time_s    : 75.090
================================================================================

Batch  3: best_feasible_cost (random, qNEI) = (7979.873652553486, 7450.563259605864), best_constraint =  -0.671 (<=0 feasible), time = 234.39.
Best feasible resource configuration: [{'cpu_m': 360, 'memory_mi': 60}, {'cpu_m': 5020, 'memory_mi': 443}]

================================================================================
================================================================================
objective      : price
resource_config: [{'cpu_m': 361, 'memory_mi': 65}, {'cpu_m': 4758, 'memory_mi': 455}], latencies: {'ml-image-processing': 0.24313103514494466, 'ml-object-detection': 0.193180943289619}, price_cost: 8106.089025, energy_cost: 419.443997, latency_p99 : 2.607037
wall_time_s    : 74.842
================================================================================
================================================================================
objective      : price
resource_config: [{'cpu_m': 364, 'memory_mi': 50}, {'cpu_m': 4687, 'memory_mi': 448}], latencies: {'ml-image-processing': 0.23946343366988004, 'ml-object-detection': 0.18366745401484272}, price_cost: 7605.866918, energy_cost: 411.070449, latency_p99 : 5.071613
wall_time_s    : 78.783
================================================================================
================================================================================
objective      : price
resource_config: [{'cpu_m': 663, 'memory_mi': 58}, {'cpu_m': 5281, 'memory_mi': 445}], latencies: {'ml-image-processing': 0.12760078889151957, 'ml-object-detection': 0.19236461523512047}, price_cost: 8913.540452, energy_cost: 462.656520, latency_p99 : 1.157357
wall_time_s    : 72.958
================================================================================

Batch  4: best_feasible_cost (random, qNEI) = (7979.873652553486, 7450.563259605864), best_constraint =  -0.671 (<=0 feasible), time = 234.19.
Best feasible resource configuration: [{'cpu_m': 360, 'memory_mi': 60}, {'cpu_m': 5020, 'memory_mi': 443}]

================================================================================
================================================================================
objective      : price
resource_config: [{'cpu_m': 300, 'memory_mi': 57}, {'cpu_m': 5145, 'memory_mi': 400}], latencies: {'ml-image-processing': 0.29427044847452977, 'ml-object-detection': 0.15706395903461665}, price_cost: 7151.220542, energy_cost: 393.156285, latency_p99 : 2.596388
wall_time_s    : 76.460
================================================================================
================================================================================
objective      : price
resource_config: [{'cpu_m': 319, 'memory_mi': 59}, {'cpu_m': 5124, 'memory_mi': 470}], latencies: {'ml-image-processing': 0.2743941029184498, 'ml-object-detection': 0.16619531549180724}, price_cost: 7526.778259, energy_cost: 395.103128, latency_p99 : 3.368459
wall_time_s    : 78.341
================================================================================
================================================================================
objective      : price
resource_config: [{'cpu_m': 676, 'memory_mi': 58}, {'cpu_m': 5540, 'memory_mi': 428}], latencies: {'ml-image-processing': 0.12844247379250925, 'ml-object-detection': 0.1844864543335997}, price_cost: 8968.465446, energy_cost: 466.490866, latency_p99 : 1.191893
wall_time_s    : 74.638
================================================================================

Batch  5: best_feasible_cost (random, qNEI) = (7979.873652553486, 7151.220542016388), best_constraint =  -0.404 (<=0 feasible), time = 239.16.
Best feasible resource configuration: [{'cpu_m': 300, 'memory_mi': 57}, {'cpu_m': 5145, 'memory_mi': 400}]

================================================================================
================================================================================
objective      : price
resource_config: [{'cpu_m': 300, 'memory_mi': 50}, {'cpu_m': 5235, 'memory_mi': 413}], latencies: {'ml-image-processing': 0.28262272124454657, 'ml-object-detection': 0.15293211345043448}, price_cost: 7077.062887, energy_cost: 387.162325, latency_p99 : 3.386450
wall_time_s    : 74.986
================================================================================
================================================================================
objective      : price
resource_config: [{'cpu_m': 300, 'memory_mi': 59}, {'cpu_m': 4230, 'memory_mi': 512}], latencies: {'ml-image-processing': 0.3034972245984066, 'ml-object-detection': 0.19340851734607264}, price_cost: 7266.388807, energy_cost: 387.290273, latency_p99 : 3.048495
wall_time_s    : 75.854
================================================================================
================================================================================
objective      : price
resource_config: [{'cpu_m': 300, 'memory_mi': 56}, {'cpu_m': 5025, 'memory_mi': 400}], latencies: {'ml-image-processing': 0.32275900807818053, 'ml-object-detection': 0.16586710065085855}, price_cost: 7393.965339, energy_cost: 388.596202, latency_p99 : 3.308097
wall_time_s    : 75.549
================================================================================

Batch  6: best_feasible_cost (random, qNEI) = (7979.873652553486, 7151.220542016388), best_constraint =  -0.404 (<=0 feasible), time = 234.91.
Best feasible resource configuration: [{'cpu_m': 300, 'memory_mi': 57}, {'cpu_m': 5145, 'memory_mi': 400}]

================================================================================
================================================================================
objective      : price
resource_config: [{'cpu_m': 800, 'memory_mi': 69}, {'cpu_m': 3998, 'memory_mi': 411}], latencies: {'ml-image-processing': 0.10661098771379329, 'ml-object-detection': 0.24427169210684951}, price_cost: 8591.504126, energy_cost: 443.020905, latency_p99 : 9.000000
wall_time_s    : 76.495
================================================================================
================================================================================
objective      : price
resource_config: [{'cpu_m': 304, 'memory_mi': 61}, {'cpu_m': 4631, 'memory_mi': 498}], latencies: {'ml-image-processing': 0.2962573242280632, 'ml-object-detection': 0.161280334899202}, price_cost: 6648.439232, energy_cost: 380.636003, latency_p99 : 3.722257
wall_time_s    : 75.287
================================================================================
================================================================================
objective      : price
resource_config: [{'cpu_m': 300, 'memory_mi': 58}, {'cpu_m': 4678, 'memory_mi': 503}], latencies: {'ml-image-processing': 0.3019336808190149, 'ml-object-detection': 0.1877577852574177}, price_cost: 7772.589375, energy_cost: 388.514208, latency_p99 : 4.476081
wall_time_s    : 76.804
================================================================================

Batch  7: best_feasible_cost (random, qNEI) = (7979.873652553486, 7151.220542016388), best_constraint =  -0.404 (<=0 feasible), time = 238.13.
Best feasible resource configuration: [{'cpu_m': 300, 'memory_mi': 57}, {'cpu_m': 5145, 'memory_mi': 400}]

================================================================================
================================================================================
objective      : price
resource_config: [{'cpu_m': 800, 'memory_mi': 55}, {'cpu_m': 4213, 'memory_mi': 474}], latencies: {'ml-image-processing': 0.10400550888562707, 'ml-object-detection': 0.2501975342264058}, price_cost: 9252.831567, energy_cost: 457.073364, latency_p99 : 2.591814
wall_time_s    : 74.713
================================================================================
================================================================================
objective      : price
resource_config: [{'cpu_m': 454, 'memory_mi': 52}, {'cpu_m': 4908, 'memory_mi': 470}], latencies: {'ml-image-processing': 0.19123857603199892, 'ml-object-detection': 0.18953310779587768}, price_cost: 8196.659589, energy_cost: 440.232928, latency_p99 : 1.896529
wall_time_s    : 75.700
================================================================================
================================================================================
objective      : price
resource_config: [{'cpu_m': 300, 'memory_mi': 68}, {'cpu_m': 4420, 'memory_mi': 479}], latencies: {'ml-image-processing': 0.28379283663471816, 'ml-object-detection': 0.17971819244256174}, price_cost: 7040.051390, energy_cost: 384.610508, latency_p99 : 3.859826
wall_time_s    : 75.306
================================================================================

Batch  8: best_feasible_cost (random, qNEI) = (7979.873652553486, 7151.220542016388), best_constraint =  -0.404 (<=0 feasible), time = 232.06.
Best feasible resource configuration: [{'cpu_m': 300, 'memory_mi': 57}, {'cpu_m': 5145, 'memory_mi': 400}]

================================================================================
================================================================================
objective      : price
resource_config: [{'cpu_m': 300, 'memory_mi': 70}, {'cpu_m': 4521, 'memory_mi': 483}], latencies: {'ml-image-processing': 0.29983433532443915, 'ml-object-detection': 0.1975857824849134}, price_cost: 7898.830220, energy_cost: 390.865697, latency_p99 : 4.133152
wall_time_s    : 76.879
================================================================================
================================================================================
objective      : price
resource_config: [{'cpu_m': 300, 'memory_mi': 70}, {'cpu_m': 4883, 'memory_mi': 400}], latencies: {'ml-image-processing': 0.30632176159627056, 'ml-object-detection': 0.16496510298245332}, price_cost: 7142.953125, energy_cost: 387.360041, latency_p99 : 3.589494
wall_time_s    : 76.762
================================================================================
================================================================================
objective      : price
resource_config: [{'cpu_m': 566, 'memory_mi': 56}, {'cpu_m': 4101, 'memory_mi': 482}], latencies: {'ml-image-processing': 0.14113198726702092, 'ml-object-detection': 0.25987698619406835}, price_cost: 9346.485927, energy_cost: 446.633304, latency_p99 : 2.099249
wall_time_s    : 75.693
================================================================================

Batch  9: best_feasible_cost (random, qNEI) = (7979.873652553486, 7151.220542016388), best_constraint =  -0.404 (<=0 feasible), time = 238.05.
Best feasible resource configuration: [{'cpu_m': 300, 'memory_mi': 57}, {'cpu_m': 5145, 'memory_mi': 400}]

================================================================================
================================================================================
objective      : price
resource_config: [{'cpu_m': 688, 'memory_mi': 54}, {'cpu_m': 6000, 'memory_mi': 441}], latencies: {'ml-image-processing': 0.1288167614081543, 'ml-object-detection': 0.17358244867510583}, price_cost: 9136.990492, energy_cost: 464.775144, latency_p99 : 1.721043
wall_time_s    : 74.268
================================================================================
================================================================================
objective      : price
resource_config: [{'cpu_m': 300, 'memory_mi': 63}, {'cpu_m': 4224, 'memory_mi': 512}], latencies: {'ml-image-processing': 0.2865904440295021, 'ml-object-detection': 0.2086393312234783}, price_cost: 7791.733336, energy_cost: 389.116169, latency_p99 : 4.027580
wall_time_s    : 77.983
================================================================================
================================================================================
objective      : price
resource_config: [{'cpu_m': 300, 'memory_mi': 70}, {'cpu_m': 5028, 'memory_mi': 400}], latencies: {'ml-image-processing': 0.2938656324449067, 'ml-object-detection': 0.16823090004842156}, price_cost: 7474.533376, energy_cost: 390.783941, latency_p99 : 3.383399
wall_time_s    : 76.950
================================================================================

Batch 10: best_feasible_cost (random, qNEI) = (7979.873652553486, 7151.220542016388), best_constraint =  -0.404 (<=0 feasible), time = 240.05.
Best feasible resource configuration: [{'cpu_m': 300, 'memory_mi': 57}, {'cpu_m': 5145, 'memory_mi': 400}]

================================================================================
================================================================================
SORTED SAMPLE LOG
{
  "timestamp": "2026-01-05T09:40:43.806164",
  "num_samples": 19,
  "feasible_only": true
}
--------------------------------------------------------------------------------
{
  "rank": 0,
  "cost": 7151.220542016388,
  "duration": 2.5963881267234683,
  "price_cost": 7151.220542016388,
  "energy_cost": 393.15628520815187,
  "objective_name": "price",
  "feasible": true,
  "latencies": {
    "ml-image-processing": 0.29427044847452977,
    "ml-object-detection": 0.15706395903461665
  },
  "resource_config": [
    {
      "cpu_m": 300,
      "memory_mi": 57
    },
    {
      "cpu_m": 5145,
      "memory_mi": 400
    }
  ]
}
--------------------------------------------------------------------------------
{
  "rank": 1,
  "cost": 7450.563259605864,
  "duration": 2.3285789359360933,
  "price_cost": 7450.563259605864,
  "energy_cost": 411.2119188119783,
  "objective_name": "price",
  "feasible": true,
  "latencies": {
    "ml-image-processing": 0.24545842207084267,
    "ml-object-detection": 0.16785017152364223
  },
  "resource_config": [
    {
      "cpu_m": 360,
      "memory_mi": 60
    },
    {
      "cpu_m": 5020,
      "memory_mi": 443
    }
  ]
}
--------------------------------------------------------------------------------
{
  "rank": 2,
  "cost": 7513.076648139373,
  "duration": 2.7244031419977546,
  "price_cost": 7513.076648139373,
  "energy_cost": 415.4368678692989,
  "objective_name": "price",
  "feasible": true,
  "latencies": {
    "ml-image-processing": 0.23154649598004876,
    "ml-object-detection": 0.16996586315150633
  },
  "resource_config": [
    {
      "cpu_m": 398,
      "memory_mi": 63
    },
    {
      "cpu_m": 4994,
      "memory_mi": 426
    }
  ]
}
--------------------------------------------------------------------------------
{
  "rank": 3,
  "cost": 7683.726642451361,
  "duration": 2.97413432598114,
  "price_cost": 7683.726642451361,
  "energy_cost": 387.8741119173446,
  "objective_name": "price",
  "feasible": true,
  "latencies": {
    "ml-image-processing": 0.29785462743866276,
    "ml-object-detection": 0.17230981413521013
  },
  "resource_config": [
    {
      "cpu_m": 300,
      "memory_mi": 64
    },
    {
      "cpu_m": 5043,
      "memory_mi": 489
    }
  ]
}
--------------------------------------------------------------------------------
{
  "rank": 4,
  "cost": 7705.647604067033,
  "duration": 2.759081724099815,
  "price_cost": 7705.647604067033,
  "energy_cost": 410.5748701737042,
  "objective_name": "price",
  "feasible": true,
  "latencies": {
    "ml-image-processing": 0.23391681374801743,
    "ml-object-detection": 0.1705836594750684
  },
  "resource_config": [
    {
      "cpu_m": 370,
      "memory_mi": 70
    },
    {
      "cpu_m": 5115,
      "memory_mi": 498
    }
  ]
}
--------------------------------------------------------------------------------
{
  "rank": 5,
  "cost": 7979.873652553486,
  "duration": 2.903750051278621,
  "price_cost": 7979.873652553486,
  "energy_cost": 397.6185007081094,
  "objective_name": "price",
  "feasible": true,
  "latencies": {
    "ml-image-processing": 0.28010619075835813,
    "ml-object-detection": 0.16322827087216346
  },
  "resource_config": [
    {
      "cpu_m": 312,
      "memory_mi": 54
    },
    {
      "cpu_m": 5549,
      "memory_mi": 423
    }
  ]
}
--------------------------------------------------------------------------------
{
  "rank": 6,
  "cost": 8106.089025029597,
  "duration": 2.607037184294313,
  "price_cost": 8106.089025029597,
  "energy_cost": 419.44399717822824,
  "objective_name": "price",
  "feasible": true,
  "latencies": {
    "ml-image-processing": 0.24313103514494466,
    "ml-object-detection": 0.193180943289619
  },
  "resource_config": [
    {
      "cpu_m": 361,
      "memory_mi": 65
    },
    {
      "cpu_m": 4758,
      "memory_mi": 455
    }
  ]
}
--------------------------------------------------------------------------------
{
  "rank": 7,
  "cost": 8196.659588943126,
  "duration": 1.8965285550802946,
  "price_cost": 8196.659588943126,
  "energy_cost": 440.23292764810526,
  "objective_name": "price",
  "feasible": true,
  "latencies": {
    "ml-image-processing": 0.19123857603199892,
    "ml-object-detection": 0.18953310779587768
  },
  "resource_config": [
    {
      "cpu_m": 454,
      "memory_mi": 52
    },
    {
      "cpu_m": 4908,
      "memory_mi": 470
    }
  ]
}
--------------------------------------------------------------------------------
{
  "rank": 8,
  "cost": 8286.863348184057,
  "duration": 2.983041939791292,
  "price_cost": 8286.863348184057,
  "energy_cost": 426.79941612646826,
  "objective_name": "price",
  "feasible": true,
  "latencies": {
    "ml-image-processing": 0.22324745961620163,
    "ml-object-detection": 0.1600744933122769
  },
  "resource_config": [
    {
      "cpu_m": 395,
      "memory_mi": 70
    },
    {
      "cpu_m": 5885,
      "memory_mi": 400
    }
  ]
}
--------------------------------------------------------------------------------
{
  "rank": 9,
  "cost": 8559.842279648094,
  "duration": 1.0991294370032847,
  "price_cost": 8559.842279648094,
  "energy_cost": 467.15956941870417,
  "objective_name": "price",
  "feasible": true,
  "latencies": {
    "ml-image-processing": 0.10929803929512243,
    "ml-object-detection": 0.17139866970798098
  },
  "resource_config": [
    {
      "cpu_m": 724,
      "memory_mi": 68
    },
    {
      "cpu_m": 5695,
      "memory_mi": 494
    }
  ]
}
--------------------------------------------------------------------------------
{
  "rank": 10,
  "cost": 8913.540451968067,
  "duration": 1.157356945797801,
  "price_cost": 8913.540451968067,
  "energy_cost": 462.65652018712944,
  "objective_name": "price",
  "feasible": true,
  "latencies": {
    "ml-image-processing": 0.12760078889151957,
    "ml-object-detection": 0.19236461523512047
  },
  "resource_config": [
    {
      "cpu_m": 663,
      "memory_mi": 58
    },
    {
      "cpu_m": 5281,
      "memory_mi": 445
    }
  ]
}
--------------------------------------------------------------------------------
{
  "rank": 11,
  "cost": 8918.840222099461,
  "duration": 1.5321577242575586,
  "price_cost": 8918.840222099461,
  "energy_cost": 467.1755560273265,
  "objective_name": "price",
  "feasible": true,
  "latencies": {
    "ml-image-processing": 0.12602213048057198,
    "ml-object-detection": 0.17151415385050725
  },
  "resource_config": [
    {
      "cpu_m": 706,
      "memory_mi": 50
    },
    {
      "cpu_m": 5925,
      "memory_mi": 400
    }
  ]
}
--------------------------------------------------------------------------------
{
  "rank": 12,
  "cost": 8968.465446437649,
  "duration": 1.1918930313549936,
  "price_cost": 8968.465446437649,
  "energy_cost": 466.4908659950198,
  "objective_name": "price",
  "feasible": true,
  "latencies": {
    "ml-image-processing": 0.12844247379250925,
    "ml-object-detection": 0.1844864543335997
  },
  "resource_config": [
    {
      "cpu_m": 676,
      "memory_mi": 58
    },
    {
      "cpu_m": 5540,
      "memory_mi": 428
    }
  ]
}
--------------------------------------------------------------------------------
{
  "rank": 13,
  "cost": 9101.694957819242,
  "duration": 1.5693135261535645,
  "price_cost": 9101.694957819242,
  "energy_cost": 461.89774064730693,
  "objective_name": "price",
  "feasible": true,
  "latencies": {
    "ml-image-processing": 0.13655244949687687,
    "ml-object-detection": 0.21432363057586676
  },
  "resource_config": [
    {
      "cpu_m": 619,
      "memory_mi": 64
    },
    {
      "cpu_m": 4839,
      "memory_mi": 462
    }
  ]
}
--------------------------------------------------------------------------------
{
  "rank": 14,
  "cost": 9136.990492201418,
  "duration": 1.721042551100254,
  "price_cost": 9136.990492201418,
  "energy_cost": 464.7751437889416,
  "objective_name": "price",
  "feasible": true,
  "latencies": {
    "ml-image-processing": 0.1288167614081543,
    "ml-object-detection": 0.17358244867510583
  },
  "resource_config": [
    {
      "cpu_m": 688,
      "memory_mi": 54
    },
    {
      "cpu_m": 6000,
      "memory_mi": 441
    }
  ]
}
--------------------------------------------------------------------------------
{
  "rank": 15,
  "cost": 9252.831566745033,
  "duration": 2.5918143577873707,
  "price_cost": 9252.831566745033,
  "energy_cost": 457.07336394178515,
  "objective_name": "price",
  "feasible": true,
  "latencies": {
    "ml-image-processing": 0.10400550888562707,
    "ml-object-detection": 0.2501975342264058
  },
  "resource_config": [
    {
      "cpu_m": 800,
      "memory_mi": 55
    },
    {
      "cpu_m": 4213,
      "memory_mi": 474
    }
  ]
}
--------------------------------------------------------------------------------
{
  "rank": 16,
  "cost": 9301.50671219485,
  "duration": 1.7755104429088533,
  "price_cost": 9301.50671219485,
  "energy_cost": 467.6122358205712,
  "objective_name": "price",
  "feasible": true,
  "latencies": {
    "ml-image-processing": 0.10864949889002821,
    "ml-object-detection": 0.23275376210064702
  },
  "resource_config": [
    {
      "cpu_m": 763,
      "memory_mi": 56
    },
    {
      "cpu_m": 4556,
      "memory_mi": 479
    }
  ]
}
--------------------------------------------------------------------------------
{
  "rank": 17,
  "cost": 9346.485926509013,
  "duration": 2.0992486174218357,
  "price_cost": 9346.485926509013,
  "energy_cost": 446.63330384795734,
  "objective_name": "price",
  "feasible": true,
  "latencies": {
    "ml-image-processing": 0.14113198726702092,
    "ml-object-detection": 0.25987698619406835
  },
  "resource_config": [
    {
      "cpu_m": 566,
      "memory_mi": 56
    },
    {
      "cpu_m": 4101,
      "memory_mi": 482
    }
  ]
}
--------------------------------------------------------------------------------
{
  "rank": 18,
  "cost": 9454.119329591029,
  "duration": 1.2845389219000936,
  "price_cost": 9454.119329591029,
  "energy_cost": 474.62439591461435,
  "objective_name": "price",
  "feasible": true,
  "latencies": {
    "ml-image-processing": 0.11698383551619544,
    "ml-object-detection": 0.19102874040805004
  },
  "resource_config": [
    {
      "cpu_m": 799,
      "memory_mi": 70
    },
    {
      "cpu_m": 5631,
      "memory_mi": 512
    }
  ]
}
--------------------------------------------------------------------------------
BO loop time: 3135.17 seconds
Best cost: 7151.220542016388
Best resource configuration: [{'cpu_m': 300, 'memory_mi': 57}, {'cpu_m': 5145, 'memory_mi': 400}]
