================================================================================
objective      : energy
resource_config: [{'cpu_m': 533, 'memory_mi': 61}, {'cpu_m': 2003, 'memory_mi': 495}], latencies: {'ml-image-processing': 0.13508296300492742, 'ml-object-detection': 0.6002765054650167}, price_cost: 10584.910598, energy_cost: 333.351229, latency_p99 : 9.000000
wall_time_s    : 79.623
================================================================================
================================================================================
objective      : energy
resource_config: [{'cpu_m': 399, 'memory_mi': 58}, {'cpu_m': 2101, 'memory_mi': 490}], latencies: {'ml-image-processing': 0.18092196042028566, 'ml-object-detection': 0.5373972839054962}, price_cost: 9944.345212, energy_cost: 339.188422, latency_p99 : 9.000000
wall_time_s    : 83.945
================================================================================
================================================================================
objective      : energy
resource_config: [{'cpu_m': 323, 'memory_mi': 57}, {'cpu_m': 4577, 'memory_mi': 473}], latencies: {'ml-image-processing': 0.27211896110592143, 'ml-object-detection': 0.18847797901668986}, price_cost: 7628.271832, energy_cost: 398.156964, latency_p99 : 2.888617
wall_time_s    : 82.371
================================================================================
================================================================================
objective      : energy
resource_config: [{'cpu_m': 586, 'memory_mi': 59}, {'cpu_m': 4987, 'memory_mi': 418}], latencies: {'ml-image-processing': 0.14859560958069304, 'ml-object-detection': 0.20618989359101522}, price_cost: 9026.508185, energy_cost: 461.226606, latency_p99 : 2.096764
wall_time_s    : 82.800
================================================================================
================================================================================
objective      : energy
resource_config: [{'cpu_m': 677, 'memory_mi': 64}, {'cpu_m': 2266, 'memory_mi': 439}], latencies: {'ml-image-processing': 0.09660443887961181, 'ml-object-detection': 0.5010630838488314}, price_cost: 9951.073322, energy_cost: 353.173284, latency_p99 : 9.000000
wall_time_s    : 78.842
================================================================================
================================================================================
objective      : energy
resource_config: [{'cpu_m': 547, 'memory_mi': 58}, {'cpu_m': 2934, 'memory_mi': 493}], latencies: {'ml-image-processing': 0.12521819407120346, 'ml-object-detection': 0.36112105487845836}, price_cost: 9291.889624, energy_cost: 388.490321, latency_p99 : 9.000000
wall_time_s    : 84.869
================================================================================
================================================================================
objective      : energy
resource_config: [{'cpu_m': 734, 'memory_mi': 53}, {'cpu_m': 2706, 'memory_mi': 473}], latencies: {'ml-image-processing': 0.09869402965400802, 'ml-object-detection': 0.42433856164516753}, price_cost: 10068.914446, energy_cost: 373.912966, latency_p99 : 9.000000
wall_time_s    : 80.730
================================================================================
================================================================================
objective      : energy
resource_config: [{'cpu_m': 434, 'memory_mi': 58}, {'cpu_m': 2690, 'memory_mi': 440}], latencies: {'ml-image-processing': 0.16418969856474447, 'ml-object-detection': 0.4151496824909102}, price_cost: 9788.366899, energy_cost: 367.926129, latency_p99 : 9.000000
wall_time_s    : 83.353
================================================================================
================================================================================
objective      : energy
resource_config: [{'cpu_m': 658, 'memory_mi': 52}, {'cpu_m': 2455, 'memory_mi': 405}], latencies: {'ml-image-processing': 0.0985237661986909, 'ml-object-detection': 0.47855806974892284}, price_cost: 10267.833947, energy_cost: 10777.038805, latency_p99 : 9.000000
wall_time_s    : 84.498
================================================================================
================================================================================
objective      : energy
resource_config: [{'cpu_m': 422, 'memory_mi': 50}, {'cpu_m': 2969, 'memory_mi': 470}], latencies: {'ml-image-processing': 0.19355176897643475, 'ml-object-detection': 0.36265802930812446}, price_cost: 9472.425376, energy_cost: 395.587028, latency_p99 : 9.000000
wall_time_s    : 84.321
================================================================================
Starting fresh (no checkpoint at bo_model_energy_20260106_075919_resume.pt).
  initial_points = 10
  running_batches = 15
  initial_best_feasible_cost = 398.1569644806755
  initial_best_constraint = -0.111
  initial_best_resource_config = [{'cpu_m': 323, 'memory_mi': 57}, {'cpu_m': 4577, 'memory_mi': 473}]
  time_taken_for_init = 836.78 seconds
================================================================================
================================================================================
objective      : energy
resource_config: [{'cpu_m': 300, 'memory_mi': 70}, {'cpu_m': 4776, 'memory_mi': 438}], latencies: {'ml-image-processing': 0.2812122822506353, 'ml-object-detection': 0.17334695675942516}, price_cost: 7316.141521, energy_cost: 392.907861, latency_p99 : 3.918412
wall_time_s    : 80.683
================================================================================
================================================================================
objective      : energy
resource_config: [{'cpu_m': 800, 'memory_mi': 50}, {'cpu_m': 5393, 'memory_mi': 436}], latencies: {'ml-image-processing': 0.10936583445628027, 'ml-object-detection': 0.1917342327314576}, price_cost: 9074.253313, energy_cost: 476.634333, latency_p99 : 1.110955
wall_time_s    : 78.554
================================================================================
================================================================================
objective      : energy
resource_config: [{'cpu_m': 800, 'memory_mi': 60}, {'cpu_m': 5274, 'memory_mi': 441}], latencies: {'ml-image-processing': 0.11358830119062165, 'ml-object-detection': 0.19681375265784867}, price_cost: 9120.076715, energy_cost: 474.791385, latency_p99 : 1.208235
wall_time_s    : 77.445
================================================================================

Batch  1: best_feasible_cost (random, qNEI) = (398.1569644806755, 398.1569644806755), best_constraint =  -0.111 (<=0 feasible), time = 245.71.
Best feasible resource configuration: [{'cpu_m': 323, 'memory_mi': 57}, {'cpu_m': 4577, 'memory_mi': 473}]

================================================================================
================================================================================
objective      : energy
resource_config: [{'cpu_m': 800, 'memory_mi': 58}, {'cpu_m': 6000, 'memory_mi': 501}], latencies: {'ml-image-processing': 0.10975553646877215, 'ml-object-detection': 0.17713319414670203}, price_cost: 9322.398286, energy_cost: 479.731388, latency_p99 : 0.958767
wall_time_s    : 83.243
================================================================================
================================================================================
objective      : energy
resource_config: [{'cpu_m': 800, 'memory_mi': 52}, {'cpu_m': 6000, 'memory_mi': 409}], latencies: {'ml-image-processing': 0.11746518902883336, 'ml-object-detection': 0.17871244397719163}, price_cost: 9411.375031, energy_cost: 476.620603, latency_p99 : 1.329092
wall_time_s    : 80.427
================================================================================
================================================================================
objective      : energy
resource_config: [{'cpu_m': 300, 'memory_mi': 70}, {'cpu_m': 6000, 'memory_mi': 417}], latencies: {'ml-image-processing': 0.2869922335656291, 'ml-object-detection': 0.14580708669705522}, price_cost: 7710.099094, energy_cost: 391.555690, latency_p99 : 3.193257
wall_time_s    : 80.719
================================================================================

Batch  2: best_feasible_cost (random, qNEI) = (398.1569644806755, 398.1569644806755), best_constraint =  -0.111 (<=0 feasible), time = 252.69.
Best feasible resource configuration: [{'cpu_m': 323, 'memory_mi': 57}, {'cpu_m': 4577, 'memory_mi': 473}]

================================================================================
================================================================================
objective      : energy
resource_config: [{'cpu_m': 800, 'memory_mi': 68}, {'cpu_m': 6000, 'memory_mi': 480}], latencies: {'ml-image-processing': 0.11155718180169868, 'ml-object-detection': 0.17623339694303772}, price_cost: 9278.624599, energy_cost: 474.380423, latency_p99 : 1.253669
wall_time_s    : 80.772
================================================================================
================================================================================
objective      : energy
resource_config: [{'cpu_m': 300, 'memory_mi': 66}, {'cpu_m': 4925, 'memory_mi': 512}], latencies: {'ml-image-processing': 0.2909005716004792, 'ml-object-detection': 0.1610393860267804}, price_cost: 7033.639658, energy_cost: 388.995474, latency_p99 : 4.230565
wall_time_s    : 83.360
================================================================================
================================================================================
objective      : energy
resource_config: [{'cpu_m': 300, 'memory_mi': 50}, {'cpu_m': 4594, 'memory_mi': 512}], latencies: {'ml-image-processing': 0.2918242403518474, 'ml-object-detection': 0.17261277788661814}, price_cost: 7035.910567, energy_cost: 391.124903, latency_p99 : 3.097293
wall_time_s    : 81.752
================================================================================

Batch  3: best_feasible_cost (random, qNEI) = (398.1569644806755, 398.1569644806755), best_constraint =  -0.111 (<=0 feasible), time = 255.62.
Best feasible resource configuration: [{'cpu_m': 323, 'memory_mi': 57}, {'cpu_m': 4577, 'memory_mi': 473}]

================================================================================
================================================================================
objective      : energy
resource_config: [{'cpu_m': 800, 'memory_mi': 50}, {'cpu_m': 5384, 'memory_mi': 423}], latencies: {'ml-image-processing': 0.11050346317872602, 'ml-object-detection': 0.19505411372397488}, price_cost: 9213.177887, energy_cost: 477.255280, latency_p99 : 1.266060
wall_time_s    : 81.209
================================================================================
================================================================================
objective      : energy
resource_config: [{'cpu_m': 570, 'memory_mi': 70}, {'cpu_m': 4870, 'memory_mi': 494}], latencies: {'ml-image-processing': 0.15668851753477664, 'ml-object-detection': 0.21013079592547215}, price_cost: 9002.351967, energy_cost: 456.366115, latency_p99 : 2.063034
wall_time_s    : 79.655
================================================================================
================================================================================
objective      : energy
resource_config: [{'cpu_m': 800, 'memory_mi': 70}, {'cpu_m': 3810, 'memory_mi': 449}], latencies: {'ml-image-processing': 0.1047070379312517, 'ml-object-detection': 0.2507307975496532}, price_cost: 8413.683492, energy_cost: 437.538325, latency_p99 : 9.000000
wall_time_s    : 81.608
================================================================================

Batch  4: best_feasible_cost (random, qNEI) = (398.1569644806755, 398.1569644806755), best_constraint =  -0.111 (<=0 feasible), time = 250.89.
Best feasible resource configuration: [{'cpu_m': 323, 'memory_mi': 57}, {'cpu_m': 4577, 'memory_mi': 473}]

================================================================================
================================================================================
objective      : energy
resource_config: [{'cpu_m': 346, 'memory_mi': 50}, {'cpu_m': 4519, 'memory_mi': 512}], latencies: {'ml-image-processing': 0.24633534873788387, 'ml-object-detection': 0.19041401559045001}, price_cost: 7606.298150, energy_cost: 409.232083, latency_p99 : 3.996219
wall_time_s    : 82.488
================================================================================
================================================================================
objective      : energy
resource_config: [{'cpu_m': 354, 'memory_mi': 70}, {'cpu_m': 4447, 'memory_mi': 400}], latencies: {'ml-image-processing': 0.25993258626151244, 'ml-object-detection': 0.20383958462952523}, price_cost: 8007.751198, energy_cost: 412.898761, latency_p99 : 2.890891
wall_time_s    : 81.144
================================================================================
================================================================================
objective      : energy
resource_config: [{'cpu_m': 547, 'memory_mi': 53}, {'cpu_m': 2399, 'memory_mi': 501}], latencies: {'ml-image-processing': 0.1236609784522798, 'ml-object-detection': 0.47980286859021315}, price_cost: 10102.611087, energy_cost: 360.069741, latency_p99 : 9.000000
wall_time_s    : 82.601
================================================================================

Batch  5: best_feasible_cost (random, qNEI) = (398.1569644806755, 398.1569644806755), best_constraint =  -0.111 (<=0 feasible), time = 254.82.
Best feasible resource configuration: [{'cpu_m': 323, 'memory_mi': 57}, {'cpu_m': 4577, 'memory_mi': 473}]

================================================================================
================================================================================
objective      : energy
resource_config: [{'cpu_m': 301, 'memory_mi': 70}, {'cpu_m': 5990, 'memory_mi': 400}], latencies: {'ml-image-processing': 0.27631807583384216, 'ml-object-detection': 0.14073267858475447}, price_cost: 7428.595981, energy_cost: 385.429704, latency_p99 : 3.895884
wall_time_s    : 81.074
================================================================================
================================================================================
objective      : energy
resource_config: [{'cpu_m': 395, 'memory_mi': 70}, {'cpu_m': 4564, 'memory_mi': 400}], latencies: {'ml-image-processing': 0.22879282336291526, 'ml-object-detection': 0.20865235642169513}, price_cost: 8391.995089, energy_cost: 421.094242, latency_p99 : 3.329729
wall_time_s    : 80.743
================================================================================
================================================================================
objective      : energy
resource_config: [{'cpu_m': 428, 'memory_mi': 70}, {'cpu_m': 4636, 'memory_mi': 512}], latencies: {'ml-image-processing': 0.20131758730294128, 'ml-object-detection': 0.19149014068710984}, price_cost: 7840.887556, energy_cost: 430.906677, latency_p99 : 2.236604
wall_time_s    : 83.699
================================================================================

Batch  6: best_feasible_cost (random, qNEI) = (398.1569644806755, 398.1569644806755), best_constraint =  -0.111 (<=0 feasible), time = 261.26.
Best feasible resource configuration: [{'cpu_m': 323, 'memory_mi': 57}, {'cpu_m': 4577, 'memory_mi': 473}]

================================================================================
================================================================================
objective      : energy
resource_config: [{'cpu_m': 371, 'memory_mi': 50}, {'cpu_m': 6000, 'memory_mi': 512}], latencies: {'ml-image-processing': 0.23372063608840107, 'ml-object-detection': 0.14822755441224825}, price_cost: 7842.348993, energy_cost: 417.742918, latency_p99 : 2.792608
wall_time_s    : 78.971
================================================================================
================================================================================
objective      : energy
resource_config: [{'cpu_m': 300, 'memory_mi': 50}, {'cpu_m': 6000, 'memory_mi': 512}], latencies: {'ml-image-processing': 0.29825327587068867, 'ml-object-detection': 0.14450236541431463}, price_cost: 7660.537300, energy_cost: 394.142596, latency_p99 : 2.878855
wall_time_s    : 75.863
================================================================================
================================================================================
objective      : energy
resource_config: [{'cpu_m': 720, 'memory_mi': 57}, {'cpu_m': 5324, 'memory_mi': 476}], latencies: {'ml-image-processing': 0.1260379717018254, 'ml-object-detection': 0.1959907812116718}, price_cost: 9169.984339, energy_cost: 472.871310, latency_p99 : 1.253647
wall_time_s    : 78.909
================================================================================

Batch  7: best_feasible_cost (random, qNEI) = (398.1569644806755, 394.1425961199984), best_constraint =  -0.121 (<=0 feasible), time = 244.52.
Best feasible resource configuration: [{'cpu_m': 300, 'memory_mi': 50}, {'cpu_m': 6000, 'memory_mi': 512}]

================================================================================
================================================================================
objective      : energy
resource_config: [{'cpu_m': 402, 'memory_mi': 70}, {'cpu_m': 6000, 'memory_mi': 404}], latencies: {'ml-image-processing': 0.2090998804924311, 'ml-object-detection': 0.15824038615392055}, price_cost: 8337.228219, energy_cost: 430.628011, latency_p99 : 2.913326
wall_time_s    : 83.537
================================================================================
================================================================================
objective      : energy
resource_config: [{'cpu_m': 360, 'memory_mi': 50}, {'cpu_m': 4704, 'memory_mi': 400}], latencies: {'ml-image-processing': 0.24584584987902067, 'ml-object-detection': 0.1837618158100859}, price_cost: 7634.814254, energy_cost: 412.938143, latency_p99 : 3.085576
wall_time_s    : 83.534
================================================================================
================================================================================
objective      : energy
resource_config: [{'cpu_m': 738, 'memory_mi': 61}, {'cpu_m': 5072, 'memory_mi': 485}], latencies: {'ml-image-processing': 0.10986575319699637, 'ml-object-detection': 0.1961434613977087}, price_cost: 8730.450545, energy_cost: 470.295970, latency_p99 : 1.645629
wall_time_s    : 82.933
================================================================================

Batch  8: best_feasible_cost (random, qNEI) = (398.1569644806755, 394.1425961199984), best_constraint =  -0.121 (<=0 feasible), time = 264.31.
Best feasible resource configuration: [{'cpu_m': 300, 'memory_mi': 50}, {'cpu_m': 6000, 'memory_mi': 512}]

================================================================================
================================================================================
objective      : energy
resource_config: [{'cpu_m': 380, 'memory_mi': 58}, {'cpu_m': 4552, 'memory_mi': 512}], latencies: {'ml-image-processing': 0.24471920612676626, 'ml-object-detection': 0.20340434176716626}, price_cost: 8188.053367, energy_cost: 422.308551, latency_p99 : 3.258413
wall_time_s    : 79.669
================================================================================
================================================================================
objective      : energy
resource_config: [{'cpu_m': 445, 'memory_mi': 58}, {'cpu_m': 3016, 'memory_mi': 512}], latencies: {'ml-image-processing': 0.16250385674323106, 'ml-object-detection': 0.3466169871714746}, price_cost: 9183.435782, energy_cost: 393.955526, latency_p99 : 9.000000
wall_time_s    : 84.232
================================================================================
================================================================================
objective      : energy
resource_config: [{'cpu_m': 300, 'memory_mi': 70}, {'cpu_m': 4275, 'memory_mi': 512}], latencies: {'ml-image-processing': 0.29397250478136905, 'ml-object-detection': 0.1962058099309857}, price_cost: 7434.557158, energy_cost: 387.639645, latency_p99 : 5.515642
wall_time_s    : 82.035
================================================================================

Batch  9: best_feasible_cost (random, qNEI) = (398.1569644806755, 394.1425961199984), best_constraint =  -0.121 (<=0 feasible), time = 254.00.
Best feasible resource configuration: [{'cpu_m': 300, 'memory_mi': 50}, {'cpu_m': 6000, 'memory_mi': 512}]

================================================================================
================================================================================
objective      : energy
resource_config: [{'cpu_m': 300, 'memory_mi': 70}, {'cpu_m': 5891, 'memory_mi': 512}], latencies: {'ml-image-processing': 0.29912101048129525, 'ml-object-detection': 0.14638933433558454}, price_cost: 7623.857477, energy_cost: 382.298370, latency_p99 : 3.000939
wall_time_s    : 81.209
================================================================================
================================================================================
objective      : energy
resource_config: [{'cpu_m': 300, 'memory_mi': 70}, {'cpu_m': 6000, 'memory_mi': 512}], latencies: {'ml-image-processing': 0.29704291860239124, 'ml-object-detection': 0.15299926803640598}, price_cost: 8095.490436, energy_cost: 391.296374, latency_p99 : 3.572350
wall_time_s    : 82.252
================================================================================
================================================================================
objective      : energy
resource_config: [{'cpu_m': 479, 'memory_mi': 55}, {'cpu_m': 5359, 'memory_mi': 466}], latencies: {'ml-image-processing': 0.18300058808424235, 'ml-object-detection': 0.18240737978040295}, price_cost: 8597.582046, energy_cost: 450.707931, latency_p99 : 1.789418
wall_time_s    : 80.929
================================================================================

Batch 10: best_feasible_cost (random, qNEI) = (398.1569644806755, 394.1425961199984), best_constraint =  -0.121 (<=0 feasible), time = 255.82.
Best feasible resource configuration: [{'cpu_m': 300, 'memory_mi': 50}, {'cpu_m': 6000, 'memory_mi': 512}]

================================================================================
================================================================================
objective      : energy
resource_config: [{'cpu_m': 337, 'memory_mi': 61}, {'cpu_m': 1748, 'memory_mi': 451}], latencies: {'ml-image-processing': 0.22662487611174584, 'ml-object-detection': 0.7387462540343404}, price_cost: 11374.897986, energy_cost: 322.195106, latency_p99 : 9.000000
wall_time_s    : 83.620
================================================================================
================================================================================
objective      : energy
resource_config: [{'cpu_m': 300, 'memory_mi': 50}, {'cpu_m': 5857, 'memory_mi': 400}], latencies: {'ml-image-processing': 0.2781950249688102, 'ml-object-detection': 0.14770313194197304}, price_cost: 7617.397606, energy_cost: 388.808102, latency_p99 : 3.431608
wall_time_s    : 82.167
================================================================================
================================================================================
objective      : energy
resource_config: [{'cpu_m': 729, 'memory_mi': 61}, {'cpu_m': 4719, 'memory_mi': 412}], latencies: {'ml-image-processing': 0.1212362604622375, 'ml-object-detection': 0.21806383467423665}, price_cost: 9038.823054, energy_cost: 466.011734, latency_p99 : 1.368591
wall_time_s    : 78.145
================================================================================

Batch 11: best_feasible_cost (random, qNEI) = (398.1569644806755, 394.1425961199984), best_constraint =  -0.121 (<=0 feasible), time = 257.99.
Best feasible resource configuration: [{'cpu_m': 300, 'memory_mi': 50}, {'cpu_m': 6000, 'memory_mi': 512}]

================================================================================
================================================================================
objective      : energy
resource_config: [{'cpu_m': 300, 'memory_mi': 70}, {'cpu_m': 5593, 'memory_mi': 512}], latencies: {'ml-image-processing': 0.30068849359511163, 'ml-object-detection': 0.14488202542541365}, price_cost: 7183.533129, energy_cost: 387.637160, latency_p99 : 4.501846
wall_time_s    : 79.915
================================================================================
================================================================================
objective      : energy
resource_config: [{'cpu_m': 300, 'memory_mi': 50}, {'cpu_m': 4585, 'memory_mi': 400}], latencies: {'ml-image-processing': 0.28887774515897036, 'ml-object-detection': 0.16580382846474934}, price_cost: 6742.173900, energy_cost: 384.900754, latency_p99 : 5.305083
wall_time_s    : 79.346
================================================================================
================================================================================
objective      : energy
resource_config: [{'cpu_m': 504, 'memory_mi': 70}, {'cpu_m': 5511, 'memory_mi': 501}], latencies: {'ml-image-processing': 0.1759728909935802, 'ml-object-detection': 0.17566509252813245}, price_cost: 8522.958230, energy_cost: 455.981862, latency_p99 : 1.592252
wall_time_s    : 79.154
================================================================================

Batch 12: best_feasible_cost (random, qNEI) = (398.1569644806755, 394.1425961199984), best_constraint =  -0.121 (<=0 feasible), time = 252.71.
Best feasible resource configuration: [{'cpu_m': 300, 'memory_mi': 50}, {'cpu_m': 6000, 'memory_mi': 512}]

================================================================================
================================================================================
objective      : energy
resource_config: [{'cpu_m': 500, 'memory_mi': 58}, {'cpu_m': 3176, 'memory_mi': 477}], latencies: {'ml-image-processing': 0.1521719963496758, 'ml-object-detection': 0.3478124476969242}, price_cost: 9689.744137, energy_cost: 403.247745, latency_p99 : 9.000000
wall_time_s    : 79.429
================================================================================
================================================================================
objective      : energy
resource_config: [{'cpu_m': 334, 'memory_mi': 70}, {'cpu_m': 5869, 'memory_mi': 512}], latencies: {'ml-image-processing': 0.26035307369873684, 'ml-object-detection': 0.14067215729757385}, price_cost: 7301.615665, energy_cost: 409.716102, latency_p99 : 2.379407
wall_time_s    : 81.126
================================================================================
================================================================================
objective      : energy
resource_config: [{'cpu_m': 300, 'memory_mi': 54}, {'cpu_m': 1500, 'memory_mi': 512}], latencies: {'ml-image-processing': 0.25853714690004526, 'ml-object-detection': 0.9119657717743203}, price_cost: 12108.543929, energy_cost: 305.697444, latency_p99 : 9.000000
wall_time_s    : 87.286
================================================================================

Batch 13: best_feasible_cost (random, qNEI) = (398.1569644806755, 394.1425961199984), best_constraint =  -0.121 (<=0 feasible), time = 262.35.
Best feasible resource configuration: [{'cpu_m': 300, 'memory_mi': 50}, {'cpu_m': 6000, 'memory_mi': 512}]

================================================================================
================================================================================
objective      : energy
resource_config: [{'cpu_m': 300, 'memory_mi': 70}, {'cpu_m': 5914, 'memory_mi': 400}], latencies: {'ml-image-processing': 0.29785550188011767, 'ml-object-detection': 0.15012079353133836}, price_cost: 7829.351181, energy_cost: 387.937655, latency_p99 : 4.039950
wall_time_s    : 79.850
================================================================================
================================================================================
objective      : energy
resource_config: [{'cpu_m': 379, 'memory_mi': 70}, {'cpu_m': 2913, 'memory_mi': 500}], latencies: {'ml-image-processing': 0.23410616688271788, 'ml-object-detection': 0.35871461059581095}, price_cost: 9230.388719, energy_cost: 391.131686, latency_p99 : 9.000000
wall_time_s    : 82.078
================================================================================
================================================================================
objective      : energy
resource_config: [{'cpu_m': 351, 'memory_mi': 50}, {'cpu_m': 5994, 'memory_mi': 400}], latencies: {'ml-image-processing': 0.25156236023901674, 'ml-object-detection': 0.14627939273343712}, price_cost: 7730.203092, energy_cost: 412.139233, latency_p99 : 2.297191
wall_time_s    : 83.751
================================================================================

Batch 14: best_feasible_cost (random, qNEI) = (398.1569644806755, 394.1425961199984), best_constraint =  -0.121 (<=0 feasible), time = 259.81.
Best feasible resource configuration: [{'cpu_m': 300, 'memory_mi': 50}, {'cpu_m': 6000, 'memory_mi': 512}]

================================================================================
================================================================================
objective      : energy
resource_config: [{'cpu_m': 329, 'memory_mi': 50}, {'cpu_m': 5995, 'memory_mi': 512}], latencies: {'ml-image-processing': 0.2639365923499353, 'ml-object-detection': 0.13921688857381462}, price_cost: 7376.050161, energy_cost: 408.748676, latency_p99 : 3.609192
wall_time_s    : 82.132
================================================================================
================================================================================
objective      : energy
resource_config: [{'cpu_m': 438, 'memory_mi': 65}, {'cpu_m': 3619, 'memory_mi': 498}], latencies: {'ml-image-processing': 0.21520555734254973, 'ml-object-detection': 0.2671355039433197}, price_cost: 8555.576252, energy_cost: 422.616817, latency_p99 : 9.000000
wall_time_s    : 78.794
================================================================================
================================================================================
objective      : energy
resource_config: [{'cpu_m': 581, 'memory_mi': 69}, {'cpu_m': 3828, 'memory_mi': 471}], latencies: {'ml-image-processing': 0.14485041042468672, 'ml-object-detection': 0.28100629032043545}, price_cost: 9448.010315, energy_cost: 435.047565, latency_p99 : 9.000000
wall_time_s    : 80.304
================================================================================

Batch 15: best_feasible_cost (random, qNEI) = (398.1569644806755, 394.1425961199984), best_constraint =  -0.121 (<=0 feasible), time = 255.09.
Best feasible resource configuration: [{'cpu_m': 300, 'memory_mi': 50}, {'cpu_m': 6000, 'memory_mi': 512}]

================================================================================
================================================================================
SORTED SAMPLE LOG
{
  "timestamp": "2026-01-06T09:17:03.949619",
  "num_samples": 21,
  "feasible_only": true
}
--------------------------------------------------------------------------------
{
  "rank": 0,
  "cost": 394.1425961199984,
  "duration": 2.8788545290008187,
  "price_cost": 7660.537299728034,
  "energy_cost": 394.1425961199984,
  "objective_name": "energy",
  "feasible": true,
  "latencies": {
    "ml-image-processing": 0.29825327587068867,
    "ml-object-detection": 0.14450236541431463
  },
  "resource_config": [
    {
      "cpu_m": 300,
      "memory_mi": 50
    },
    {
      "cpu_m": 6000,
      "memory_mi": 512
    }
  ]
}
--------------------------------------------------------------------------------
{
  "rank": 1,
  "cost": 398.1569644806755,
  "duration": 2.888617222197354,
  "price_cost": 7628.271831529259,
  "energy_cost": 398.1569644806755,
  "objective_name": "energy",
  "feasible": true,
  "latencies": {
    "ml-image-processing": 0.27211896110592143,
    "ml-object-detection": 0.18847797901668986
  },
  "resource_config": [
    {
      "cpu_m": 323,
      "memory_mi": 57
    },
    {
      "cpu_m": 4577,
      "memory_mi": 473
    }
  ]
}
--------------------------------------------------------------------------------
{
  "rank": 2,
  "cost": 409.71610157874585,
  "duration": 2.379406711086631,
  "price_cost": 7301.615664555908,
  "energy_cost": 409.71610157874585,
  "objective_name": "energy",
  "feasible": true,
  "latencies": {
    "ml-image-processing": 0.26035307369873684,
    "ml-object-detection": 0.14067215729757385
  },
  "resource_config": [
    {
      "cpu_m": 334,
      "memory_mi": 70
    },
    {
      "cpu_m": 5869,
      "memory_mi": 512
    }
  ]
}
--------------------------------------------------------------------------------
{
  "rank": 3,
  "cost": 412.1392332539126,
  "duration": 2.29719070577994,
  "price_cost": 7730.20309162484,
  "energy_cost": 412.1392332539126,
  "objective_name": "energy",
  "feasible": true,
  "latencies": {
    "ml-image-processing": 0.25156236023901674,
    "ml-object-detection": 0.14627939273343712
  },
  "resource_config": [
    {
      "cpu_m": 351,
      "memory_mi": 50
    },
    {
      "cpu_m": 5994,
      "memory_mi": 400
    }
  ]
}
--------------------------------------------------------------------------------
{
  "rank": 4,
  "cost": 412.8987606933355,
  "duration": 2.8908909242600203,
  "price_cost": 8007.75119758891,
  "energy_cost": 412.8987606933355,
  "objective_name": "energy",
  "feasible": true,
  "latencies": {
    "ml-image-processing": 0.25993258626151244,
    "ml-object-detection": 0.20383958462952523
  },
  "resource_config": [
    {
      "cpu_m": 354,
      "memory_mi": 70
    },
    {
      "cpu_m": 4447,
      "memory_mi": 400
    }
  ]
}
--------------------------------------------------------------------------------
{
  "rank": 5,
  "cost": 417.7429181991759,
  "duration": 2.7926081297919154,
  "price_cost": 7842.348993215789,
  "energy_cost": 417.7429181991759,
  "objective_name": "energy",
  "feasible": true,
  "latencies": {
    "ml-image-processing": 0.23372063608840107,
    "ml-object-detection": 0.14822755441224825
  },
  "resource_config": [
    {
      "cpu_m": 371,
      "memory_mi": 50
    },
    {
      "cpu_m": 6000,
      "memory_mi": 512
    }
  ]
}
--------------------------------------------------------------------------------
{
  "rank": 6,
  "cost": 430.6280114014118,
  "duration": 2.9133257400244474,
  "price_cost": 8337.228218636754,
  "energy_cost": 430.6280114014118,
  "objective_name": "energy",
  "feasible": true,
  "latencies": {
    "ml-image-processing": 0.2090998804924311,
    "ml-object-detection": 0.15824038615392055
  },
  "resource_config": [
    {
      "cpu_m": 402,
      "memory_mi": 70
    },
    {
      "cpu_m": 6000,
      "memory_mi": 404
    }
  ]
}
--------------------------------------------------------------------------------
{
  "rank": 7,
  "cost": 430.9066769023055,
  "duration": 2.2366044730879366,
  "price_cost": 7840.887556292387,
  "energy_cost": 430.9066769023055,
  "objective_name": "energy",
  "feasible": true,
  "latencies": {
    "ml-image-processing": 0.20131758730294128,
    "ml-object-detection": 0.19149014068710984
  },
  "resource_config": [
    {
      "cpu_m": 428,
      "memory_mi": 70
    },
    {
      "cpu_m": 4636,
      "memory_mi": 512
    }
  ]
}
--------------------------------------------------------------------------------
{
  "rank": 8,
  "cost": 450.7079311849642,
  "duration": 1.7894178619608283,
  "price_cost": 8597.582045729741,
  "energy_cost": 450.7079311849642,
  "objective_name": "energy",
  "feasible": true,
  "latencies": {
    "ml-image-processing": 0.18300058808424235,
    "ml-object-detection": 0.18240737978040295
  },
  "resource_config": [
    {
      "cpu_m": 479,
      "memory_mi": 55
    },
    {
      "cpu_m": 5359,
      "memory_mi": 466
    }
  ]
}
--------------------------------------------------------------------------------
{
  "rank": 9,
  "cost": 455.98186177321435,
  "duration": 1.5922516020946205,
  "price_cost": 8522.958229854155,
  "energy_cost": 455.98186177321435,
  "objective_name": "energy",
  "feasible": true,
  "latencies": {
    "ml-image-processing": 0.1759728909935802,
    "ml-object-detection": 0.17566509252813245
  },
  "resource_config": [
    {
      "cpu_m": 504,
      "memory_mi": 70
    },
    {
      "cpu_m": 5511,
      "memory_mi": 501
    }
  ]
}
--------------------------------------------------------------------------------
{
  "rank": 10,
  "cost": 456.36611467075045,
  "duration": 2.06303380895406,
  "price_cost": 9002.351967222152,
  "energy_cost": 456.36611467075045,
  "objective_name": "energy",
  "feasible": true,
  "latencies": {
    "ml-image-processing": 0.15668851753477664,
    "ml-object-detection": 0.21013079592547215
  },
  "resource_config": [
    {
      "cpu_m": 570,
      "memory_mi": 70
    },
    {
      "cpu_m": 4870,
      "memory_mi": 494
    }
  ]
}
--------------------------------------------------------------------------------
{
  "rank": 11,
  "cost": 461.22660629868295,
  "duration": 2.0967641919851303,
  "price_cost": 9026.508184831142,
  "energy_cost": 461.22660629868295,
  "objective_name": "energy",
  "feasible": true,
  "latencies": {
    "ml-image-processing": 0.14859560958069304,
    "ml-object-detection": 0.20618989359101522
  },
  "resource_config": [
    {
      "cpu_m": 586,
      "memory_mi": 59
    },
    {
      "cpu_m": 4987,
      "memory_mi": 418
    }
  ]
}
--------------------------------------------------------------------------------
{
  "rank": 12,
  "cost": 466.0117342496858,
  "duration": 1.3685906389728189,
  "price_cost": 9038.823053710761,
  "energy_cost": 466.0117342496858,
  "objective_name": "energy",
  "feasible": true,
  "latencies": {
    "ml-image-processing": 0.1212362604622375,
    "ml-object-detection": 0.21806383467423665
  },
  "resource_config": [
    {
      "cpu_m": 729,
      "memory_mi": 61
    },
    {
      "cpu_m": 4719,
      "memory_mi": 412
    }
  ]
}
--------------------------------------------------------------------------------
{
  "rank": 13,
  "cost": 470.2959699383486,
  "duration": 1.6456286744214594,
  "price_cost": 8730.450544895688,
  "energy_cost": 470.2959699383486,
  "objective_name": "energy",
  "feasible": true,
  "latencies": {
    "ml-image-processing": 0.10986575319699637,
    "ml-object-detection": 0.1961434613977087
  },
  "resource_config": [
    {
      "cpu_m": 738,
      "memory_mi": 61
    },
    {
      "cpu_m": 5072,
      "memory_mi": 485
    }
  ]
}
--------------------------------------------------------------------------------
{
  "rank": 14,
  "cost": 472.8713101641639,
  "duration": 1.2536473437212408,
  "price_cost": 9169.984338889502,
  "energy_cost": 472.8713101641639,
  "objective_name": "energy",
  "feasible": true,
  "latencies": {
    "ml-image-processing": 0.1260379717018254,
    "ml-object-detection": 0.1959907812116718
  },
  "resource_config": [
    {
      "cpu_m": 720,
      "memory_mi": 57
    },
    {
      "cpu_m": 5324,
      "memory_mi": 476
    }
  ]
}
--------------------------------------------------------------------------------
{
  "rank": 15,
  "cost": 474.3804230796721,
  "duration": 1.253668843768537,
  "price_cost": 9278.624598718456,
  "energy_cost": 474.3804230796721,
  "objective_name": "energy",
  "feasible": true,
  "latencies": {
    "ml-image-processing": 0.11155718180169868,
    "ml-object-detection": 0.17623339694303772
  },
  "resource_config": [
    {
      "cpu_m": 800,
      "memory_mi": 68
    },
    {
      "cpu_m": 6000,
      "memory_mi": 480
    }
  ]
}
--------------------------------------------------------------------------------
{
  "rank": 16,
  "cost": 474.7913852742554,
  "duration": 1.208234570454806,
  "price_cost": 9120.076715030382,
  "energy_cost": 474.7913852742554,
  "objective_name": "energy",
  "feasible": true,
  "latencies": {
    "ml-image-processing": 0.11358830119062165,
    "ml-object-detection": 0.19681375265784867
  },
  "resource_config": [
    {
      "cpu_m": 800,
      "memory_mi": 60
    },
    {
      "cpu_m": 5274,
      "memory_mi": 441
    }
  ]
}
--------------------------------------------------------------------------------
{
  "rank": 17,
  "cost": 476.62060257234236,
  "duration": 1.3290922292508185,
  "price_cost": 9411.375030712192,
  "energy_cost": 476.62060257234236,
  "objective_name": "energy",
  "feasible": true,
  "latencies": {
    "ml-image-processing": 0.11746518902883336,
    "ml-object-detection": 0.17871244397719163
  },
  "resource_config": [
    {
      "cpu_m": 800,
      "memory_mi": 52
    },
    {
      "cpu_m": 6000,
      "memory_mi": 409
    }
  ]
}
--------------------------------------------------------------------------------
{
  "rank": 18,
  "cost": 476.63433298313555,
  "duration": 1.1109552537091076,
  "price_cost": 9074.2533129619,
  "energy_cost": 476.63433298313555,
  "objective_name": "energy",
  "feasible": true,
  "latencies": {
    "ml-image-processing": 0.10936583445628027,
    "ml-object-detection": 0.1917342327314576
  },
  "resource_config": [
    {
      "cpu_m": 800,
      "memory_mi": 50
    },
    {
      "cpu_m": 5393,
      "memory_mi": 436
    }
  ]
}
--------------------------------------------------------------------------------
{
  "rank": 19,
  "cost": 477.2552803577891,
  "duration": 1.266059901099652,
  "price_cost": 9213.177886694188,
  "energy_cost": 477.2552803577891,
  "objective_name": "energy",
  "feasible": true,
  "latencies": {
    "ml-image-processing": 0.11050346317872602,
    "ml-object-detection": 0.19505411372397488
  },
  "resource_config": [
    {
      "cpu_m": 800,
      "memory_mi": 50
    },
    {
      "cpu_m": 5384,
      "memory_mi": 423
    }
  ]
}
--------------------------------------------------------------------------------
{
  "rank": 20,
  "cost": 479.7313882245126,
  "duration": 0.958766533061862,
  "price_cost": 9322.398286320693,
  "energy_cost": 479.7313882245126,
  "objective_name": "energy",
  "feasible": true,
  "latencies": {
    "ml-image-processing": 0.10975553646877215,
    "ml-object-detection": 0.17713319414670203
  },
  "resource_config": [
    {
      "cpu_m": 800,
      "memory_mi": 58
    },
    {
      "cpu_m": 6000,
      "memory_mi": 501
    }
  ]
}
--------------------------------------------------------------------------------
BO loop time: 4664.51 seconds
Best cost: 394.1425961199984
Best resource configuration: [{'cpu_m': 300, 'memory_mi': 50}, {'cpu_m': 6000, 'memory_mi': 512}]
