================================================================================
objective      : price
resource_config: [{'cpu_m': 557, 'memory_mi': 61}, {'cpu_m': 2594, 'memory_mi': 428}], latencies: {'ml-image-processing': 0.12020813070444597, 'ml-object-detection': 0.42490640386111206}, price_cost: 9651.468173, energy_cost: 363.453853, latency_p99 : 9.000000
wall_time_s    : 85.477
================================================================================
================================================================================
objective      : price
resource_config: [{'cpu_m': 332, 'memory_mi': 51}, {'cpu_m': 4055, 'memory_mi': 407}], latencies: {'ml-image-processing': 0.26926263437295955, 'ml-object-detection': 0.2222584540248607}, price_cost: 7960.266795, energy_cost: 409.876925, latency_p99 : 3.769442
wall_time_s    : 80.440
================================================================================
================================================================================
objective      : price
resource_config: [{'cpu_m': 772, 'memory_mi': 58}, {'cpu_m': 4120, 'memory_mi': 503}], latencies: {'ml-image-processing': 0.10819155826111851, 'ml-object-detection': 0.2548954669197184}, price_cost: 9226.514848, energy_cost: 458.887859, latency_p99 : 3.115943
wall_time_s    : 79.316
================================================================================
================================================================================
objective      : price
resource_config: [{'cpu_m': 401, 'memory_mi': 68}, {'cpu_m': 2513, 'memory_mi': 451}], latencies: {'ml-image-processing': 0.18915575824212283, 'ml-object-detection': 0.4655975326119612}, price_cost: 10270.811383, energy_cost: 364.231996, latency_p99 : 9.000000
wall_time_s    : 82.936
================================================================================
================================================================================
objective      : price
resource_config: [{'cpu_m': 448, 'memory_mi': 63}, {'cpu_m': 4723, 'memory_mi': 408}], latencies: {'ml-image-processing': 0.2107980114506614, 'ml-object-detection': 0.19372796764681963}, price_cost: 8084.417287, energy_cost: 443.711562, latency_p99 : 1.813037
wall_time_s    : 83.128
================================================================================
================================================================================
objective      : price
resource_config: [{'cpu_m': 471, 'memory_mi': 52}, {'cpu_m': 2977, 'memory_mi': 460}], latencies: {'ml-image-processing': 0.16586976877829812, 'ml-object-detection': 0.35792018611855964}, price_cost: 9363.282868, energy_cost: 394.657424, latency_p99 : 9.000000
wall_time_s    : 78.565
================================================================================
================================================================================
objective      : price
resource_config: [{'cpu_m': 371, 'memory_mi': 66}, {'cpu_m': 5176, 'memory_mi': 490}], latencies: {'ml-image-processing': 0.2502375024370849, 'ml-object-detection': 0.17210283789318054}, price_cost: 7878.664203, energy_cost: 424.308053, latency_p99 : 2.672325
wall_time_s    : 81.523
================================================================================
================================================================================
objective      : price
resource_config: [{'cpu_m': 588, 'memory_mi': 59}, {'cpu_m': 5705, 'memory_mi': 437}], latencies: {'ml-image-processing': 0.15672090343317727, 'ml-object-detection': 0.17628125283657245}, price_cost: 8844.569010, energy_cost: 463.627375, latency_p99 : 1.388021
wall_time_s    : 83.083
================================================================================
================================================================================
objective      : price
resource_config: [{'cpu_m': 784, 'memory_mi': 57}, {'cpu_m': 4861, 'memory_mi': 416}], latencies: {'ml-image-processing': 0.11316492461459074, 'ml-object-detection': 0.21492421731021102}, price_cost: 9172.481713, energy_cost: 477.025992, latency_p99 : 1.183866
wall_time_s    : 77.966
================================================================================
================================================================================
objective      : price
resource_config: [{'cpu_m': 784, 'memory_mi': 67}, {'cpu_m': 3779, 'memory_mi': 469}], latencies: {'ml-image-processing': 0.10972115094391782, 'ml-object-detection': 0.29288845317682527}, price_cost: 9719.875204, energy_cost: 434.604532, latency_p99 : 9.000000
wall_time_s    : 77.159
================================================================================
Starting fresh (no checkpoint at bo_model_price_20260106_091706_resume.pt).
  initial_points = 10
  running_batches = 15
  initial_best_feasible_cost = 7878.664202895754
  initial_best_constraint = -0.328
  initial_best_resource_config = [{'cpu_m': 371, 'memory_mi': 66}, {'cpu_m': 5176, 'memory_mi': 490}]
  time_taken_for_init = 821.06 seconds
================================================================================
================================================================================
objective      : price
resource_config: [{'cpu_m': 300, 'memory_mi': 55}, {'cpu_m': 4905, 'memory_mi': 400}], latencies: {'ml-image-processing': 0.2880586003708952, 'ml-object-detection': 0.1694699029508486}, price_cost: 7344.827907, energy_cost: 395.001029, latency_p99 : 2.956200
wall_time_s    : 80.020
================================================================================
================================================================================
objective      : price
resource_config: [{'cpu_m': 300, 'memory_mi': 67}, {'cpu_m': 4674, 'memory_mi': 512}], latencies: {'ml-image-processing': 0.29155082773755897, 'ml-object-detection': 0.1809930521486835}, price_cost: 7488.386959, energy_cost: 393.274084, latency_p99 : 3.882751
wall_time_s    : 81.362
================================================================================
================================================================================
objective      : price
resource_config: [{'cpu_m': 300, 'memory_mi': 50}, {'cpu_m': 4764, 'memory_mi': 512}], latencies: {'ml-image-processing': 0.30567319363555207, 'ml-object-detection': 0.17042490498196067}, price_cost: 7207.993703, energy_cost: 394.687979, latency_p99 : 2.845682
wall_time_s    : 78.690
================================================================================

Batch  1: best_feasible_cost (random, qNEI) = (7878.664202895754, 7207.993702834045), best_constraint =  -0.154 (<=0 feasible), time = 249.21.
Best feasible resource configuration: [{'cpu_m': 300, 'memory_mi': 50}, {'cpu_m': 4764, 'memory_mi': 512}]

================================================================================
================================================================================
objective      : price
resource_config: [{'cpu_m': 300, 'memory_mi': 50}, {'cpu_m': 6000, 'memory_mi': 440}], latencies: {'ml-image-processing': 0.30028557807586537, 'ml-object-detection': 0.14183226896932832}, price_cost: 7519.566531, energy_cost: 388.266711, latency_p99 : 3.047603
wall_time_s    : 78.013
================================================================================
================================================================================
objective      : price
resource_config: [{'cpu_m': 370, 'memory_mi': 70}, {'cpu_m': 3612, 'memory_mi': 506}], latencies: {'ml-image-processing': 0.2542502890848978, 'ml-object-detection': 0.2648414436812428}, price_cost: 8470.316723, energy_cost: 417.600571, latency_p99 : 3.323894
wall_time_s    : 81.625
================================================================================
================================================================================
objective      : price
resource_config: [{'cpu_m': 300, 'memory_mi': 50}, {'cpu_m': 4861, 'memory_mi': 508}], latencies: {'ml-image-processing': 0.28715797152835876, 'ml-object-detection': 0.16672223187716945}, price_cost: 7177.479819, energy_cost: 388.438566, latency_p99 : 3.521809
wall_time_s    : 84.094
================================================================================

Batch  2: best_feasible_cost (random, qNEI) = (7878.664202895754, 7207.993702834045), best_constraint =  -0.154 (<=0 feasible), time = 253.22.
Best feasible resource configuration: [{'cpu_m': 300, 'memory_mi': 50}, {'cpu_m': 4764, 'memory_mi': 512}]

================================================================================
================================================================================
objective      : price
resource_config: [{'cpu_m': 300, 'memory_mi': 50}, {'cpu_m': 5268, 'memory_mi': 475}], latencies: {'ml-image-processing': 0.29527817552702296, 'ml-object-detection': 0.15537792372655262}, price_cost: 7246.779506, energy_cost: 390.611976, latency_p99 : 2.934599
wall_time_s    : 82.584
================================================================================
================================================================================
objective      : price
resource_config: [{'cpu_m': 595, 'memory_mi': 66}, {'cpu_m': 3692, 'memory_mi': 468}], latencies: {'ml-image-processing': 0.127184410734723, 'ml-object-detection': 0.2875710109337455}, price_cost: 9305.561985, energy_cost: 429.736101, latency_p99 : 9.000000
wall_time_s    : 83.718
================================================================================
================================================================================
objective      : price
resource_config: [{'cpu_m': 300, 'memory_mi': 50}, {'cpu_m': 5074, 'memory_mi': 502}], latencies: {'ml-image-processing': 0.29568225435947104, 'ml-object-detection': 0.15898691058262354}, price_cost: 7150.466535, energy_cost: 386.371141, latency_p99 : 3.223617
wall_time_s    : 81.169
================================================================================

Batch  3: best_feasible_cost (random, qNEI) = (7878.664202895754, 7207.993702834045), best_constraint =  -0.154 (<=0 feasible), time = 256.31.
Best feasible resource configuration: [{'cpu_m': 300, 'memory_mi': 50}, {'cpu_m': 4764, 'memory_mi': 512}]

================================================================================
================================================================================
objective      : price
resource_config: [{'cpu_m': 300, 'memory_mi': 50}, {'cpu_m': 5339, 'memory_mi': 475}], latencies: {'ml-image-processing': 0.30203949349932374, 'ml-object-detection': 0.16810884905979037}, price_cost: 7926.162361, energy_cost: 389.445571, latency_p99 : 3.435218
wall_time_s    : 81.407
================================================================================
================================================================================
objective      : price
resource_config: [{'cpu_m': 325, 'memory_mi': 62}, {'cpu_m': 5130, 'memory_mi': 500}], latencies: {'ml-image-processing': 0.26204621066615263, 'ml-object-detection': 0.17871252952695446}, price_cost: 8079.396118, energy_cost: 404.954771, latency_p99 : 2.581419
wall_time_s    : 82.864
================================================================================
================================================================================
objective      : price
resource_config: [{'cpu_m': 300, 'memory_mi': 50}, {'cpu_m': 5090, 'memory_mi': 440}], latencies: {'ml-image-processing': 0.27277246172624553, 'ml-object-detection': 0.1601845460859212}, price_cost: 7197.629580, energy_cost: 395.025248, latency_p99 : 3.915862
wall_time_s    : 80.281
================================================================================

Batch  4: best_feasible_cost (random, qNEI) = (7878.664202895754, 7207.993702834045), best_constraint =  -0.154 (<=0 feasible), time = 254.72.
Best feasible resource configuration: [{'cpu_m': 300, 'memory_mi': 50}, {'cpu_m': 4764, 'memory_mi': 512}]

================================================================================
================================================================================
objective      : price
resource_config: [{'cpu_m': 300, 'memory_mi': 65}, {'cpu_m': 4605, 'memory_mi': 481}], latencies: {'ml-image-processing': 0.2965498502469725, 'ml-object-detection': 0.18289347358599858}, price_cost: 7458.233698, energy_cost: 392.341618, latency_p99 : 2.691280
wall_time_s    : 78.536
================================================================================
================================================================================
objective      : price
resource_config: [{'cpu_m': 300, 'memory_mi': 50}, {'cpu_m': 4865, 'memory_mi': 412}], latencies: {'ml-image-processing': 0.3026499747316919, 'ml-object-detection': 0.1618378505786406}, price_cost: 6984.669493, energy_cost: 393.750082, latency_p99 : 3.399850
wall_time_s    : 80.618
================================================================================
================================================================================
objective      : price
resource_config: [{'cpu_m': 560, 'memory_mi': 66}, {'cpu_m': 2716, 'memory_mi': 466}], latencies: {'ml-image-processing': 0.12152259367219401, 'ml-object-detection': 0.40612906596254345}, price_cost: 9666.410160, energy_cost: 371.475942, latency_p99 : 9.000000
wall_time_s    : 84.502
================================================================================

Batch  5: best_feasible_cost (random, qNEI) = (7878.664202895754, 7207.993702834045), best_constraint =  -0.154 (<=0 feasible), time = 253.68.
Best feasible resource configuration: [{'cpu_m': 300, 'memory_mi': 50}, {'cpu_m': 4764, 'memory_mi': 512}]

================================================================================
================================================================================
objective      : price
resource_config: [{'cpu_m': 327, 'memory_mi': 50}, {'cpu_m': 4885, 'memory_mi': 401}], latencies: {'ml-image-processing': 0.29457710553450805, 'ml-object-detection': 0.17635192438600616}, price_cost: 7631.756637, energy_cost: 403.161815, latency_p99 : 3.198943
wall_time_s    : 80.968
================================================================================
================================================================================
objective      : price
resource_config: [{'cpu_m': 300, 'memory_mi': 50}, {'cpu_m': 4601, 'memory_mi': 485}], latencies: {'ml-image-processing': 0.31390810300837513, 'ml-object-detection': 0.17505943097381127}, price_cost: 7159.201005, energy_cost: 387.931017, latency_p99 : 5.525401
wall_time_s    : 79.401
================================================================================
================================================================================
objective      : price
resource_config: [{'cpu_m': 300, 'memory_mi': 50}, {'cpu_m': 4659, 'memory_mi': 501}], latencies: {'ml-image-processing': 0.31264498706836746, 'ml-object-detection': 0.1647562457881165}, price_cost: 6835.803651, energy_cost: 385.292414, latency_p99 : 4.414198
wall_time_s    : 84.417
================================================================================

Batch  6: best_feasible_cost (random, qNEI) = (7878.664202895754, 7207.993702834045), best_constraint =  -0.154 (<=0 feasible), time = 252.47.
Best feasible resource configuration: [{'cpu_m': 300, 'memory_mi': 50}, {'cpu_m': 4764, 'memory_mi': 512}]

================================================================================
================================================================================
objective      : price
resource_config: [{'cpu_m': 300, 'memory_mi': 57}, {'cpu_m': 4893, 'memory_mi': 477}], latencies: {'ml-image-processing': 0.30616280053176786, 'ml-object-detection': 0.17066799618104206}, price_cost: 7401.801975, energy_cost: 391.229479, latency_p99 : 2.705126
wall_time_s    : 81.611
================================================================================
================================================================================
objective      : price
resource_config: [{'cpu_m': 511, 'memory_mi': 61}, {'cpu_m': 3420, 'memory_mi': 457}], latencies: {'ml-image-processing': 0.15155238016307646, 'ml-object-detection': 0.29026595422742413}, price_cost: 8724.841765, energy_cost: 413.120575, latency_p99 : 9.000000
wall_time_s    : 79.374
================================================================================
================================================================================
objective      : price
resource_config: [{'cpu_m': 300, 'memory_mi': 55}, {'cpu_m': 4690, 'memory_mi': 512}], latencies: {'ml-image-processing': 0.2919809571028037, 'ml-object-detection': 0.16546257666997471}, price_cost: 6890.348735, energy_cost: 387.125585, latency_p99 : 4.219339
wall_time_s    : 84.257
================================================================================

Batch  7: best_feasible_cost (random, qNEI) = (7878.664202895754, 7207.993702834045), best_constraint =  -0.154 (<=0 feasible), time = 253.84.
Best feasible resource configuration: [{'cpu_m': 300, 'memory_mi': 50}, {'cpu_m': 4764, 'memory_mi': 512}]

================================================================================
================================================================================
objective      : price
resource_config: [{'cpu_m': 372, 'memory_mi': 56}, {'cpu_m': 4799, 'memory_mi': 400}], latencies: {'ml-image-processing': 0.24306684127828526, 'ml-object-detection': 0.19765473375727813}, price_cost: 8357.241118, energy_cost: 427.353242, latency_p99 : 2.438047
wall_time_s    : 78.171
================================================================================
================================================================================
objective      : price
resource_config: [{'cpu_m': 300, 'memory_mi': 56}, {'cpu_m': 4902, 'memory_mi': 445}], latencies: {'ml-image-processing': 0.31401655370877546, 'ml-object-detection': 0.16822874030436982}, price_cost: 7316.472819, energy_cost: 390.751142, latency_p99 : 3.414177
wall_time_s    : 83.735
================================================================================
================================================================================
objective      : price
resource_config: [{'cpu_m': 771, 'memory_mi': 66}, {'cpu_m': 5590, 'memory_mi': 469}], latencies: {'ml-image-processing': 0.11198352827141954, 'ml-object-detection': 0.17695873247918814}, price_cost: 8690.932182, energy_cost: 470.374142, latency_p99 : 1.106778
wall_time_s    : 79.538
================================================================================

Batch  8: best_feasible_cost (random, qNEI) = (7878.664202895754, 7207.993702834045), best_constraint =  -0.154 (<=0 feasible), time = 251.17.
Best feasible resource configuration: [{'cpu_m': 300, 'memory_mi': 50}, {'cpu_m': 4764, 'memory_mi': 512}]

================================================================================
================================================================================
objective      : price
resource_config: [{'cpu_m': 417, 'memory_mi': 70}, {'cpu_m': 2255, 'memory_mi': 458}], latencies: {'ml-image-processing': 0.15364424384066036, 'ml-object-detection': 0.496625902091286}, price_cost: 9821.084132, energy_cost: 351.283723, latency_p99 : 9.000000
wall_time_s    : 86.282
================================================================================
================================================================================
objective      : price
resource_config: [{'cpu_m': 300, 'memory_mi': 56}, {'cpu_m': 4678, 'memory_mi': 437}], latencies: {'ml-image-processing': 0.3076944645425236, 'ml-object-detection': 0.16724428366352287}, price_cost: 6951.270558, energy_cost: 396.352878, latency_p99 : 3.600086
wall_time_s    : 79.835
================================================================================
================================================================================
objective      : price
resource_config: [{'cpu_m': 300, 'memory_mi': 56}, {'cpu_m': 4813, 'memory_mi': 437}], latencies: {'ml-image-processing': 0.2965314603749324, 'ml-object-detection': 0.1682744335044514}, price_cost: 7174.985476, energy_cost: 391.651912, latency_p99 : 3.297255
wall_time_s    : 81.874
================================================================================

Batch  9: best_feasible_cost (random, qNEI) = (7878.664202895754, 7207.993702834045), best_constraint =  -0.154 (<=0 feasible), time = 254.31.
Best feasible resource configuration: [{'cpu_m': 300, 'memory_mi': 50}, {'cpu_m': 4764, 'memory_mi': 512}]

================================================================================
================================================================================
objective      : price
resource_config: [{'cpu_m': 300, 'memory_mi': 61}, {'cpu_m': 4788, 'memory_mi': 455}], latencies: {'ml-image-processing': 0.287772098917286, 'ml-object-detection': 0.1784452297154586}, price_cost: 7549.219509, energy_cost: 390.179282, latency_p99 : 4.886758
wall_time_s    : 80.315
================================================================================
================================================================================
objective      : price
resource_config: [{'cpu_m': 594, 'memory_mi': 67}, {'cpu_m': 3444, 'memory_mi': 418}], latencies: {'ml-image-processing': 0.11363818769653639, 'ml-object-detection': 0.3071636983193457}, price_cost: 9245.075098, energy_cost: 420.734808, latency_p99 : 9.000000
wall_time_s    : 77.506
================================================================================
================================================================================
objective      : price
resource_config: [{'cpu_m': 646, 'memory_mi': 57}, {'cpu_m': 3515, 'memory_mi': 484}], latencies: {'ml-image-processing': 0.11419232646779467, 'ml-object-detection': 0.2817856209197392}, price_cost: 8696.781139, energy_cost: 423.765192, latency_p99 : 9.000000
wall_time_s    : 79.461
================================================================================

Batch 10: best_feasible_cost (random, qNEI) = (7878.664202895754, 7207.993702834045), best_constraint =  -0.154 (<=0 feasible), time = 246.30.
Best feasible resource configuration: [{'cpu_m': 300, 'memory_mi': 50}, {'cpu_m': 4764, 'memory_mi': 512}]

================================================================================
================================================================================
objective      : price
resource_config: [{'cpu_m': 332, 'memory_mi': 54}, {'cpu_m': 5116, 'memory_mi': 410}], latencies: {'ml-image-processing': 0.267923498718903, 'ml-object-detection': 0.1691308048280791}, price_cost: 7641.343252, energy_cost: 413.237918, latency_p99 : 2.330077
wall_time_s    : 79.095
================================================================================
================================================================================
objective      : price
resource_config: [{'cpu_m': 300, 'memory_mi': 50}, {'cpu_m': 4636, 'memory_mi': 400}], latencies: {'ml-image-processing': 0.30698291518582177, 'ml-object-detection': 0.17643838331927186}, price_cost: 7250.513959, energy_cost: 388.215092, latency_p99 : 3.072342
wall_time_s    : 84.331
================================================================================
================================================================================
objective      : price
resource_config: [{'cpu_m': 452, 'memory_mi': 64}, {'cpu_m': 4605, 'memory_mi': 488}], latencies: {'ml-image-processing': 0.2073123028892423, 'ml-object-detection': 0.20453174384461054}, price_cost: 8322.738404, energy_cost: 441.106713, latency_p99 : 2.036177
wall_time_s    : 82.943
================================================================================

Batch 11: best_feasible_cost (random, qNEI) = (7878.664202895754, 7207.993702834045), best_constraint =  -0.154 (<=0 feasible), time = 254.68.
Best feasible resource configuration: [{'cpu_m': 300, 'memory_mi': 50}, {'cpu_m': 4764, 'memory_mi': 512}]

================================================================================
================================================================================
objective      : price
resource_config: [{'cpu_m': 502, 'memory_mi': 55}, {'cpu_m': 4625, 'memory_mi': 415}], latencies: {'ml-image-processing': 0.181564273954736, 'ml-object-detection': 0.20804378151837172}, price_cost: 8478.772824, energy_cost: 449.639740, latency_p99 : 2.082815
wall_time_s    : 80.290
================================================================================
================================================================================
objective      : price
resource_config: [{'cpu_m': 300, 'memory_mi': 60}, {'cpu_m': 6000, 'memory_mi': 486}], latencies: {'ml-image-processing': 0.281736178112761, 'ml-object-detection': 0.13545259632135057}, price_cost: 7181.176164, energy_cost: 393.594465, latency_p99 : 3.943225
wall_time_s    : 84.361
================================================================================
================================================================================
objective      : price
resource_config: [{'cpu_m': 300, 'memory_mi': 50}, {'cpu_m': 5193, 'memory_mi': 418}], latencies: {'ml-image-processing': 0.29727797029878605, 'ml-object-detection': 0.15980687437748367}, price_cost: 7340.524482, energy_cost: 391.736526, latency_p99 : 3.037337
wall_time_s    : 82.800
================================================================================

Batch 12: best_feasible_cost (random, qNEI) = (7878.664202895754, 7207.993702834045), best_constraint =  -0.154 (<=0 feasible), time = 255.35.
Best feasible resource configuration: [{'cpu_m': 300, 'memory_mi': 50}, {'cpu_m': 4764, 'memory_mi': 512}]

================================================================================
================================================================================
objective      : price
resource_config: [{'cpu_m': 300, 'memory_mi': 53}, {'cpu_m': 4458, 'memory_mi': 400}], latencies: {'ml-image-processing': 0.28982734908613395, 'ml-object-detection': 0.1982366933557644}, price_cost: 7798.174546, energy_cost: 389.986770, latency_p99 : 3.258328
wall_time_s    : 81.555
================================================================================
================================================================================
objective      : price
resource_config: [{'cpu_m': 300, 'memory_mi': 70}, {'cpu_m': 6000, 'memory_mi': 416}], latencies: {'ml-image-processing': 0.28494689700060655, 'ml-object-detection': 0.1472953262023761}, price_cost: 7784.244652, energy_cost: 387.802164, latency_p99 : 3.618476
wall_time_s    : 80.585
================================================================================
================================================================================
objective      : price
resource_config: [{'cpu_m': 502, 'memory_mi': 65}, {'cpu_m': 2436, 'memory_mi': 507}], latencies: {'ml-image-processing': 0.12849180169869215, 'ml-object-detection': 0.47894968354376033}, price_cost: 10228.099062, energy_cost: 359.776278, latency_p99 : 9.000000
wall_time_s    : 83.217
================================================================================

Batch 13: best_feasible_cost (random, qNEI) = (7878.664202895754, 7207.993702834045), best_constraint =  -0.154 (<=0 feasible), time = 252.18.
Best feasible resource configuration: [{'cpu_m': 300, 'memory_mi': 50}, {'cpu_m': 4764, 'memory_mi': 512}]

================================================================================
================================================================================
objective      : price
resource_config: [{'cpu_m': 300, 'memory_mi': 51}, {'cpu_m': 4215, 'memory_mi': 512}], latencies: {'ml-image-processing': 0.30870096357363574, 'ml-object-detection': 0.20156114358665808}, price_cost: 7539.748626, energy_cost: 395.963222, latency_p99 : 3.753980
wall_time_s    : 82.209
================================================================================
================================================================================
objective      : price
resource_config: [{'cpu_m': 300, 'memory_mi': 50}, {'cpu_m': 6000, 'memory_mi': 512}], latencies: {'ml-image-processing': 0.2897673974306706, 'ml-object-detection': 0.14703198009188853}, price_cost: 7782.403346, energy_cost: 387.785135, latency_p99 : 3.569065
wall_time_s    : 85.078
================================================================================
================================================================================
objective      : price
resource_config: [{'cpu_m': 659, 'memory_mi': 63}, {'cpu_m': 3895, 'memory_mi': 403}], latencies: {'ml-image-processing': 0.1193754334275707, 'ml-object-detection': 0.2660235604913584}, price_cost: 9081.093630, energy_cost: 439.198541, latency_p99 : 9.000000
wall_time_s    : 83.427
================================================================================

Batch 14: best_feasible_cost (random, qNEI) = (7878.664202895754, 7207.993702834045), best_constraint =  -0.154 (<=0 feasible), time = 256.86.
Best feasible resource configuration: [{'cpu_m': 300, 'memory_mi': 50}, {'cpu_m': 4764, 'memory_mi': 512}]

================================================================================
================================================================================
objective      : price
resource_config: [{'cpu_m': 300, 'memory_mi': 50}, {'cpu_m': 5225, 'memory_mi': 512}], latencies: {'ml-image-processing': 0.2970161890558336, 'ml-object-detection': 0.15058281157552353}, price_cost: 6981.292723, energy_cost: 383.763994, latency_p99 : 4.295584
wall_time_s    : 82.140
================================================================================
================================================================================
objective      : price
resource_config: [{'cpu_m': 527, 'memory_mi': 52}, {'cpu_m': 3742, 'memory_mi': 473}], latencies: {'ml-image-processing': 0.13907099462625, 'ml-object-detection': 0.2688194832674438}, price_cost: 8820.898620, energy_cost: 430.926315, latency_p99 : 9.000000
wall_time_s    : 82.404
================================================================================
================================================================================
objective      : price
resource_config: [{'cpu_m': 657, 'memory_mi': 63}, {'cpu_m': 4711, 'memory_mi': 441}], latencies: {'ml-image-processing': 0.1316700987714592, 'ml-object-detection': 0.21740925866900615}, price_cost: 8996.208430, energy_cost: 466.617207, latency_p99 : 1.517125
wall_time_s    : 82.209
================================================================================

Batch 15: best_feasible_cost (random, qNEI) = (7878.664202895754, 7207.993702834045), best_constraint =  -0.154 (<=0 feasible), time = 258.98.
Best feasible resource configuration: [{'cpu_m': 300, 'memory_mi': 50}, {'cpu_m': 4764, 'memory_mi': 512}]

================================================================================
================================================================================
SORTED SAMPLE LOG
{
  "timestamp": "2026-01-06T10:34:11.219745",
  "num_samples": 16,
  "feasible_only": true
}
--------------------------------------------------------------------------------
{
  "rank": 0,
  "cost": 7207.993702834045,
  "duration": 2.8456820668652654,
  "price_cost": 7207.993702834045,
  "energy_cost": 394.68797918256547,
  "objective_name": "price",
  "feasible": true,
  "latencies": {
    "ml-image-processing": 0.30567319363555207,
    "ml-object-detection": 0.17042490498196067
  },
  "resource_config": [
    {
      "cpu_m": 300,
      "memory_mi": 50
    },
    {
      "cpu_m": 4764,
      "memory_mi": 512
    }
  ]
}
--------------------------------------------------------------------------------
{
  "rank": 1,
  "cost": 7246.779505919044,
  "duration": 2.9345993013121188,
  "price_cost": 7246.779505919044,
  "energy_cost": 390.6119760245343,
  "objective_name": "price",
  "feasible": true,
  "latencies": {
    "ml-image-processing": 0.29527817552702296,
    "ml-object-detection": 0.15537792372655262
  },
  "resource_config": [
    {
      "cpu_m": 300,
      "memory_mi": 50
    },
    {
      "cpu_m": 5268,
      "memory_mi": 475
    }
  ]
}
--------------------------------------------------------------------------------
{
  "rank": 2,
  "cost": 7344.827906921052,
  "duration": 2.9561999943107367,
  "price_cost": 7344.827906921052,
  "energy_cost": 395.0010285783718,
  "objective_name": "price",
  "feasible": true,
  "latencies": {
    "ml-image-processing": 0.2880586003708952,
    "ml-object-detection": 0.1694699029508486
  },
  "resource_config": [
    {
      "cpu_m": 300,
      "memory_mi": 55
    },
    {
      "cpu_m": 4905,
      "memory_mi": 400
    }
  ]
}
--------------------------------------------------------------------------------
{
  "rank": 3,
  "cost": 7401.801974844584,
  "duration": 2.705126296263188,
  "price_cost": 7401.801974844584,
  "energy_cost": 391.2294794755055,
  "objective_name": "price",
  "feasible": true,
  "latencies": {
    "ml-image-processing": 0.30616280053176786,
    "ml-object-detection": 0.17066799618104206
  },
  "resource_config": [
    {
      "cpu_m": 300,
      "memory_mi": 57
    },
    {
      "cpu_m": 4893,
      "memory_mi": 477
    }
  ]
}
--------------------------------------------------------------------------------
{
  "rank": 4,
  "cost": 7458.23369797869,
  "duration": 2.6912803882732987,
  "price_cost": 7458.23369797869,
  "energy_cost": 392.34161763035445,
  "objective_name": "price",
  "feasible": true,
  "latencies": {
    "ml-image-processing": 0.2965498502469725,
    "ml-object-detection": 0.18289347358599858
  },
  "resource_config": [
    {
      "cpu_m": 300,
      "memory_mi": 65
    },
    {
      "cpu_m": 4605,
      "memory_mi": 481
    }
  ]
}
--------------------------------------------------------------------------------
{
  "rank": 5,
  "cost": 7641.343251624545,
  "duration": 2.330076645128429,
  "price_cost": 7641.343251624545,
  "energy_cost": 413.23791759810746,
  "objective_name": "price",
  "feasible": true,
  "latencies": {
    "ml-image-processing": 0.267923498718903,
    "ml-object-detection": 0.1691308048280791
  },
  "resource_config": [
    {
      "cpu_m": 332,
      "memory_mi": 54
    },
    {
      "cpu_m": 5116,
      "memory_mi": 410
    }
  ]
}
--------------------------------------------------------------------------------
{
  "rank": 6,
  "cost": 7878.664202895754,
  "duration": 2.6723249689675868,
  "price_cost": 7878.664202895754,
  "energy_cost": 424.308053085245,
  "objective_name": "price",
  "feasible": true,
  "latencies": {
    "ml-image-processing": 0.2502375024370849,
    "ml-object-detection": 0.17210283789318054
  },
  "resource_config": [
    {
      "cpu_m": 371,
      "memory_mi": 66
    },
    {
      "cpu_m": 5176,
      "memory_mi": 490
    }
  ]
}
--------------------------------------------------------------------------------
{
  "rank": 7,
  "cost": 8079.396118231203,
  "duration": 2.5814186818897724,
  "price_cost": 8079.396118231203,
  "energy_cost": 404.95477132595477,
  "objective_name": "price",
  "feasible": true,
  "latencies": {
    "ml-image-processing": 0.26204621066615263,
    "ml-object-detection": 0.17871252952695446
  },
  "resource_config": [
    {
      "cpu_m": 325,
      "memory_mi": 62
    },
    {
      "cpu_m": 5130,
      "memory_mi": 500
    }
  ]
}
--------------------------------------------------------------------------------
{
  "rank": 8,
  "cost": 8084.41728677226,
  "duration": 1.8130373717285693,
  "price_cost": 8084.41728677226,
  "energy_cost": 443.71156204435465,
  "objective_name": "price",
  "feasible": true,
  "latencies": {
    "ml-image-processing": 0.2107980114506614,
    "ml-object-detection": 0.19372796764681963
  },
  "resource_config": [
    {
      "cpu_m": 448,
      "memory_mi": 63
    },
    {
      "cpu_m": 4723,
      "memory_mi": 408
    }
  ]
}
--------------------------------------------------------------------------------
{
  "rank": 9,
  "cost": 8322.738403798303,
  "duration": 2.0361770521849394,
  "price_cost": 8322.738403798303,
  "energy_cost": 441.10671298161515,
  "objective_name": "price",
  "feasible": true,
  "latencies": {
    "ml-image-processing": 0.2073123028892423,
    "ml-object-detection": 0.20453174384461054
  },
  "resource_config": [
    {
      "cpu_m": 452,
      "memory_mi": 64
    },
    {
      "cpu_m": 4605,
      "memory_mi": 488
    }
  ]
}
--------------------------------------------------------------------------------
{
  "rank": 10,
  "cost": 8357.241118045109,
  "duration": 2.4380474500358105,
  "price_cost": 8357.241118045109,
  "energy_cost": 427.3532418408343,
  "objective_name": "price",
  "feasible": true,
  "latencies": {
    "ml-image-processing": 0.24306684127828526,
    "ml-object-detection": 0.19765473375727813
  },
  "resource_config": [
    {
      "cpu_m": 372,
      "memory_mi": 56
    },
    {
      "cpu_m": 4799,
      "memory_mi": 400
    }
  ]
}
--------------------------------------------------------------------------------
{
  "rank": 11,
  "cost": 8478.772824179694,
  "duration": 2.0828154371120036,
  "price_cost": 8478.772824179694,
  "energy_cost": 449.6397395581356,
  "objective_name": "price",
  "feasible": true,
  "latencies": {
    "ml-image-processing": 0.181564273954736,
    "ml-object-detection": 0.20804378151837172
  },
  "resource_config": [
    {
      "cpu_m": 502,
      "memory_mi": 55
    },
    {
      "cpu_m": 4625,
      "memory_mi": 415
    }
  ]
}
--------------------------------------------------------------------------------
{
  "rank": 12,
  "cost": 8690.932181730876,
  "duration": 1.106778394896537,
  "price_cost": 8690.932181730876,
  "energy_cost": 470.3741417340358,
  "objective_name": "price",
  "feasible": true,
  "latencies": {
    "ml-image-processing": 0.11198352827141954,
    "ml-object-detection": 0.17695873247918814
  },
  "resource_config": [
    {
      "cpu_m": 771,
      "memory_mi": 66
    },
    {
      "cpu_m": 5590,
      "memory_mi": 469
    }
  ]
}
--------------------------------------------------------------------------------
{
  "rank": 13,
  "cost": 8844.569009518294,
  "duration": 1.3880210691131651,
  "price_cost": 8844.569009518294,
  "energy_cost": 463.6273753997813,
  "objective_name": "price",
  "feasible": true,
  "latencies": {
    "ml-image-processing": 0.15672090343317727,
    "ml-object-detection": 0.17628125283657245
  },
  "resource_config": [
    {
      "cpu_m": 588,
      "memory_mi": 59
    },
    {
      "cpu_m": 5705,
      "memory_mi": 437
    }
  ]
}
--------------------------------------------------------------------------------
{
  "rank": 14,
  "cost": 8996.208429507915,
  "duration": 1.517125366255641,
  "price_cost": 8996.208429507915,
  "energy_cost": 466.61720681411157,
  "objective_name": "price",
  "feasible": true,
  "latencies": {
    "ml-image-processing": 0.1316700987714592,
    "ml-object-detection": 0.21740925866900615
  },
  "resource_config": [
    {
      "cpu_m": 657,
      "memory_mi": 63
    },
    {
      "cpu_m": 4711,
      "memory_mi": 441
    }
  ]
}
--------------------------------------------------------------------------------
{
  "rank": 15,
  "cost": 9172.48171291308,
  "duration": 1.1838663360103965,
  "price_cost": 9172.48171291308,
  "energy_cost": 477.025992318952,
  "objective_name": "price",
  "feasible": true,
  "latencies": {
    "ml-image-processing": 0.11316492461459074,
    "ml-object-detection": 0.21492421731021102
  },
  "resource_config": [
    {
      "cpu_m": 784,
      "memory_mi": 57
    },
    {
      "cpu_m": 4861,
      "memory_mi": 416
    }
  ]
}
--------------------------------------------------------------------------------
BO loop time: 4624.41 seconds
Best cost: 7207.993702834045
Best resource configuration: [{'cpu_m': 300, 'memory_mi': 50}, {'cpu_m': 4764, 'memory_mi': 512}]
