Starting fresh (no checkpoint at bo_model_default_20260104_060323.pkl).
  initial_points = 10
  running_batches = 10
  initial_best_feasible_cost = 411.32277386707534
  initial_best_resource_config = [{'cpu_m': 377, 'memory_mi': 56}, {'cpu_m': 5346, 'memory_mi': 455}]
  time_taken_for_init = 811.97 seconds
================================================================================

Batch  1: best_feasible_cost (random, qNEI) = (411.32277386707534, 411.32277386707534), best_constraint =  -0.302 (<=0 feasible), time = 253.87.
Best feasible resource configuration: [{'cpu_m': 377, 'memory_mi': 56}, {'cpu_m': 5346, 'memory_mi': 455}]

================================================================================

Batch  2: best_feasible_cost (random, qNEI) = (411.32277386707534, 411.32277386707534), best_constraint =  -0.302 (<=0 feasible), time = 253.70.
Best feasible resource configuration: [{'cpu_m': 377, 'memory_mi': 56}, {'cpu_m': 5346, 'memory_mi': 455}]

================================================================================

Batch  3: best_feasible_cost (random, qNEI) = (411.32277386707534, 387.2358565569538), best_constraint =  -0.293 (<=0 feasible), time = 250.02.
Best feasible resource configuration: [{'cpu_m': 300, 'memory_mi': 70}, {'cpu_m': 5481, 'memory_mi': 486}]

================================================================================

Batch  4: best_feasible_cost (random, qNEI) = (411.32277386707534, 387.2358565569538), best_constraint =  -0.293 (<=0 feasible), time = 260.86.
Best feasible resource configuration: [{'cpu_m': 300, 'memory_mi': 70}, {'cpu_m': 5481, 'memory_mi': 486}]

================================================================================

Batch  5: best_feasible_cost (random, qNEI) = (411.32277386707534, 387.2358565569538), best_constraint =  -0.293 (<=0 feasible), time = 257.53.
Best feasible resource configuration: [{'cpu_m': 300, 'memory_mi': 70}, {'cpu_m': 5481, 'memory_mi': 486}]

================================================================================

Batch  6: best_feasible_cost (random, qNEI) = (411.32277386707534, 387.2358565569538), best_constraint =  -0.293 (<=0 feasible), time = 247.61.
Best feasible resource configuration: [{'cpu_m': 300, 'memory_mi': 70}, {'cpu_m': 5481, 'memory_mi': 486}]

================================================================================

Batch  7: best_feasible_cost (random, qNEI) = (411.32277386707534, 387.2358565569538), best_constraint =  -0.293 (<=0 feasible), time = 248.53.
Best feasible resource configuration: [{'cpu_m': 300, 'memory_mi': 70}, {'cpu_m': 5481, 'memory_mi': 486}]

================================================================================

Batch  8: best_feasible_cost (random, qNEI) = (411.32277386707534, 387.2358565569538), best_constraint =  -0.293 (<=0 feasible), time = 252.34.
Best feasible resource configuration: [{'cpu_m': 300, 'memory_mi': 70}, {'cpu_m': 5481, 'memory_mi': 486}]

================================================================================

Batch  9: best_feasible_cost (random, qNEI) = (411.32277386707534, 387.2358565569538), best_constraint =  -0.293 (<=0 feasible), time = 250.97.
Best feasible resource configuration: [{'cpu_m': 300, 'memory_mi': 70}, {'cpu_m': 5481, 'memory_mi': 486}]

================================================================================

Batch 10: best_feasible_cost (random, qNEI) = (411.32277386707534, 387.2358565569538), best_constraint =  -0.293 (<=0 feasible), time = 256.15.
Best feasible resource configuration: [{'cpu_m': 300, 'memory_mi': 70}, {'cpu_m': 5481, 'memory_mi': 486}]

================================================================================
BO loop time: 3343.58 seconds
Best cost: 387.2358565569538
Best resource configuration: [{'cpu_m': 300, 'memory_mi': 70}, {'cpu_m': 5481, 'memory_mi': 486}]
