================================================================================
objective      : energy
resource_config: [{'cpu_m': 485, 'memory_mi': 64}, {'cpu_m': 2359, 'memory_mi': 489}], latencies: {'ml-image-processing': 0.15719465229829604, 'ml-object-detection': 0.4597304991841542}, price_cost: 9555.158153, energy_cost: 349.603346, latency_p99 : 9.000000
wall_time_s    : 91.983
================================================================================
================================================================================
objective      : energy
resource_config: [{'cpu_m': 678, 'memory_mi': 62}, {'cpu_m': 5646, 'memory_mi': 419}], latencies: {'ml-image-processing': 0.12718151518169585, 'ml-object-detection': 0.18314546657105288}, price_cost: 9067.049638, energy_cost: 465.560231, latency_p99 : 1.384148
wall_time_s    : 88.740
================================================================================
================================================================================
objective      : energy
resource_config: [{'cpu_m': 430, 'memory_mi': 52}, {'cpu_m': 4170, 'memory_mi': 418}], latencies: {'ml-image-processing': 0.21956683065489693, 'ml-object-detection': 0.23799962226806556}, price_cost: 8753.087174, energy_cost: 425.207841, latency_p99 : 2.890291
wall_time_s    : 90.375
================================================================================
================================================================================
objective      : energy
resource_config: [{'cpu_m': 670, 'memory_mi': 54}, {'cpu_m': 1529, 'memory_mi': 503}], latencies: {'ml-image-processing': 0.09438855024927761, 'ml-object-detection': 0.8743794921465451}, price_cost: 11785.254577, energy_cost: 303.008028, latency_p99 : 9.000000
wall_time_s    : 92.666
================================================================================
================================================================================
objective      : energy
resource_config: [{'cpu_m': 678, 'memory_mi': 61}, {'cpu_m': 5291, 'memory_mi': 493}], latencies: {'ml-image-processing': 0.12707803176866994, 'ml-object-detection': 0.19511121050202967}, price_cost: 9064.078200, energy_cost: 465.104618, latency_p99 : 1.208455
wall_time_s    : 90.761
================================================================================
================================================================================
objective      : energy
resource_config: [{'cpu_m': 538, 'memory_mi': 58}, {'cpu_m': 4558, 'memory_mi': 505}], latencies: {'ml-image-processing': 0.16158714119706358, 'ml-object-detection': 0.2233628599431866}, price_cost: 8955.947006, energy_cost: 452.472590, latency_p99 : 1.597075
wall_time_s    : 90.750
================================================================================
================================================================================
objective      : energy
resource_config: [{'cpu_m': 471, 'memory_mi': 58}, {'cpu_m': 4566, 'memory_mi': 481}], latencies: {'ml-image-processing': 0.18670860857774432, 'ml-object-detection': 0.21568422677138677}, price_cost: 8671.691559, energy_cost: 442.383047, latency_p99 : 1.852400
wall_time_s    : 87.209
================================================================================
================================================================================
objective      : energy
resource_config: [{'cpu_m': 539, 'memory_mi': 56}, {'cpu_m': 3582, 'memory_mi': 489}], latencies: {'ml-image-processing': 0.1443206869050494, 'ml-object-detection': 0.28196853162629193}, price_cost: 8875.434419, energy_cost: 418.469175, latency_p99 : 9.000000
wall_time_s    : 89.602
================================================================================
================================================================================
objective      : energy
resource_config: [{'cpu_m': 347, 'memory_mi': 60}, {'cpu_m': 5422, 'memory_mi': 416}], latencies: {'ml-image-processing': 0.2464399596325076, 'ml-object-detection': 0.15541162312061327}, price_cost: 7436.630481, energy_cost: 404.864715, latency_p99 : 3.013879
wall_time_s    : 90.740
================================================================================
================================================================================
objective      : energy
resource_config: [{'cpu_m': 673, 'memory_mi': 56}, {'cpu_m': 1726, 'memory_mi': 473}], latencies: {'ml-image-processing': 0.09572104999263371, 'ml-object-detection': 0.7115889386406966}, price_cost: 10804.911232, energy_cost: 318.362936, latency_p99 : 9.000000
wall_time_s    : 91.718
================================================================================
Starting fresh (no checkpoint at bo_model_energy_20260105_035853.pt).
  initial_points = 10
  running_batches = 10
  initial_best_feasible_cost = 425.20784148959757
  initial_best_constraint = -0.110
  initial_best_resource_config = [{'cpu_m': 430, 'memory_mi': 52}, {'cpu_m': 4170, 'memory_mi': 418}]
  time_taken_for_init = 915.97 seconds
================================================================================
================================================================================
objective      : energy
resource_config: [{'cpu_m': 300, 'memory_mi': 70}, {'cpu_m': 6000, 'memory_mi': 400}], latencies: {'ml-image-processing': 0.27804199676029384, 'ml-object-detection': 0.13766727265384462}, price_cost: 7284.607802, energy_cost: 380.021627, latency_p99 : 3.970283
wall_time_s    : 92.051
================================================================================
================================================================================
objective      : energy
resource_config: [{'cpu_m': 800, 'memory_mi': 52}, {'cpu_m': 3217, 'memory_mi': 512}], latencies: {'ml-image-processing': 0.09544356123290279, 'ml-object-detection': 0.319017270563001}, price_cost: 9023.803851, energy_cost: 401.968109, latency_p99 : 9.000000
wall_time_s    : 91.918
================================================================================
================================================================================
objective      : energy
resource_config: [{'cpu_m': 300, 'memory_mi': 50}, {'cpu_m': 4346, 'memory_mi': 512}], latencies: {'ml-image-processing': 0.3080642633140087, 'ml-object-detection': 0.21009697390791887}, price_cost: 8080.049580, energy_cost: 382.531081, latency_p99 : 3.574504
wall_time_s    : 94.324
================================================================================

Batch  1: best_feasible_cost (random, qNEI) = (425.20784148959757, 425.20784148959757), best_constraint =  -0.110 (<=0 feasible), time = 287.15.
Best feasible resource configuration: [{'cpu_m': 430, 'memory_mi': 52}, {'cpu_m': 4170, 'memory_mi': 418}]

================================================================================
================================================================================
objective      : energy
resource_config: [{'cpu_m': 300, 'memory_mi': 50}, {'cpu_m': 4430, 'memory_mi': 458}], latencies: {'ml-image-processing': 0.2922523174839059, 'ml-object-detection': 0.17762776234907643}, price_cost: 6980.416380, energy_cost: 390.796883, latency_p99 : 4.136109
wall_time_s    : 90.607
================================================================================
================================================================================
objective      : energy
resource_config: [{'cpu_m': 300, 'memory_mi': 70}, {'cpu_m': 4928, 'memory_mi': 495}], latencies: {'ml-image-processing': 0.2866107855122863, 'ml-object-detection': 0.1669638612503676}, price_cost: 7281.741100, energy_cost: 385.831711, latency_p99 : 4.005304
wall_time_s    : 92.287
================================================================================
================================================================================
objective      : energy
resource_config: [{'cpu_m': 300, 'memory_mi': 50}, {'cpu_m': 6000, 'memory_mi': 512}], latencies: {'ml-image-processing': 0.27871603414585644, 'ml-object-detection': 0.13606451086022636}, price_cost: 7211.325398, energy_cost: 385.439583, latency_p99 : 3.319523
wall_time_s    : 98.959
================================================================================

Batch  2: best_feasible_cost (random, qNEI) = (425.20784148959757, 425.20784148959757), best_constraint =  -0.110 (<=0 feasible), time = 294.49.
Best feasible resource configuration: [{'cpu_m': 430, 'memory_mi': 52}, {'cpu_m': 4170, 'memory_mi': 418}]

================================================================================
================================================================================
objective      : energy
resource_config: [{'cpu_m': 355, 'memory_mi': 62}, {'cpu_m': 5956, 'memory_mi': 512}], latencies: {'ml-image-processing': 0.2387091715880219, 'ml-object-detection': 0.15329700631029422}, price_cost: 8039.439327, energy_cost: 410.144867, latency_p99 : 2.613641
wall_time_s    : 92.448
================================================================================
================================================================================
objective      : energy
resource_config: [{'cpu_m': 300, 'memory_mi': 53}, {'cpu_m': 2197, 'memory_mi': 512}], latencies: {'ml-image-processing': 0.27724452660528615, 'ml-object-detection': 0.5420700564761373}, price_cost: 10510.454559, energy_cost: 336.312729, latency_p99 : 9.000000
wall_time_s    : 92.483
================================================================================
================================================================================
objective      : energy
resource_config: [{'cpu_m': 306, 'memory_mi': 50}, {'cpu_m': 1500, 'memory_mi': 512}], latencies: {'ml-image-processing': 0.24061814859590452, 'ml-object-detection': 0.8324041091634528}, price_cost: 11060.358711, energy_cost: 298.987044, latency_p99 : 9.000000
wall_time_s    : 102.447
================================================================================

Batch  3: best_feasible_cost (random, qNEI) = (425.20784148959757, 410.1448670573299), best_constraint =  -0.386 (<=0 feasible), time = 296.21.
Best feasible resource configuration: [{'cpu_m': 355, 'memory_mi': 62}, {'cpu_m': 5956, 'memory_mi': 512}]

================================================================================
================================================================================
objective      : energy
resource_config: [{'cpu_m': 300, 'memory_mi': 70}, {'cpu_m': 5852, 'memory_mi': 512}], latencies: {'ml-image-processing': 0.2947454642758451, 'ml-object-detection': 0.1428572697480294}, price_cost: 7395.229646, energy_cost: 390.121874, latency_p99 : 3.673939
wall_time_s    : 90.698
================================================================================
================================================================================
objective      : energy
resource_config: [{'cpu_m': 718, 'memory_mi': 51}, {'cpu_m': 2470, 'memory_mi': 408}], latencies: {'ml-image-processing': 0.09494567551236185, 'ml-object-detection': 0.4520390281298508}, price_cost: 9777.539585, energy_cost: 350.022000, latency_p99 : 9.000000
wall_time_s    : 96.202
================================================================================
================================================================================
objective      : energy
resource_config: [{'cpu_m': 303, 'memory_mi': 50}, {'cpu_m': 5685, 'memory_mi': 470}], latencies: {'ml-image-processing': 0.27018170829264904, 'ml-object-detection': 0.14774136760992543}, price_cost: 7405.354747, energy_cost: 393.767231, latency_p99 : 4.176065
wall_time_s    : 93.824
================================================================================

Batch  4: best_feasible_cost (random, qNEI) = (425.20784148959757, 410.1448670573299), best_constraint =  -0.386 (<=0 feasible), time = 290.19.
Best feasible resource configuration: [{'cpu_m': 355, 'memory_mi': 62}, {'cpu_m': 5956, 'memory_mi': 512}]

================================================================================
================================================================================
objective      : energy
resource_config: [{'cpu_m': 794, 'memory_mi': 57}, {'cpu_m': 3594, 'memory_mi': 402}], latencies: {'ml-image-processing': 0.09802354067150089, 'ml-object-detection': 0.28169838461197083}, price_cost: 8880.637982, energy_cost: 425.599765, latency_p99 : 9.000000
wall_time_s    : 90.794
================================================================================
================================================================================
objective      : energy
resource_config: [{'cpu_m': 354, 'memory_mi': 53}, {'cpu_m': 4474, 'memory_mi': 463}], latencies: {'ml-image-processing': 0.24962908860973337, 'ml-object-detection': 0.18368933509865945}, price_cost: 7280.537055, energy_cost: 401.477515, latency_p99 : 5.713795
wall_time_s    : 91.731
================================================================================
================================================================================
objective      : energy
resource_config: [{'cpu_m': 300, 'memory_mi': 63}, {'cpu_m': 3815, 'memory_mi': 403}], latencies: {'ml-image-processing': 0.3107465456257789, 'ml-object-detection': 0.21687771043238732}, price_cost: 7344.714270, energy_cost: 382.707573, latency_p99 : 4.790870
wall_time_s    : 90.520
================================================================================

Batch  5: best_feasible_cost (random, qNEI) = (425.20784148959757, 410.1448670573299), best_constraint =  -0.386 (<=0 feasible), time = 283.46.
Best feasible resource configuration: [{'cpu_m': 355, 'memory_mi': 62}, {'cpu_m': 5956, 'memory_mi': 512}]

================================================================================
================================================================================
objective      : energy
resource_config: [{'cpu_m': 345, 'memory_mi': 70}, {'cpu_m': 5557, 'memory_mi': 512}], latencies: {'ml-image-processing': 0.2746508688433096, 'ml-object-detection': 0.15445985306675236}, price_cost: 7606.449049, energy_cost: 407.600714, latency_p99 : 2.108226
wall_time_s    : 91.102
================================================================================
================================================================================
objective      : energy
resource_config: [{'cpu_m': 391, 'memory_mi': 67}, {'cpu_m': 4735, 'memory_mi': 482}], latencies: {'ml-image-processing': 0.21823213921430018, 'ml-object-detection': 0.18831571402887887}, price_cost: 7867.443425, energy_cost: 419.590635, latency_p99 : 2.479298
wall_time_s    : 91.191
================================================================================
================================================================================
objective      : energy
resource_config: [{'cpu_m': 800, 'memory_mi': 70}, {'cpu_m': 6000, 'memory_mi': 512}], latencies: {'ml-image-processing': 0.11701424202996574, 'ml-object-detection': 0.17677423212524146}, price_cost: 9322.664257, energy_cost: 470.337719, latency_p99 : 1.038772
wall_time_s    : 90.951
================================================================================

Batch  6: best_feasible_cost (random, qNEI) = (425.20784148959757, 407.6007142556962), best_constraint =  -0.892 (<=0 feasible), time = 283.74.
Best feasible resource configuration: [{'cpu_m': 345, 'memory_mi': 70}, {'cpu_m': 5557, 'memory_mi': 512}]

================================================================================
================================================================================
objective      : energy
resource_config: [{'cpu_m': 450, 'memory_mi': 70}, {'cpu_m': 4619, 'memory_mi': 446}], latencies: {'ml-image-processing': 0.21950909932769957, 'ml-object-detection': 0.19612439572963802}, price_cost: 8025.743629, energy_cost: 431.763947, latency_p99 : 2.910265
wall_time_s    : 91.786
================================================================================
================================================================================
objective      : energy
resource_config: [{'cpu_m': 311, 'memory_mi': 70}, {'cpu_m': 5210, 'memory_mi': 452}], latencies: {'ml-image-processing': 0.26851078204776124, 'ml-object-detection': 0.16671046464600497}, price_cost: 7657.735191, energy_cost: 390.526717, latency_p99 : 3.061791
wall_time_s    : 91.573
================================================================================
================================================================================
objective      : energy
resource_config: [{'cpu_m': 371, 'memory_mi': 57}, {'cpu_m': 5815, 'memory_mi': 485}], latencies: {'ml-image-processing': 0.22367985742025528, 'ml-object-detection': 0.14899602043442428}, price_cost: 7634.851806, energy_cost: 423.156532, latency_p99 : 2.168402
wall_time_s    : 90.037
================================================================================

Batch  7: best_feasible_cost (random, qNEI) = (425.20784148959757, 407.6007142556962), best_constraint =  -0.892 (<=0 feasible), time = 283.97.
Best feasible resource configuration: [{'cpu_m': 345, 'memory_mi': 70}, {'cpu_m': 5557, 'memory_mi': 512}]

================================================================================
================================================================================
objective      : energy
resource_config: [{'cpu_m': 679, 'memory_mi': 54}, {'cpu_m': 5541, 'memory_mi': 400}], latencies: {'ml-image-processing': 0.12160637931948579, 'ml-object-detection': 0.1754643111741422}, price_cost: 8528.258726, energy_cost: 462.591642, latency_p99 : 1.163998
wall_time_s    : 91.460
================================================================================
================================================================================
objective      : energy
resource_config: [{'cpu_m': 312, 'memory_mi': 70}, {'cpu_m': 5481, 'memory_mi': 512}], latencies: {'ml-image-processing': 0.28026773669672284, 'ml-object-detection': 0.16108246923170305}, price_cost: 7795.265005, energy_cost: 394.891968, latency_p99 : 3.805846
wall_time_s    : 92.770
================================================================================
================================================================================
objective      : energy
resource_config: [{'cpu_m': 461, 'memory_mi': 51}, {'cpu_m': 4764, 'memory_mi': 417}], latencies: {'ml-image-processing': 0.16554759952294476, 'ml-object-detection': 0.2043149243999163}, price_cost: 8528.706003, energy_cost: 441.763909, latency_p99 : 2.000410
wall_time_s    : 98.261
================================================================================

Batch  8: best_feasible_cost (random, qNEI) = (425.20784148959757, 407.6007142556962), best_constraint =  -0.892 (<=0 feasible), time = 290.32.
Best feasible resource configuration: [{'cpu_m': 345, 'memory_mi': 70}, {'cpu_m': 5557, 'memory_mi': 512}]

================================================================================
================================================================================
objective      : energy
resource_config: [{'cpu_m': 339, 'memory_mi': 70}, {'cpu_m': 6000, 'memory_mi': 400}], latencies: {'ml-image-processing': 0.2634539799182676, 'ml-object-detection': 0.14972991774058236}, price_cost: 7918.179495, energy_cost: 405.985795, latency_p99 : 2.781315
wall_time_s    : 90.007
================================================================================
================================================================================
objective      : energy
resource_config: [{'cpu_m': 300, 'memory_mi': 59}, {'cpu_m': 4382, 'memory_mi': 507}], latencies: {'ml-image-processing': 0.31364841525461157, 'ml-object-detection': 0.18723377516931472}, price_cost: 7292.840145, energy_cost: 384.117081, latency_p99 : 3.780440
wall_time_s    : 91.257
================================================================================
================================================================================
objective      : energy
resource_config: [{'cpu_m': 320, 'memory_mi': 50}, {'cpu_m': 5085, 'memory_mi': 400}], latencies: {'ml-image-processing': 0.2684253666615277, 'ml-object-detection': 0.1621492374606692}, price_cost: 7284.049059, energy_cost: 394.923571, latency_p99 : 3.301234
wall_time_s    : 92.555
================================================================================

Batch  9: best_feasible_cost (random, qNEI) = (425.20784148959757, 405.9857945424876), best_constraint =  -0.219 (<=0 feasible), time = 281.96.
Best feasible resource configuration: [{'cpu_m': 339, 'memory_mi': 70}, {'cpu_m': 6000, 'memory_mi': 400}]

================================================================================
================================================================================
objective      : energy
resource_config: [{'cpu_m': 605, 'memory_mi': 60}, {'cpu_m': 3989, 'memory_mi': 415}], latencies: {'ml-image-processing': 0.1311770264329689, 'ml-object-detection': 0.2619718535157341}, price_cost: 9159.087737, energy_cost: 445.125221, latency_p99 : 5.165654
wall_time_s    : 91.393
================================================================================
================================================================================
objective      : energy
resource_config: [{'cpu_m': 618, 'memory_mi': 65}, {'cpu_m': 3933, 'memory_mi': 400}], latencies: {'ml-image-processing': 0.12713837459245148, 'ml-object-detection': 0.2528867052991272}, price_cost: 8725.025878, energy_cost: 439.666179, latency_p99 : 3.251092
wall_time_s    : 90.859
================================================================================
================================================================================
objective      : energy
resource_config: [{'cpu_m': 325, 'memory_mi': 56}, {'cpu_m': 5008, 'memory_mi': 512}], latencies: {'ml-image-processing': 0.2655474095510603, 'ml-object-detection': 0.16059278738606025}, price_cost: 7124.098468, energy_cost: 394.796371, latency_p99 : 2.995206
wall_time_s    : 93.840
================================================================================

Batch 10: best_feasible_cost (random, qNEI) = (425.20784148959757, 394.7963706245306), best_constraint =  -0.005 (<=0 feasible), time = 284.03.
Best feasible resource configuration: [{'cpu_m': 325, 'memory_mi': 56}, {'cpu_m': 5008, 'memory_mi': 512}]

================================================================================
================================================================================
SORTED SAMPLE LOG
{
  "timestamp": "2026-01-05T05:02:04.906283",
  "num_samples": 15,
  "feasible_only": true
}
--------------------------------------------------------------------------------
{
  "rank": 0,
  "cost": 394.7963706245306,
  "duration": 2.9952061884105206,
  "price_cost": 7124.098468262838,
  "energy_cost": 394.7963706245306,
  "objective_name": "energy",
  "feasible": true,
  "latencies": {
    "ml-image-processing": 0.2655474095510603,
    "ml-object-detection": 0.16059278738606025
  },
  "resource_config": [
    {
      "cpu_m": 325,
      "memory_mi": 56
    },
    {
      "cpu_m": 5008,
      "memory_mi": 512
    }
  ]
}
--------------------------------------------------------------------------------
{
  "rank": 1,
  "cost": 405.9857945424876,
  "duration": 2.7813153248280287,
  "price_cost": 7918.179495118995,
  "energy_cost": 405.9857945424876,
  "objective_name": "energy",
  "feasible": true,
  "latencies": {
    "ml-image-processing": 0.2634539799182676,
    "ml-object-detection": 0.14972991774058236
  },
  "resource_config": [
    {
      "cpu_m": 339,
      "memory_mi": 70
    },
    {
      "cpu_m": 6000,
      "memory_mi": 400
    }
  ]
}
--------------------------------------------------------------------------------
{
  "rank": 2,
  "cost": 407.6007142556962,
  "duration": 2.108226259239018,
  "price_cost": 7606.449049148964,
  "energy_cost": 407.6007142556962,
  "objective_name": "energy",
  "feasible": true,
  "latencies": {
    "ml-image-processing": 0.2746508688433096,
    "ml-object-detection": 0.15445985306675236
  },
  "resource_config": [
    {
      "cpu_m": 345,
      "memory_mi": 70
    },
    {
      "cpu_m": 5557,
      "memory_mi": 512
    }
  ]
}
--------------------------------------------------------------------------------
{
  "rank": 3,
  "cost": 410.1448670573299,
  "duration": 2.6136411698535085,
  "price_cost": 8039.439326869198,
  "energy_cost": 410.1448670573299,
  "objective_name": "energy",
  "feasible": true,
  "latencies": {
    "ml-image-processing": 0.2387091715880219,
    "ml-object-detection": 0.15329700631029422
  },
  "resource_config": [
    {
      "cpu_m": 355,
      "memory_mi": 62
    },
    {
      "cpu_m": 5956,
      "memory_mi": 512
    }
  ]
}
--------------------------------------------------------------------------------
{
  "rank": 4,
  "cost": 419.59063493681475,
  "duration": 2.47929769102484,
  "price_cost": 7867.443424987966,
  "energy_cost": 419.59063493681475,
  "objective_name": "energy",
  "feasible": true,
  "latencies": {
    "ml-image-processing": 0.21823213921430018,
    "ml-object-detection": 0.18831571402887887
  },
  "resource_config": [
    {
      "cpu_m": 391,
      "memory_mi": 67
    },
    {
      "cpu_m": 4735,
      "memory_mi": 482
    }
  ]
}
--------------------------------------------------------------------------------
{
  "rank": 5,
  "cost": 423.15653244632136,
  "duration": 2.1684018461965024,
  "price_cost": 7634.851805530987,
  "energy_cost": 423.15653244632136,
  "objective_name": "energy",
  "feasible": true,
  "latencies": {
    "ml-image-processing": 0.22367985742025528,
    "ml-object-detection": 0.14899602043442428
  },
  "resource_config": [
    {
      "cpu_m": 371,
      "memory_mi": 57
    },
    {
      "cpu_m": 5815,
      "memory_mi": 485
    }
  ]
}
--------------------------------------------------------------------------------
{
  "rank": 6,
  "cost": 425.20784148959757,
  "duration": 2.890290833078325,
  "price_cost": 8753.087174272556,
  "energy_cost": 425.20784148959757,
  "objective_name": "energy",
  "feasible": true,
  "latencies": {
    "ml-image-processing": 0.21956683065489693,
    "ml-object-detection": 0.23799962226806556
  },
  "resource_config": [
    {
      "cpu_m": 430,
      "memory_mi": 52
    },
    {
      "cpu_m": 4170,
      "memory_mi": 418
    }
  ]
}
--------------------------------------------------------------------------------
{
  "rank": 7,
  "cost": 431.76394656437026,
  "duration": 2.9102652543224394,
  "price_cost": 8025.743628996746,
  "energy_cost": 431.76394656437026,
  "objective_name": "energy",
  "feasible": true,
  "latencies": {
    "ml-image-processing": 0.21950909932769957,
    "ml-object-detection": 0.19612439572963802
  },
  "resource_config": [
    {
      "cpu_m": 450,
      "memory_mi": 70
    },
    {
      "cpu_m": 4619,
      "memory_mi": 446
    }
  ]
}
--------------------------------------------------------------------------------
{
  "rank": 8,
  "cost": 441.7639092602914,
  "duration": 2.000410294160247,
  "price_cost": 8528.706003148985,
  "energy_cost": 441.7639092602914,
  "objective_name": "energy",
  "feasible": true,
  "latencies": {
    "ml-image-processing": 0.16554759952294476,
    "ml-object-detection": 0.2043149243999163
  },
  "resource_config": [
    {
      "cpu_m": 461,
      "memory_mi": 51
    },
    {
      "cpu_m": 4764,
      "memory_mi": 417
    }
  ]
}
--------------------------------------------------------------------------------
{
  "rank": 9,
  "cost": 442.38304659567154,
  "duration": 1.8524002670310438,
  "price_cost": 8671.691559108438,
  "energy_cost": 442.38304659567154,
  "objective_name": "energy",
  "feasible": true,
  "latencies": {
    "ml-image-processing": 0.18670860857774432,
    "ml-object-detection": 0.21568422677138677
  },
  "resource_config": [
    {
      "cpu_m": 471,
      "memory_mi": 58
    },
    {
      "cpu_m": 4566,
      "memory_mi": 481
    }
  ]
}
--------------------------------------------------------------------------------
{
  "rank": 10,
  "cost": 452.4725899046067,
  "duration": 1.5970747009851038,
  "price_cost": 8955.947005929107,
  "energy_cost": 452.4725899046067,
  "objective_name": "energy",
  "feasible": true,
  "latencies": {
    "ml-image-processing": 0.16158714119706358,
    "ml-object-detection": 0.2233628599431866
  },
  "resource_config": [
    {
      "cpu_m": 538,
      "memory_mi": 58
    },
    {
      "cpu_m": 4558,
      "memory_mi": 505
    }
  ]
}
--------------------------------------------------------------------------------
{
  "rank": 11,
  "cost": 462.5916424270833,
  "duration": 1.1639980268664658,
  "price_cost": 8528.258725547556,
  "energy_cost": 462.5916424270833,
  "objective_name": "energy",
  "feasible": true,
  "latencies": {
    "ml-image-processing": 0.12160637931948579,
    "ml-object-detection": 0.1754643111741422
  },
  "resource_config": [
    {
      "cpu_m": 679,
      "memory_mi": 54
    },
    {
      "cpu_m": 5541,
      "memory_mi": 400
    }
  ]
}
--------------------------------------------------------------------------------
{
  "rank": 12,
  "cost": 465.10461819600306,
  "duration": 1.2084549278952181,
  "price_cost": 9064.078199765883,
  "energy_cost": 465.10461819600306,
  "objective_name": "energy",
  "feasible": true,
  "latencies": {
    "ml-image-processing": 0.12707803176866994,
    "ml-object-detection": 0.19511121050202967
  },
  "resource_config": [
    {
      "cpu_m": 678,
      "memory_mi": 61
    },
    {
      "cpu_m": 5291,
      "memory_mi": 493
    }
  ]
}
--------------------------------------------------------------------------------
{
  "rank": 13,
  "cost": 465.5602310902988,
  "duration": 1.384148424025625,
  "price_cost": 9067.049638484099,
  "energy_cost": 465.5602310902988,
  "objective_name": "energy",
  "feasible": true,
  "latencies": {
    "ml-image-processing": 0.12718151518169585,
    "ml-object-detection": 0.18314546657105288
  },
  "resource_config": [
    {
      "cpu_m": 678,
      "memory_mi": 62
    },
    {
      "cpu_m": 5646,
      "memory_mi": 419
    }
  ]
}
--------------------------------------------------------------------------------
{
  "rank": 14,
  "cost": 470.3377190978091,
  "duration": 1.0387720922008157,
  "price_cost": 9322.66425727009,
  "energy_cost": 470.3377190978091,
  "objective_name": "energy",
  "feasible": true,
  "latencies": {
    "ml-image-processing": 0.11701424202996574,
    "ml-object-detection": 0.17677423212524146
  },
  "resource_config": [
    {
      "cpu_m": 800,
      "memory_mi": 70
    },
    {
      "cpu_m": 6000,
      "memory_mi": 512
    }
  ]
}
--------------------------------------------------------------------------------
BO loop time: 3791.53 seconds
Best cost: 394.7963706245306
Best resource configuration: [{'cpu_m': 325, 'memory_mi': 56}, {'cpu_m': 5008, 'memory_mi': 512}]
