================================================================================
objective      : energy
resource_config: [{'cpu_m': 778, 'memory_mi': 51}, {'cpu_m': 2546, 'memory_mi': 425}], price_cost: 10043.041212, energy_cost: 354.766657, latency_p99 : 9.000000
wall_time_s    : 77.806
================================================================================
================================================================================
objective      : energy
resource_config: [{'cpu_m': 749, 'memory_mi': 60}, {'cpu_m': 5862, 'memory_mi': 455}], price_cost: 8969.839840, energy_cost: 464.902232, latency_p99 : 1.110257
wall_time_s    : 90.963
================================================================================
================================================================================
objective      : energy
resource_config: [{'cpu_m': 394, 'memory_mi': 66}, {'cpu_m': 4329, 'memory_mi': 415}], price_cost: 8775.718910, energy_cost: 419.805283, latency_p99 : 3.198891
wall_time_s    : 89.293
================================================================================
================================================================================
objective      : energy
resource_config: [{'cpu_m': 323, 'memory_mi': 59}, {'cpu_m': 5801, 'memory_mi': 510}], price_cost: 7542.246925, energy_cost: 398.854627, latency_p99 : 2.730948
wall_time_s    : 90.267
================================================================================
================================================================================
objective      : energy
resource_config: [{'cpu_m': 698, 'memory_mi': 67}, {'cpu_m': 3394, 'memory_mi': 433}], price_cost: 8970.948537, energy_cost: 411.096919, latency_p99 : 9.000000
wall_time_s    : 91.032
================================================================================
================================================================================
objective      : energy
resource_config: [{'cpu_m': 429, 'memory_mi': 60}, {'cpu_m': 4830, 'memory_mi': 428}], price_cost: 8280.776755, energy_cost: 428.373523, latency_p99 : 2.027520
wall_time_s    : 89.578
================================================================================
================================================================================
objective      : energy
resource_config: [{'cpu_m': 341, 'memory_mi': 60}, {'cpu_m': 2591, 'memory_mi': 482}], price_cost: 10123.803563, energy_cost: 357.595093, latency_p99 : 9.000000
wall_time_s    : 93.828
================================================================================
================================================================================
objective      : energy
resource_config: [{'cpu_m': 707, 'memory_mi': 69}, {'cpu_m': 4723, 'memory_mi': 477}], price_cost: 9290.469721, energy_cost: 463.321126, latency_p99 : 2.630418
wall_time_s    : 88.375
================================================================================
================================================================================
objective      : energy
resource_config: [{'cpu_m': 321, 'memory_mi': 52}, {'cpu_m': 2214, 'memory_mi': 410}], price_cost: 9830.925387, energy_cost: 344.573069, latency_p99 : 9.000000
wall_time_s    : 89.654
================================================================================
================================================================================
objective      : energy
resource_config: [{'cpu_m': 436, 'memory_mi': 58}, {'cpu_m': 3199, 'memory_mi': 431}], price_cost: 8980.424172, energy_cost: 390.718455, latency_p99 : 9.000000
wall_time_s    : 96.263
================================================================================
Starting fresh (no checkpoint at bo_model_energy_20260105_023727.pt).
  initial_points = 10
  running_batches = 10
  initial_best_feasible_cost = 398.85462656554193
  initial_best_constraint = -0.269
  initial_best_resource_config = [{'cpu_m': 323, 'memory_mi': 59}, {'cpu_m': 5801, 'memory_mi': 510}]
  time_taken_for_init = 908.44 seconds
================================================================================
================================================================================
objective      : energy
resource_config: [{'cpu_m': 300, 'memory_mi': 70}, {'cpu_m': 6000, 'memory_mi': 400}], price_cost: 7438.821604, energy_cost: 383.254132, latency_p99 : 3.811782
wall_time_s    : 88.467
================================================================================
================================================================================
objective      : energy
resource_config: [{'cpu_m': 800, 'memory_mi': 50}, {'cpu_m': 1500, 'memory_mi': 512}], price_cost: 11381.510013, energy_cost: 304.380102, latency_p99 : 9.000000
wall_time_s    : 90.734
================================================================================
================================================================================
objective      : energy
resource_config: [{'cpu_m': 300, 'memory_mi': 50}, {'cpu_m': 6000, 'memory_mi': 512}], price_cost: 7771.230129, energy_cost: 383.346105, latency_p99 : 3.207132
wall_time_s    : 90.433
================================================================================

Batch  1: best_feasible_cost (random, qNEI) = (398.85462656554193, 398.85462656554193), best_constraint =  -0.269 (<=0 feasible), time = 276.69.
Best feasible resource configuration: [{'cpu_m': 323, 'memory_mi': 59}, {'cpu_m': 5801, 'memory_mi': 510}]

================================================================================
================================================================================
objective      : energy
resource_config: [{'cpu_m': 317, 'memory_mi': 62}, {'cpu_m': 5873, 'memory_mi': 512}], price_cost: 7393.130974, energy_cost: 396.005991, latency_p99 : 3.053594
wall_time_s    : 91.244
================================================================================
================================================================================
objective      : energy
resource_config: [{'cpu_m': 729, 'memory_mi': 50}, {'cpu_m': 5450, 'memory_mi': 447}], price_cost: 9126.502979, energy_cost: 468.480774, latency_p99 : 1.153672
wall_time_s    : 89.514
================================================================================
================================================================================
objective      : energy
resource_config: [{'cpu_m': 300, 'memory_mi': 50}, {'cpu_m': 5534, 'memory_mi': 400}], price_cost: 7267.454731, energy_cost: 379.504316, latency_p99 : 4.789133
wall_time_s    : 91.894
================================================================================

Batch  2: best_feasible_cost (random, qNEI) = (398.85462656554193, 398.85462656554193), best_constraint =  -0.269 (<=0 feasible), time = 282.17.
Best feasible resource configuration: [{'cpu_m': 323, 'memory_mi': 59}, {'cpu_m': 5801, 'memory_mi': 510}]

================================================================================
================================================================================
objective      : energy
resource_config: [{'cpu_m': 300, 'memory_mi': 50}, {'cpu_m': 4469, 'memory_mi': 411}], price_cost: 7655.955093, energy_cost: 388.723398, latency_p99 : 4.101501
wall_time_s    : 89.470
================================================================================
================================================================================
objective      : energy
resource_config: [{'cpu_m': 515, 'memory_mi': 64}, {'cpu_m': 3087, 'memory_mi': 472}], price_cost: 9200.805609, energy_cost: 381.965118, latency_p99 : 9.000000
wall_time_s    : 92.402
================================================================================
================================================================================
objective      : energy
resource_config: [{'cpu_m': 330, 'memory_mi': 50}, {'cpu_m': 6000, 'memory_mi': 512}], price_cost: 7237.250672, energy_cost: 406.267950, latency_p99 : 2.387327
wall_time_s    : 92.127
================================================================================

Batch  3: best_feasible_cost (random, qNEI) = (398.85462656554193, 398.85462656554193), best_constraint =  -0.269 (<=0 feasible), time = 283.61.
Best feasible resource configuration: [{'cpu_m': 323, 'memory_mi': 59}, {'cpu_m': 5801, 'memory_mi': 510}]

================================================================================
================================================================================
objective      : energy
resource_config: [{'cpu_m': 300, 'memory_mi': 69}, {'cpu_m': 6000, 'memory_mi': 489}], price_cost: 7649.850975, energy_cost: 387.101649, latency_p99 : 3.443246
wall_time_s    : 93.148
================================================================================
================================================================================
objective      : energy
resource_config: [{'cpu_m': 300, 'memory_mi': 50}, {'cpu_m': 1500, 'memory_mi': 476}], price_cost: 10830.600051, energy_cost: 299.061203, latency_p99 : 9.000000
wall_time_s    : 101.884
================================================================================
================================================================================
objective      : energy
resource_config: [{'cpu_m': 780, 'memory_mi': 57}, {'cpu_m': 2248, 'memory_mi': 498}], price_cost: 10136.557651, energy_cost: 350.727377, latency_p99 : 9.000000
wall_time_s    : 92.498
================================================================================

Batch  4: best_feasible_cost (random, qNEI) = (398.85462656554193, 398.85462656554193), best_constraint =  -0.269 (<=0 feasible), time = 298.04.
Best feasible resource configuration: [{'cpu_m': 323, 'memory_mi': 59}, {'cpu_m': 5801, 'memory_mi': 510}]

================================================================================
================================================================================
objective      : energy
resource_config: [{'cpu_m': 310, 'memory_mi': 50}, {'cpu_m': 5986, 'memory_mi': 512}], price_cost: 7358.848855, energy_cost: 389.322672, latency_p99 : 2.910091
wall_time_s    : 90.331
================================================================================
================================================================================
objective      : energy
resource_config: [{'cpu_m': 444, 'memory_mi': 56}, {'cpu_m': 2388, 'memory_mi': 419}], price_cost: 9516.606786, energy_cost: 349.343315, latency_p99 : 9.000000
wall_time_s    : 92.578
================================================================================
================================================================================
objective      : energy
resource_config: [{'cpu_m': 300, 'memory_mi': 61}, {'cpu_m': 4419, 'memory_mi': 512}], price_cost: 7288.826821, energy_cost: 381.197418, latency_p99 : 4.712952
wall_time_s    : 92.550
================================================================================

Batch  5: best_feasible_cost (random, qNEI) = (398.85462656554193, 389.32267231252797), best_constraint =  -0.090 (<=0 feasible), time = 290.75.
Best feasible resource configuration: [{'cpu_m': 310, 'memory_mi': 50}, {'cpu_m': 5986, 'memory_mi': 512}]

================================================================================
================================================================================
objective      : energy
resource_config: [{'cpu_m': 337, 'memory_mi': 50}, {'cpu_m': 5025, 'memory_mi': 512}], price_cost: 6917.107152, energy_cost: 399.446372, latency_p99 : 3.701149
wall_time_s    : 91.036
================================================================================
================================================================================
objective      : energy
resource_config: [{'cpu_m': 695, 'memory_mi': 57}, {'cpu_m': 4933, 'memory_mi': 448}], price_cost: 9109.700683, energy_cost: 466.969530, latency_p99 : 1.616557
wall_time_s    : 90.971
================================================================================
================================================================================
objective      : energy
resource_config: [{'cpu_m': 303, 'memory_mi': 69}, {'cpu_m': 3920, 'memory_mi': 423}], price_cost: 7771.579499, energy_cost: 385.528439, latency_p99 : 3.705269
wall_time_s    : 90.161
================================================================================

Batch  6: best_feasible_cost (random, qNEI) = (398.85462656554193, 389.32267231252797), best_constraint =  -0.090 (<=0 feasible), time = 276.80.
Best feasible resource configuration: [{'cpu_m': 310, 'memory_mi': 50}, {'cpu_m': 5986, 'memory_mi': 512}]

================================================================================
================================================================================
objective      : energy
resource_config: [{'cpu_m': 501, 'memory_mi': 55}, {'cpu_m': 3059, 'memory_mi': 493}], price_cost: 8953.254971, energy_cost: 392.090150, latency_p99 : 9.000000
wall_time_s    : 91.367
================================================================================
================================================================================
objective      : energy
resource_config: [{'cpu_m': 766, 'memory_mi': 54}, {'cpu_m': 2253, 'memory_mi': 502}], price_cost: 9832.633459, energy_cost: 346.654562, latency_p99 : 9.000000
wall_time_s    : 91.445
================================================================================
================================================================================
objective      : energy
resource_config: [{'cpu_m': 546, 'memory_mi': 50}, {'cpu_m': 1500, 'memory_mi': 512}], price_cost: 11375.236930, energy_cost: 303.183018, latency_p99 : 9.000000
wall_time_s    : 99.079
================================================================================

Batch  7: best_feasible_cost (random, qNEI) = (398.85462656554193, 389.32267231252797), best_constraint =  -0.090 (<=0 feasible), time = 290.43.
Best feasible resource configuration: [{'cpu_m': 310, 'memory_mi': 50}, {'cpu_m': 5986, 'memory_mi': 512}]

================================================================================
================================================================================
objective      : energy
resource_config: [{'cpu_m': 339, 'memory_mi': 50}, {'cpu_m': 5399, 'memory_mi': 455}], price_cost: 7225.056154, energy_cost: 402.344876, latency_p99 : 2.524783
wall_time_s    : 90.372
================================================================================
================================================================================
objective      : energy
resource_config: [{'cpu_m': 311, 'memory_mi': 50}, {'cpu_m': 6000, 'memory_mi': 466}], price_cost: 7894.137729, energy_cost: 392.976095, latency_p99 : 3.729995
wall_time_s    : 91.871
================================================================================
================================================================================
objective      : energy
resource_config: [{'cpu_m': 483, 'memory_mi': 67}, {'cpu_m': 3620, 'memory_mi': 416}], price_cost: 8880.700529, energy_cost: 422.505664, latency_p99 : 9.000000
wall_time_s    : 90.644
================================================================================

Batch  8: best_feasible_cost (random, qNEI) = (398.85462656554193, 389.32267231252797), best_constraint =  -0.090 (<=0 feasible), time = 277.85.
Best feasible resource configuration: [{'cpu_m': 310, 'memory_mi': 50}, {'cpu_m': 5986, 'memory_mi': 512}]

================================================================================
================================================================================
objective      : energy
resource_config: [{'cpu_m': 320, 'memory_mi': 70}, {'cpu_m': 6000, 'memory_mi': 401}], price_cost: 7480.403862, energy_cost: 398.253455, latency_p99 : 2.874224
wall_time_s    : 89.590
================================================================================
================================================================================
objective      : energy
resource_config: [{'cpu_m': 580, 'memory_mi': 54}, {'cpu_m': 2784, 'memory_mi': 463}], price_cost: 9781.663285, energy_cost: 376.093362, latency_p99 : 9.000000
wall_time_s    : 94.269
================================================================================
================================================================================
objective      : energy
resource_config: [{'cpu_m': 300, 'memory_mi': 70}, {'cpu_m': 4141, 'memory_mi': 400}], price_cost: 7151.864603, energy_cost: 384.826845, latency_p99 : 3.749077
wall_time_s    : 92.107
================================================================================

Batch  9: best_feasible_cost (random, qNEI) = (398.85462656554193, 389.32267231252797), best_constraint =  -0.090 (<=0 feasible), time = 283.78.
Best feasible resource configuration: [{'cpu_m': 310, 'memory_mi': 50}, {'cpu_m': 5986, 'memory_mi': 512}]

================================================================================
================================================================================
objective      : energy
resource_config: [{'cpu_m': 312, 'memory_mi': 56}, {'cpu_m': 6000, 'memory_mi': 512}], price_cost: 7756.139833, energy_cost: 396.142845, latency_p99 : 3.406049
wall_time_s    : 89.615
================================================================================
================================================================================
objective      : energy
resource_config: [{'cpu_m': 321, 'memory_mi': 50}, {'cpu_m': 6000, 'memory_mi': 400}], price_cost: 7796.278593, energy_cost: 398.467997, latency_p99 : 3.032764
wall_time_s    : 90.256
================================================================================
================================================================================
objective      : energy
resource_config: [{'cpu_m': 737, 'memory_mi': 63}, {'cpu_m': 3426, 'memory_mi': 408}], price_cost: 9552.821895, energy_cost: 411.339035, latency_p99 : 9.000000
wall_time_s    : 96.372
================================================================================

Batch 10: best_feasible_cost (random, qNEI) = (398.85462656554193, 389.32267231252797), best_constraint =  -0.090 (<=0 feasible), time = 284.32.
Best feasible resource configuration: [{'cpu_m': 310, 'memory_mi': 50}, {'cpu_m': 5986, 'memory_mi': 512}]

================================================================================

================================================================================
FINAL SORTED SAMPLES (LOWEST COST FIRST)
================================================================================

--------------------------------------------------------------------------------
[RANK 01]  cost=389.322672  feasible=yes  constraint=-0.090  iteration=5
resource_config:
  stage[0]: cpu=310m, memory=50Mi
  stage[1]: cpu=5986m, memory=512Mi
--------------------------------------------------------------------------------
--------------------------------------------------------------------------------
[RANK 02]  cost=398.253455  feasible=yes  constraint=-0.126  iteration=9
resource_config:
  stage[0]: cpu=320m, memory=70Mi
  stage[1]: cpu=6000m, memory=401Mi
--------------------------------------------------------------------------------
--------------------------------------------------------------------------------
[RANK 03]  cost=398.854627  feasible=yes  constraint=-0.269  iteration=0
resource_config:
  stage[0]: cpu=323m, memory=59Mi
  stage[1]: cpu=5801m, memory=510Mi
--------------------------------------------------------------------------------
--------------------------------------------------------------------------------
[RANK 04]  cost=402.344876  feasible=yes  constraint=-0.475  iteration=8
resource_config:
  stage[0]: cpu=339m, memory=50Mi
  stage[1]: cpu=5399m, memory=455Mi
--------------------------------------------------------------------------------
--------------------------------------------------------------------------------
[RANK 05]  cost=406.267950  feasible=yes  constraint=-0.613  iteration=3
resource_config:
  stage[0]: cpu=330m, memory=50Mi
  stage[1]: cpu=6000m, memory=512Mi
--------------------------------------------------------------------------------
--------------------------------------------------------------------------------
[RANK 06]  cost=428.373523  feasible=yes  constraint=-0.972  iteration=0
resource_config:
  stage[0]: cpu=429m, memory=60Mi
  stage[1]: cpu=4830m, memory=428Mi
--------------------------------------------------------------------------------
--------------------------------------------------------------------------------
[RANK 07]  cost=463.321126  feasible=yes  constraint=-0.370  iteration=0
resource_config:
  stage[0]: cpu=707m, memory=69Mi
  stage[1]: cpu=4723m, memory=477Mi
--------------------------------------------------------------------------------
--------------------------------------------------------------------------------
[RANK 08]  cost=464.902232  feasible=yes  constraint=-1.890  iteration=0
resource_config:
  stage[0]: cpu=749m, memory=60Mi
  stage[1]: cpu=5862m, memory=455Mi
--------------------------------------------------------------------------------
--------------------------------------------------------------------------------
[RANK 09]  cost=466.969530  feasible=yes  constraint=-1.383  iteration=6
resource_config:
  stage[0]: cpu=695m, memory=57Mi
  stage[1]: cpu=4933m, memory=448Mi
--------------------------------------------------------------------------------
--------------------------------------------------------------------------------
[RANK 10]  cost=468.480774  feasible=yes  constraint=-1.846  iteration=2
resource_config:
  stage[0]: cpu=729m, memory=50Mi
  stage[1]: cpu=5450m, memory=447Mi
--------------------------------------------------------------------------------

BO loop time: 3752.94 seconds
Best cost: 389.32267231252797
Best resource configuration: [{'cpu_m': 310, 'memory_mi': 50}, {'cpu_m': 5986, 'memory_mi': 512}]
