
========================================
Energy
drwxrwxr-x 2 cc cc  4096 Jan  4 19:01 __pycache__
-rw-rw-r-- 1 cc cc 16529 Jan  4 00:57 bayesian_optimization.py
-rw-rw-r-- 1 cc cc 10651 Jan  4 06:02 bo_utils.py
-rw-rw-r-- 1 cc cc  4278 Jan  4 19:01 manager.py
-rw-rw-r-- 1 cc cc  9045 Dec 16 05:41 original-bayesian_optimization.py
-rw-rw-r-- 1 cc cc  2423 Jan  3 19:23 pods_mapping.py

IS_ENERGY: True
No checkpoint found, starting fresh BO run.
Updating function ml-image-processing to cpu: 580m, memory: 57Mi
Updating Deployment resource configuration...

Updating function ml-object-detection to cpu: 5371m, memory: 450Mi
Updating Deployment resource configuration...

[info] Original replicas=17, selector='environmentName=ml-image-processing,environmentNamespace=default,environmentUid=8dcaa936-04ed-49cf-8ddf-36cdc234cbfd,executorType=newdeploy,functionName=ml-image-processing,functionNamespace=default,functionUid=d8529cac-3c02-4647-a616-8254b24ce685'
[info] Original replicas=49, selector='environmentName=yolo,environmentNamespace=default,environmentUid=4b5fef2f-7951-477c-a9c0-ef0af047a425,executorType=newdeploy,functionName=ml-object-detection,functionNamespace=default,functionUid=dc6d8a52-8de2-4fbb-beef-7bcaa92aa890'
[ok] Patched Deployment resources
[ok] Patched Deployment resources
[ok] Verified Deployment template resources: requests={'cpu': '1500m', 'memory': '400Mi'} limits={'cpu': '5371m', 'memory': '450Mi'}
[info] Scaling deployment to 0 replicas to force full pod replacement
[ok] Verified Deployment template resources: requests={'cpu': '300m', 'memory': '50Mi'} limits={'cpu': '580m', 'memory': '57Mi'}
[info] Scaling deployment to 0 replicas to force full pod replacement
[ok] All pods terminated (replicas=0)
[info] Scaling deployment back to 17 replicas
[ok] All pods terminated (replicas=0)
[info] Scaling deployment back to 49 replicas
========================================
Default
drwxrwxr-x 2 cc cc  4096 Jan  4 19:01 __pycache__
-rw-rw-r-- 1 cc cc 16529 Jan  4 00:57 bayesian_optimization.py
-rw-rw-r-- 1 cc cc 10651 Jan  4 06:02 bo_utils.py
-rw-rw-r-- 1 cc cc  4278 Jan  4 19:01 manager.py
-rw-rw-r-- 1 cc cc  9045 Dec 16 05:41 original-bayesian_optimization.py
-rw-rw-r-- 1 cc cc  2423 Jan  3 19:23 pods_mapping.py

IS_ENERGY: False
No checkpoint found, starting fresh BO run.
Updating function ml-image-processing to cpu: 612m, memory: 61Mi
Updating Deployment resource configuration...

Updating function ml-object-detection to cpu: 2988m, memory: 451Mi
Updating Deployment resource configuration...

[info] Original replicas=17, selector='environmentName=ml-image-processing,environmentNamespace=default,environmentUid=8dcaa936-04ed-49cf-8ddf-36cdc234cbfd,executorType=newdeploy,functionName=ml-image-processing,functionNamespace=default,functionUid=d8529cac-3c02-4647-a616-8254b24ce685'
[info] Original replicas=49, selector='environmentName=yolo,environmentNamespace=default,environmentUid=4b5fef2f-7951-477c-a9c0-ef0af047a425,executorType=newdeploy,functionName=ml-object-detection,functionNamespace=default,functionUid=dc6d8a52-8de2-4fbb-beef-7bcaa92aa890'
[ok] Patched Deployment resources
[ok] Patched Deployment resources
[ok] Verified Deployment template resources: requests={'cpu': '1500m', 'memory': '400Mi'} limits={'cpu': '2988m', 'memory': '451Mi'}
[info] Scaling deployment to 0 replicas to force full pod replacement
[ok] Verified Deployment template resources: requests={'cpu': '300m', 'memory': '50Mi'} limits={'cpu': '612m', 'memory': '61Mi'}
[info] Scaling deployment to 0 replicas to force full pod replacement
[ok] All pods terminated (replicas=0)
[info] Scaling deployment back to 17 replicas
[ok] All pods terminated (replicas=0)
[info] Scaling deployment back to 49 replicas
[ok] Rollout completed after scale-to-zero
[verify] newest RS=newdeploy-ml-image-processing-default-a616-8254b24ce685-84575b5cd7 pods=17 ready=17
[ok] Verified newest ReplicaSet template resources match expected
